../Core/Src/main.c:105:6:PIDController_init	24	static
../Core/Src/main.c:114:8:Controller_update	80	static
../Core/Src/main.c:186:10:calculateCRC	24	static
../Core/Src/main.c:199:6:CDC_Transmit_String	16	static
../Core/Src/main.c:215:6:CDC_ReceiveCallback	24	static
../Core/Src/main.c:233:6:initialize_device	24	static
../Core/Src/main.c:240:6:write_command	16	static
../Core/Src/main.c:244:6:write_multiple_command	32	static
../Core/Src/main.c:251:6:read_command	160	static
../Core/Src/main.c:271:10:update_velocity	56	static
../Core/Src/main.c:305:6:user_pwm_setvalue_mosfet4	80	static
../Core/Src/main.c:368:6:user_pwm_setvalue_mosfet3	80	static
../Core/Src/main.c:429:6:user_pwm_setvalue_mosfet1	80	static
../Core/Src/main.c:490:6:user_pwm_setvalue_mosfet2	80	static
../Core/Src/main.c:558:5:main	72	static
../Core/Src/main.c:633:6:SystemClock_Config	120	static
../Core/Src/main.c:686:13:MX_I2C2_Init	8	static
../Core/Src/main.c:720:13:MX_TIM2_Init	48	static
../Core/Src/main.c:781:13:MX_TIM3_Init	48	static
../Core/Src/main.c:834:13:MX_TIM4_Init	48	static
../Core/Src/main.c:895:13:MX_USART1_UART_Init	8	static
../Core/Src/main.c:928:13:MX_GPIO_Init	40	static
../Core/Src/main.c:991:6:Error_Handler	4	static,ignoring_inline_asm
