Archive member included to satisfy reference by file (symbol)

/opt/st/stm32cubeide_1.16.0/plugins/com.st.stm32cube.ide.mcu.externaltools.gnu-tools-for-stm32.12.3.rel1.linux64_1.0.200.202406132123/tools/bin/../lib/gcc/arm-none-eabi/12.3.1/../../../../arm-none-eabi/lib/thumb/v7-m/nofp/libc_nano.a(libc_a-exit.o)
                              /opt/st/stm32cubeide_1.16.0/plugins/com.st.stm32cube.ide.mcu.externaltools.gnu-tools-for-stm32.12.3.rel1.linux64_1.0.200.202406132123/tools/bin/../lib/gcc/arm-none-eabi/12.3.1/../../../../arm-none-eabi/lib/thumb/v7-m/nofp/crt0.o (exit)
/opt/st/stm32cubeide_1.16.0/plugins/com.st.stm32cube.ide.mcu.externaltools.gnu-tools-for-stm32.12.3.rel1.linux64_1.0.200.202406132123/tools/bin/../lib/gcc/arm-none-eabi/12.3.1/../../../../arm-none-eabi/lib/thumb/v7-m/nofp/libc_nano.a(libc_a-findfp.o)
                              /opt/st/stm32cubeide_1.16.0/plugins/com.st.stm32cube.ide.mcu.externaltools.gnu-tools-for-stm32.12.3.rel1.linux64_1.0.200.202406132123/tools/bin/../lib/gcc/arm-none-eabi/12.3.1/../../../../arm-none-eabi/lib/thumb/v7-m/nofp/libc_nano.a(libc_a-exit.o) (__stdio_exit_handler)
/opt/st/stm32cubeide_1.16.0/plugins/com.st.stm32cube.ide.mcu.externaltools.gnu-tools-for-stm32.12.3.rel1.linux64_1.0.200.202406132123/tools/bin/../lib/gcc/arm-none-eabi/12.3.1/../../../../arm-none-eabi/lib/thumb/v7-m/nofp/libc_nano.a(libc_a-fwalk.o)
                              /opt/st/stm32cubeide_1.16.0/plugins/com.st.stm32cube.ide.mcu.externaltools.gnu-tools-for-stm32.12.3.rel1.linux64_1.0.200.202406132123/tools/bin/../lib/gcc/arm-none-eabi/12.3.1/../../../../arm-none-eabi/lib/thumb/v7-m/nofp/libc_nano.a(libc_a-findfp.o) (_fwalk_sglue)
/opt/st/stm32cubeide_1.16.0/plugins/com.st.stm32cube.ide.mcu.externaltools.gnu-tools-for-stm32.12.3.rel1.linux64_1.0.200.202406132123/tools/bin/../lib/gcc/arm-none-eabi/12.3.1/../../../../arm-none-eabi/lib/thumb/v7-m/nofp/libc_nano.a(libc_a-stdio.o)
                              /opt/st/stm32cubeide_1.16.0/plugins/com.st.stm32cube.ide.mcu.externaltools.gnu-tools-for-stm32.12.3.rel1.linux64_1.0.200.202406132123/tools/bin/../lib/gcc/arm-none-eabi/12.3.1/../../../../arm-none-eabi/lib/thumb/v7-m/nofp/libc_nano.a(libc_a-findfp.o) (__sread)
/opt/st/stm32cubeide_1.16.0/plugins/com.st.stm32cube.ide.mcu.externaltools.gnu-tools-for-stm32.12.3.rel1.linux64_1.0.200.202406132123/tools/bin/../lib/gcc/arm-none-eabi/12.3.1/../../../../arm-none-eabi/lib/thumb/v7-m/nofp/libc_nano.a(libc_a-memset.o)
                              /opt/st/stm32cubeide_1.16.0/plugins/com.st.stm32cube.ide.mcu.externaltools.gnu-tools-for-stm32.12.3.rel1.linux64_1.0.200.202406132123/tools/bin/../lib/gcc/arm-none-eabi/12.3.1/../../../../arm-none-eabi/lib/thumb/v7-m/nofp/crt0.o (memset)
/opt/st/stm32cubeide_1.16.0/plugins/com.st.stm32cube.ide.mcu.externaltools.gnu-tools-for-stm32.12.3.rel1.linux64_1.0.200.202406132123/tools/bin/../lib/gcc/arm-none-eabi/12.3.1/../../../../arm-none-eabi/lib/thumb/v7-m/nofp/libc_nano.a(libc_a-closer.o)
                              /opt/st/stm32cubeide_1.16.0/plugins/com.st.stm32cube.ide.mcu.externaltools.gnu-tools-for-stm32.12.3.rel1.linux64_1.0.200.202406132123/tools/bin/../lib/gcc/arm-none-eabi/12.3.1/../../../../arm-none-eabi/lib/thumb/v7-m/nofp/libc_nano.a(libc_a-stdio.o) (_close_r)
/opt/st/stm32cubeide_1.16.0/plugins/com.st.stm32cube.ide.mcu.externaltools.gnu-tools-for-stm32.12.3.rel1.linux64_1.0.200.202406132123/tools/bin/../lib/gcc/arm-none-eabi/12.3.1/../../../../arm-none-eabi/lib/thumb/v7-m/nofp/libc_nano.a(libc_a-reent.o)
                              /opt/st/stm32cubeide_1.16.0/plugins/com.st.stm32cube.ide.mcu.externaltools.gnu-tools-for-stm32.12.3.rel1.linux64_1.0.200.202406132123/tools/bin/../lib/gcc/arm-none-eabi/12.3.1/../../../../arm-none-eabi/lib/thumb/v7-m/nofp/libc_nano.a(libc_a-closer.o) (errno)
/opt/st/stm32cubeide_1.16.0/plugins/com.st.stm32cube.ide.mcu.externaltools.gnu-tools-for-stm32.12.3.rel1.linux64_1.0.200.202406132123/tools/bin/../lib/gcc/arm-none-eabi/12.3.1/../../../../arm-none-eabi/lib/thumb/v7-m/nofp/libc_nano.a(libc_a-impure.o)
                              /opt/st/stm32cubeide_1.16.0/plugins/com.st.stm32cube.ide.mcu.externaltools.gnu-tools-for-stm32.12.3.rel1.linux64_1.0.200.202406132123/tools/bin/../lib/gcc/arm-none-eabi/12.3.1/../../../../arm-none-eabi/lib/thumb/v7-m/nofp/libc_nano.a(libc_a-reent.o) (_impure_ptr)
/opt/st/stm32cubeide_1.16.0/plugins/com.st.stm32cube.ide.mcu.externaltools.gnu-tools-for-stm32.12.3.rel1.linux64_1.0.200.202406132123/tools/bin/../lib/gcc/arm-none-eabi/12.3.1/../../../../arm-none-eabi/lib/thumb/v7-m/nofp/libc_nano.a(libc_a-lseekr.o)
                              /opt/st/stm32cubeide_1.16.0/plugins/com.st.stm32cube.ide.mcu.externaltools.gnu-tools-for-stm32.12.3.rel1.linux64_1.0.200.202406132123/tools/bin/../lib/gcc/arm-none-eabi/12.3.1/../../../../arm-none-eabi/lib/thumb/v7-m/nofp/libc_nano.a(libc_a-stdio.o) (_lseek_r)
[...]
Memory Configuration

Name             Origin             Length             Attributes
RAM              0x20000000         0x00010000         xrw
FLASH            0x08000000         0x00040000         xr
*default*        0x00000000         0xffffffff

Linker script and memory map

LOAD /opt/st/stm32cubeide_1.16.0/plugins/com.st.stm32cube.ide.mcu.externaltools.gnu-tools-for-stm32.12.3.rel1.linux64_1.0.200.202406132123/tools/bin/../lib/gcc/arm-none-eabi/12.3.1/thumb/v7-m/nofp/crti.o
LOAD /opt/st/stm32cubeide_1.16.0/plugins/com.st.stm32cube.ide.mcu.externaltools.gnu-tools-for-stm32.12.3.rel1.linux64_1.0.200.202406132123/tools/bin/../lib/gcc/arm-none-eabi/12.3.1/thumb/v7-m/nofp/crtbegin.o
LOAD /opt/st/stm32cubeide_1.16.0/plugins/com.st.stm32cube.ide.mcu.externaltools.gnu-tools-for-stm32.12.3.rel1.linux64_1.0.200.202406132123/tools/bin/../lib/gcc/arm-none-eabi/12.3.1/../../../../arm-none-eabi/lib/thumb/v7-m/nofp/crt0.o
LOAD ./Core/Src/main.o
LOAD ./Core/Src/stm32f1xx_hal_msp.o
LOAD ./Core/Src/stm32f1xx_it.o
LOAD ./Core/Src/syscalls.o
LOAD ./Core/Src/sysmem.o
LOAD ./Core/Src/system_stm32f1xx.o
LOAD ./Core/Startup/startup_stm32f105rctx.o
LOAD ./Drivers/STM32F1xx_HAL_Driver/Src/stm32f1xx_hal.o
LOAD ./Drivers/STM32F1xx_HAL_Driver/Src/stm32f1xx_hal_cortex.o
LOAD ./Drivers/STM32F1xx_HAL_Driver/Src/stm32f1xx_hal_dma.o
LOAD ./Drivers/STM32F1xx_HAL_Driver/Src/stm32f1xx_hal_exti.o
LOAD ./Drivers/STM32F1xx_HAL_Driver/Src/stm32f1xx_hal_flash.o
LOAD ./Drivers/STM32F1xx_HAL_Driver/Src/stm32f1xx_hal_flash_ex.o
LOAD ./Drivers/STM32F1xx_HAL_Driver/Src/stm32f1xx_hal_gpio.o
LOAD ./Drivers/STM32F1xx_HAL_Driver/Src/stm32f1xx_hal_gpio_ex.o
LOAD ./Drivers/STM32F1xx_HAL_Driver/Src/stm32f1xx_hal_i2c.o
LOAD ./Drivers/STM32F1xx_HAL_Driver/Src/stm32f1xx_hal_pcd.o
LOAD ./Drivers/STM32F1xx_HAL_Driver/Src/stm32f1xx_hal_pcd_ex.o
LOAD ./Drivers/STM32F1xx_HAL_Driver/Src/stm32f1xx_hal_pwr.o
LOAD ./Drivers/STM32F1xx_HAL_Driver/Src/stm32f1xx_hal_rcc.o
LOAD ./Drivers/STM32F1xx_HAL_Driver/Src/stm32f1xx_hal_rcc_ex.o
LOAD ./Drivers/STM32F1xx_HAL_Driver/Src/stm32f1xx_hal_tim.o
LOAD ./Drivers/STM32F1xx_HAL_Driver/Src/stm32f1xx_hal_tim_ex.o
LOAD ./Drivers/STM32F1xx_HAL_Driver/Src/stm32f1xx_hal_uart.o
LOAD ./Drivers/STM32F1xx_HAL_Driver/Src/stm32f1xx_ll_usb.o
LOAD ./Middlewares/ST/STM32_USB_Device_Library/Class/CDC/Src/usbd_cdc.o
LOAD ./Middlewares/ST/STM32_USB_Device_Library/Core/Src/usbd_core.o
LOAD ./Middlewares/ST/STM32_USB_Device_Library/Core/Src/usbd_ctlreq.o
LOAD ./Middlewares/ST/STM32_USB_Device_Library/Core/Src/usbd_ioreq.o
LOAD ./USB_DEVICE/App/usb_device.o
LOAD ./USB_DEVICE/App/usbd_cdc_if.o
LOAD ./USB_DEVICE/App/usbd_desc.o
LOAD ./USB_DEVICE/Target/usbd_conf.o
START GROUP
LOAD /opt/st/stm32cubeide_1.16.0/plugins/com.st.stm32cube.ide.mcu.externaltools.gnu-tools-for-stm32.12.3.rel1.linux64_1.0.200.202406132123/tools/bin/../lib/gcc/arm-none-eabi/12.3.1/../../../../arm-none-eabi/lib/thumb/v7-m/nofp/libc_nano.a
LOAD /opt/st/stm32cubeide_1.16.0/plugins/com.st.stm32cube.ide.mcu.externaltools.gnu-tools-for-stm32.12.3.rel1.linux64_1.0.200.202406132123/tools/bin/../lib/gcc/arm-none-eabi/12.3.1/../../../../arm-none-eabi/lib/thumb/v7-m/nofp/libm.a
END GROUP
START GROUP
LOAD /opt/st/stm32cubeide_1.16.0/plugins/com.st.stm32cube.ide.mcu.externaltools.gnu-tools-for-stm32.12.3.rel1.linux64_1.0.200.202406132123/tools/bin/../lib/gcc/arm-none-eabi/12.3.1/thumb/v7-m/nofp/libgcc.a
LOAD /opt/st/stm32cubeide_1.16.0/plugins/com.st.stm32cube.ide.mcu.externaltools.gnu-tools-for-stm32.12.3.rel1.linux64_1.0.200.202406132123/tools/bin/../lib/gcc/arm-none-eabi/12.3.1/../../../../arm-none-eabi/lib/thumb/v7-m/nofp/libc_nano.a
END GROUP
START GROUP
LOAD /opt/st/stm32cubeide_1.16.0/plugins/com.st.stm32cube.ide.mcu.externaltools.gnu-tools-for-stm32.12.3.rel1.linux64_1.0.200.202406132123/tools/bin/../lib/gcc/arm-none-eabi/12.3.1/thumb/v7-m/nofp/libgcc.a
LOAD /opt/st/stm32cubeide_1.16.0/plugins/com.st.stm32cube.ide.mcu.externaltools.gnu-tools-for-stm32.12.3.rel1.linux64_1.0.200.202406132123/tools/bin/../lib/gcc/arm-none-eabi/12.3.1/../../../../arm-none-eabi/lib/thumb/v7-m/nofp/libc_nano.a
LOAD /opt/st/stm32cubeide_1.16.0/plugins/com.st.stm32cube.ide.mcu.externaltools.gnu-tools-for-stm32.12.3.rel1.linux64_1.0.200.202406132123/tools/bin/../lib/gcc/arm-none-eabi/12.3.1/../../../../arm-none-eabi/lib/thumb/v7-m/nofp/libnosys.a
END GROUP
START GROUP
LOAD /opt/st/stm32cubeide_1.16.0/plugins/com.st.stm32cube.ide.mcu.externaltools.gnu-tools-for-stm32.12.3.rel1.linux64_1.0.200.202406132123/tools/bin/../lib/gcc/arm-none-eabi/12.3.1/thumb/v7-m/nofp/libgcc.a
LOAD /opt/st/stm32cubeide_1.16.0/plugins/com.st.stm32cube.ide.mcu.externaltools.gnu-tools-for-stm32.12.3.rel1.linux64_1.0.200.202406132123/tools/bin/../lib/gcc/arm-none-eabi/12.3.1/../../../../arm-none-eabi/lib/thumb/v7-m/nofp/libc_nano.a
LOAD /opt/st/stm32cubeide_1.16.0/plugins/com.st.stm32cube.ide.mcu.externaltools.gnu-tools-for-stm32.12.3.rel1.linux64_1.0.200.202406132123/tools/bin/../lib/gcc/arm-none-eabi/12.3.1/../../../../arm-none-eabi/lib/thumb/v7-m/nofp/libnosys.a
END GROUP
LOAD /opt/st/stm32cubeide_1.16.0/plugins/com.st.stm32cube.ide.mcu.externaltools.gnu-tools-for-stm32.12.3.rel1.linux64_1.0.200.202406132123/tools/bin/../lib/gcc/arm-none-eabi/12.3.1/thumb/v7-m/nofp/crtend.o
LOAD /opt/st/stm32cubeide_1.16.0/plugins/com.st.stm32cube.ide.mcu.externaltools.gnu-tools-for-stm32.12.3.rel1.linux64_1.0.200.202406132123/tools/bin/../lib/gcc/arm-none-eabi/12.3.1/thumb/v7-m/nofp/crtn.o
                0x20010000                        _estack = (ORIGIN (RAM) + LENGTH (RAM))
                0x00000200                        _Min_Heap_Size = 0x200
                0x00000400                        _Min_Stack_Size = 0x400

.isr_vector     0x08000000      0x1e4
                0x08000000                        . = ALIGN (0x4)
 *(.isr_vector)
 .isr_vector    0x08000000      0x1e4 ./Core/Startup/startup_stm32f105rctx.o
                0x08000000                g_pfnVectors
                0x080001e4                        . = ALIGN (0x4)

.text           0x080001e8     0x8134
                0x080001e8                        . = ALIGN (0x4)
 *(.text)
 .text          0x080001e8       0x40 /opt/st/stm32cubeide_1.16.0/plugins/com.st.stm32cube.ide.mcu.externaltools.gnu-tools-for-stm32.12.3.rel1.linux64_1.0.200.202406132123/tools/bin/../lib/gcc/arm-none-eabi/12.3.1/thumb/v7-m/nofp/crtbegin.o
 .text          0x08000228       0x30 /opt/st/stm32cubeide_1.16.0/plugins/com.st.stm32cube.ide.mcu.externaltools.gnu-tools-for-stm32.12.3.rel1.linux64_1.0.200.202406132123/tools/bin/../lib/gcc/arm-none-eabi/12.3.1/thumb/v7-m/nofp/libgcc.a(_aeabi_uldivmod.o)
                0x08000228                __aeabi_uldivmod
 .text          0x08000258      0x2b8 /opt/st/stm32cubeide_1.16.0/plugins/com.st.stm32cube.ide.mcu.externaltools.gnu-tools-for-stm32.12.3.rel1.linux64_1.0.200.202406132123/tools/bin/../lib/gcc/arm-none-eabi/12.3.1/thumb/v7-m/nofp/libgcc.a(_udivmoddi4.o)
                0x08000258                __udivmoddi4
 .text          0x08000510        0x4 /opt/st/stm32cubeide_1.16.0/plugins/com.st.stm32cube.ide.mcu.externaltools.gnu-tools-for-stm32.12.3.rel1.linux64_1.0.200.202406132123/tools/bin/../lib/gcc/arm-none-eabi/12.3.1/thumb/v7-m/nofp/libgcc.a(_dvmd_tls.o)
                0x08000510                __aeabi_ldiv0
                0x08000510                __aeabi_idiv0
 *(.text*)
 .text.PIDController_init
                0x08000514       0x50 ./Core/Src/main.o
                0x08000514                PIDController_init
 .text.calculateCRC
                0x08000564       0x54 ./Core/Src/main.o
                0x08000564                calculateCRC
 .text.CDC_ReceiveCallback
                0x080005b8      0x100 ./Core/Src/main.o
                0x080005b8                CDC_ReceiveCallback
 .text.initialize_device
                0x080006b8       0x40 ./Core/Src/main.o
                0x080006b8                initialize_device
 .text.write_command
                0x080006f8       0x3c ./Core/Src/main.o
                0x080006f8                write_command
 .text.write_multiple_command
                0x08000734       0x64 ./Core/Src/main.o
                0x08000734                write_multiple_command
 .text.read_command
                0x08000798      0x128 ./Core/Src/main.o
                0x08000798                read_command
 .text.user_pwm_setvalue_mosfet4
                0x080008c0      0x208 ./Core/Src/main.o
                0x080008c0                user_pwm_setvalue_mosfet4
 .text.user_pwm_setvalue_mosfet3
                0x08000ac8      0x208 ./Core/Src/main.o
                0x08000ac8                user_pwm_setvalue_mosfet3
 .text.user_pwm_setvalue_mosfet1
                0x08000cd0      0x1fc ./Core/Src/main.o
                0x08000cd0                user_pwm_setvalue_mosfet1
 .text.user_pwm_setvalue_mosfet2
                0x08000ecc      0x1fc ./Core/Src/main.o
                0x08000ecc                user_pwm_setvalue_mosfet2
 .text.main     0x080010c8      0x150 ./Core/Src/main.o
                0x080010c8                main
 .text.SystemClock_Config
                0x08001218       0xc8 ./Core/Src/main.o
                0x08001218                SystemClock_Config
 .text.MX_I2C2_Init
                0x080012e0       0x5c ./Core/Src/main.o
 .text.MX_TIM2_Init
                0x0800133c       0xf4 ./Core/Src/main.o
 .text.MX_TIM3_Init
                0x08001430       0xc8 ./Core/Src/main.o
 .text.MX_TIM4_Init
                0x080014f8       0xf4 ./Core/Src/main.o
 .text.MX_USART1_UART_Init
                0x080015ec       0x54 ./Core/Src/main.o
 .text.MX_GPIO_Init
                0x08001640      0x124 ./Core/Src/main.o
 .text.Error_Handler
                0x08001764        0xc ./Core/Src/main.o
                0x08001764                Error_Handler
 .text.HAL_MspInit
                0x08001770       0x64 ./Core/Src/stm32f1xx_hal_msp.o
                0x08001770                HAL_MspInit
 .text.HAL_I2C_MspInit
                0x080017d4       0x80 ./Core/Src/stm32f1xx_hal_msp.o
                0x080017d4                HAL_I2C_MspInit
 .text.HAL_TIM_PWM_MspInit
                0x08001854       0x88 ./Core/Src/stm32f1xx_hal_msp.o
                0x08001854                HAL_TIM_PWM_MspInit
 .text.HAL_TIM_MspPostInit
                0x080018dc       0xe8 ./Core/Src/stm32f1xx_hal_msp.o
                0x080018dc                HAL_TIM_MspPostInit
 .text.HAL_UART_MspInit
                0x080019c4       0x98 ./Core/Src/stm32f1xx_hal_msp.o
                0x080019c4                HAL_UART_MspInit
 .text.NMI_Handler
                0x08001a5c        0x8 ./Core/Src/stm32f1xx_it.o
                0x08001a5c                NMI_Handler
 .text.HardFault_Handler
                0x08001a64        0x8 ./Core/Src/stm32f1xx_it.o
                0x08001a64                HardFault_Handler
 .text.MemManage_Handler
                0x08001a6c        0x8 ./Core/Src/stm32f1xx_it.o
                0x08001a6c                MemManage_Handler
 .text.BusFault_Handler
                0x08001a74        0x8 ./Core/Src/stm32f1xx_it.o
                0x08001a74                BusFault_Handler
 .text.UsageFault_Handler
                0x08001a7c        0x8 ./Core/Src/stm32f1xx_it.o
                0x08001a7c                UsageFault_Handler
 .text.SVC_Handler
                0x08001a84        0xc ./Core/Src/stm32f1xx_it.o
                0x08001a84                SVC_Handler
 .text.DebugMon_Handler
                0x08001a90        0xc ./Core/Src/stm32f1xx_it.o
                0x08001a90                DebugMon_Handler
 .text.PendSV_Handler
                0x08001a9c        0xc ./Core/Src/stm32f1xx_it.o
                0x08001a9c                PendSV_Handler
 .text.SysTick_Handler
                0x08001aa8        0xc ./Core/Src/stm32f1xx_it.o
                0x08001aa8                SysTick_Handler
 .text.OTG_FS_IRQHandler
                0x08001ab4       0x14 ./Core/Src/stm32f1xx_it.o
                0x08001ab4                OTG_FS_IRQHandler
 .text.SystemInit
                0x08001ac8        0xc ./Core/Src/system_stm32f1xx.o
                0x08001ac8                SystemInit
 .text.Reset_Handler
                0x08001ad4       0x48 ./Core/Startup/startup_stm32f105rctx.o
                0x08001ad4                Reset_Handler
 .text.Default_Handler
                0x08001b1c        0x2 ./Core/Startup/startup_stm32f105rctx.o
                0x08001b1c                RTC_Alarm_IRQHandler
                0x08001b1c                EXTI2_IRQHandler
                0x08001b1c                TIM1_CC_IRQHandler
                0x08001b1c                TIM6_IRQHandler
                0x08001b1c                PVD_IRQHandler
                0x08001b1c                CAN2_RX1_IRQHandler
                0x08001b1c                EXTI3_IRQHandler
                0x08001b1c                EXTI0_IRQHandler
                0x08001b1c                I2C2_EV_IRQHandler
                0x08001b1c                CAN1_RX0_IRQHandler
                0x08001b1c                CAN2_SCE_IRQHandler
                0x08001b1c                ADC1_2_IRQHandler
                0x08001b1c                SPI1_IRQHandler
                0x08001b1c                TAMPER_IRQHandler
                0x08001b1c                CAN2_RX0_IRQHandler
                0x08001b1c                DMA2_Channel2_IRQHandler
                0x08001b1c                DMA1_Channel4_IRQHandler
                0x08001b1c                USART3_IRQHandler
                0x08001b1c                RTC_IRQHandler
                0x08001b1c                DMA1_Channel7_IRQHandler
                0x08001b1c                CAN1_RX1_IRQHandler
                0x08001b1c                UART5_IRQHandler
                0x08001b1c                TIM4_IRQHandler
                0x08001b1c                DMA2_Channel1_IRQHandler
                0x08001b1c                I2C1_EV_IRQHandler
                0x08001b1c                DMA1_Channel6_IRQHandler
                0x08001b1c                UART4_IRQHandler
                0x08001b1c                DMA2_Channel4_IRQHandler
                0x08001b1c                TIM3_IRQHandler
                0x08001b1c                RCC_IRQHandler
                0x08001b1c                TIM1_TRG_COM_IRQHandler
                0x08001b1c                DMA1_Channel1_IRQHandler
                0x08001b1c                Default_Handler
                0x08001b1c                EXTI15_10_IRQHandler
                0x08001b1c                TIM7_IRQHandler
                0x08001b1c                CAN2_TX_IRQHandler
                0x08001b1c                TIM5_IRQHandler
                0x08001b1c                EXTI9_5_IRQHandler
                0x08001b1c                SPI2_IRQHandler
                0x08001b1c                CAN1_TX_IRQHandler
                0x08001b1c                DMA2_Channel5_IRQHandler
                0x08001b1c                DMA1_Channel5_IRQHandler
                0x08001b1c                EXTI4_IRQHandler
                0x08001b1c                DMA1_Channel3_IRQHandler
                0x08001b1c                TIM1_UP_IRQHandler
                0x08001b1c                WWDG_IRQHandler
                0x08001b1c                TIM2_IRQHandler
                0x08001b1c                OTG_FS_WKUP_IRQHandler
                0x08001b1c                TIM1_BRK_IRQHandler
                0x08001b1c                EXTI1_IRQHandler
                0x08001b1c                USART2_IRQHandler
                0x08001b1c                I2C2_ER_IRQHandler
                0x08001b1c                DMA1_Channel2_IRQHandler
                0x08001b1c                CAN1_SCE_IRQHandler
                0x08001b1c                FLASH_IRQHandler
                0x08001b1c                USART1_IRQHandler
                0x08001b1c                SPI3_IRQHandler
                0x08001b1c                I2C1_ER_IRQHandler
                0x08001b1c                DMA2_Channel3_IRQHandler
 *fill*         0x08001b1e        0x2 
 .text.HAL_Init
                0x08001b20       0x2c ./Drivers/STM32F1xx_HAL_Driver/Src/stm32f1xx_hal.o
                0x08001b20                HAL_Init
 .text.HAL_InitTick
                0x08001b4c       0x60 ./Drivers/STM32F1xx_HAL_Driver/Src/stm32f1xx_hal.o
                0x08001b4c                HAL_InitTick
 .text.HAL_IncTick
                0x08001bac       0x24 ./Drivers/STM32F1xx_HAL_Driver/Src/stm32f1xx_hal.o
                0x08001bac                HAL_IncTick
 .text.HAL_GetTick
                0x08001bd0       0x14 ./Drivers/STM32F1xx_HAL_Driver/Src/stm32f1xx_hal.o
                0x08001bd0                HAL_GetTick
 .text.HAL_Delay
                0x08001be4       0x48 ./Drivers/STM32F1xx_HAL_Driver/Src/stm32f1xx_hal.o
                0x08001be4                HAL_Delay
 .text.__NVIC_SetPriorityGrouping
                0x08001c2c       0x48 ./Drivers/STM32F1xx_HAL_Driver/Src/stm32f1xx_hal_cortex.o
 .text.__NVIC_GetPriorityGrouping
                0x08001c74       0x1c ./Drivers/STM32F1xx_HAL_Driver/Src/stm32f1xx_hal_cortex.o
 .text.__NVIC_EnableIRQ
                0x08001c90       0x38 ./Drivers/STM32F1xx_HAL_Driver/Src/stm32f1xx_hal_cortex.o
 .text.__NVIC_SetPriority
                0x08001cc8       0x54 ./Drivers/STM32F1xx_HAL_Driver/Src/stm32f1xx_hal_cortex.o
 .text.NVIC_EncodePriority
                0x08001d1c       0x64 ./Drivers/STM32F1xx_HAL_Driver/Src/stm32f1xx_hal_cortex.o
 .text.SysTick_Config
                0x08001d80       0x44 ./Drivers/STM32F1xx_HAL_Driver/Src/stm32f1xx_hal_cortex.o
 .text.HAL_NVIC_SetPriorityGrouping
                0x08001dc4       0x16 ./Drivers/STM32F1xx_HAL_Driver/Src/stm32f1xx_hal_cortex.o
                0x08001dc4                HAL_NVIC_SetPriorityGrouping
 .text.HAL_NVIC_SetPriority
                0x08001dda       0x38 ./Drivers/STM32F1xx_HAL_Driver/Src/stm32f1xx_hal_cortex.o
                0x08001dda                HAL_NVIC_SetPriority
 .text.HAL_NVIC_EnableIRQ
                0x08001e12       0x1c ./Drivers/STM32F1xx_HAL_Driver/Src/stm32f1xx_hal_cortex.o
                0x08001e12                HAL_NVIC_EnableIRQ
 .text.HAL_SYSTICK_Config
                0x08001e2e       0x18 ./Drivers/STM32F1xx_HAL_Driver/Src/stm32f1xx_hal_cortex.o
                0x08001e2e                HAL_SYSTICK_Config
 *fill*         0x08001e46        0x2 
 .text.HAL_GPIO_Init
                0x08001e48      0x308 ./Drivers/STM32F1xx_HAL_Driver/Src/stm32f1xx_hal_gpio.o
                0x08001e48                HAL_GPIO_Init
 .text.HAL_GPIO_WritePin
                0x08002150       0x30 ./Drivers/STM32F1xx_HAL_Driver/Src/stm32f1xx_hal_gpio.o
                0x08002150                HAL_GPIO_WritePin
 .text.HAL_I2C_Init
                0x08002180      0x288 ./Drivers/STM32F1xx_HAL_Driver/Src/stm32f1xx_hal_i2c.o
                0x08002180                HAL_I2C_Init
 .text.HAL_PCD_Init
                0x08002408      0x23a ./Drivers/STM32F1xx_HAL_Driver/Src/stm32f1xx_hal_pcd.o
                0x08002408                HAL_PCD_Init
 .text.HAL_PCD_Start
                0x08002642       0x44 ./Drivers/STM32F1xx_HAL_Driver/Src/stm32f1xx_hal_pcd.o
                0x08002642                HAL_PCD_Start
 .text.HAL_PCD_IRQHandler
                0x08002686      0x8b0 ./Drivers/STM32F1xx_HAL_Driver/Src/stm32f1xx_hal_pcd.o
                0x08002686                HAL_PCD_IRQHandler
 .text.HAL_PCD_SetAddress
                0x08002f36       0x4a ./Drivers/STM32F1xx_HAL_Driver/Src/stm32f1xx_hal_pcd.o
                0x08002f36                HAL_PCD_SetAddress
 .text.HAL_PCD_EP_Open
                0x08002f80       0xd0 ./Drivers/STM32F1xx_HAL_Driver/Src/stm32f1xx_hal_pcd.o
                0x08002f80                HAL_PCD_EP_Open
 .text.HAL_PCD_EP_Close
                0x08003050       0x94 ./Drivers/STM32F1xx_HAL_Driver/Src/stm32f1xx_hal_pcd.o
                0x08003050                HAL_PCD_EP_Close
 .text.HAL_PCD_EP_Receive
                0x080030e4       0x64 ./Drivers/STM32F1xx_HAL_Driver/Src/stm32f1xx_hal_pcd.o
                0x080030e4                HAL_PCD_EP_Receive
 .text.HAL_PCD_EP_GetRxCount
                0x08003148       0x2e ./Drivers/STM32F1xx_HAL_Driver/Src/stm32f1xx_hal_pcd.o
                0x08003148                HAL_PCD_EP_GetRxCount
 .text.HAL_PCD_EP_Transmit
                0x08003176       0x62 ./Drivers/STM32F1xx_HAL_Driver/Src/stm32f1xx_hal_pcd.o
                0x08003176                HAL_PCD_EP_Transmit
 .text.HAL_PCD_EP_SetStall
                0x080031d8       0xc4 ./Drivers/STM32F1xx_HAL_Driver/Src/stm32f1xx_hal_pcd.o
                0x080031d8                HAL_PCD_EP_SetStall
 .text.HAL_PCD_EP_ClrStall
                0x0800329c       0xac ./Drivers/STM32F1xx_HAL_Driver/Src/stm32f1xx_hal_pcd.o
                0x0800329c                HAL_PCD_EP_ClrStall
 .text.HAL_PCD_EP_Abort
                0x08003348       0x62 ./Drivers/STM32F1xx_HAL_Driver/Src/stm32f1xx_hal_pcd.o
                0x08003348                HAL_PCD_EP_Abort
 .text.PCD_WriteEmptyTxFifo
                0x080033aa      0x110 ./Drivers/STM32F1xx_HAL_Driver/Src/stm32f1xx_hal_pcd.o
 *fill*         0x080034ba        0x2 
 .text.PCD_EP_OutXfrComplete_int
                0x080034bc       0x9c ./Drivers/STM32F1xx_HAL_Driver/Src/stm32f1xx_hal_pcd.o
 .text.PCD_EP_OutSetupPacket_int
                0x08003558       0x68 ./Drivers/STM32F1xx_HAL_Driver/Src/stm32f1xx_hal_pcd.o
 .text.HAL_PCDEx_SetTxFiFo
                0x080035c0       0x8c ./Drivers/STM32F1xx_HAL_Driver/Src/stm32f1xx_hal_pcd_ex.o
                0x080035c0                HAL_PCDEx_SetTxFiFo
 .text.HAL_PCDEx_SetRxFiFo
                0x0800364c       0x20 ./Drivers/STM32F1xx_HAL_Driver/Src/stm32f1xx_hal_pcd_ex.o
                0x0800364c                HAL_PCDEx_SetRxFiFo
 .text.HAL_RCC_OscConfig
                0x0800366c      0x62c ./Drivers/STM32F1xx_HAL_Driver/Src/stm32f1xx_hal_rcc.o
                0x0800366c                HAL_RCC_OscConfig
 .text.HAL_RCC_ClockConfig
                0x08003c98      0x1d4 ./Drivers/STM32F1xx_HAL_Driver/Src/stm32f1xx_hal_rcc.o
                0x08003c98                HAL_RCC_ClockConfig
 .text.HAL_RCC_GetSysClockFreq
                0x08003e6c      0x1e8 ./Drivers/STM32F1xx_HAL_Driver/Src/stm32f1xx_hal_rcc.o
                0x08003e6c                HAL_RCC_GetSysClockFreq
 .text.HAL_RCC_GetHCLKFreq
                0x08004054       0x14 ./Drivers/STM32F1xx_HAL_Driver/Src/stm32f1xx_hal_rcc.o
                0x08004054                HAL_RCC_GetHCLKFreq
 .text.HAL_RCC_GetPCLK1Freq
                0x08004068       0x28 ./Drivers/STM32F1xx_HAL_Driver/Src/stm32f1xx_hal_rcc.o
                0x08004068                HAL_RCC_GetPCLK1Freq
 .text.HAL_RCC_GetPCLK2Freq
                0x08004090       0x28 ./Drivers/STM32F1xx_HAL_Driver/Src/stm32f1xx_hal_rcc.o
                0x08004090                HAL_RCC_GetPCLK2Freq
 .text.RCC_Delay
                0x080040b8       0x3c ./Drivers/STM32F1xx_HAL_Driver/Src/stm32f1xx_hal_rcc.o
 .text.HAL_RCCEx_PeriphCLKConfig
                0x080040f4      0x264 ./Drivers/STM32F1xx_HAL_Driver/Src/stm32f1xx_hal_rcc_ex.o
                0x080040f4                HAL_RCCEx_PeriphCLKConfig
 .text.HAL_TIM_PWM_Init
                0x08004358       0x9e ./Drivers/STM32F1xx_HAL_Driver/Src/stm32f1xx_hal_tim.o
                0x08004358                HAL_TIM_PWM_Init
 *fill*         0x080043f6        0x2 
 .text.HAL_TIM_PWM_Start
                0x080043f8      0x154 ./Drivers/STM32F1xx_HAL_Driver/Src/stm32f1xx_hal_tim.o
                0x080043f8                HAL_TIM_PWM_Start
 .text.HAL_TIM_PWM_ConfigChannel
                0x0800454c      0x184 ./Drivers/STM32F1xx_HAL_Driver/Src/stm32f1xx_hal_tim.o
                0x0800454c                HAL_TIM_PWM_ConfigChannel
 .text.TIM_Base_SetConfig
                0x080046d0       0xd8 ./Drivers/STM32F1xx_HAL_Driver/Src/stm32f1xx_hal_tim.o
                0x080046d0                TIM_Base_SetConfig
 .text.TIM_OC1_SetConfig
                0x080047a8       0xcc ./Drivers/STM32F1xx_HAL_Driver/Src/stm32f1xx_hal_tim.o
 .text.TIM_OC2_SetConfig
                0x08004874       0xd4 ./Drivers/STM32F1xx_HAL_Driver/Src/stm32f1xx_hal_tim.o
                0x08004874                TIM_OC2_SetConfig
 .text.TIM_OC3_SetConfig
                0x08004948       0xd4 ./Drivers/STM32F1xx_HAL_Driver/Src/stm32f1xx_hal_tim.o
 .text.TIM_OC4_SetConfig
                0x08004a1c       0x9c ./Drivers/STM32F1xx_HAL_Driver/Src/stm32f1xx_hal_tim.o
 .text.TIM_CCxChannelCmd
                0x08004ab8       0x48 ./Drivers/STM32F1xx_HAL_Driver/Src/stm32f1xx_hal_tim.o
                0x08004ab8                TIM_CCxChannelCmd
 .text.HAL_TIMEx_MasterConfigSynchronization
                0x08004b00       0xcc ./Drivers/STM32F1xx_HAL_Driver/Src/stm32f1xx_hal_tim_ex.o
                0x08004b00                HAL_TIMEx_MasterConfigSynchronization
 .text.HAL_UART_Init
                0x08004bcc       0xa0 ./Drivers/STM32F1xx_HAL_Driver/Src/stm32f1xx_hal_uart.o
                0x08004bcc                HAL_UART_Init
 .text.UART_SetConfig
                0x08004c6c      0x11c ./Drivers/STM32F1xx_HAL_Driver/Src/stm32f1xx_hal_uart.o
 .text.USB_CoreInit
                0x08004d88       0x44 ./Drivers/STM32F1xx_HAL_Driver/Src/stm32f1xx_ll_usb.o
                0x08004d88                USB_CoreInit
 .text.USB_SetTurnaroundTime
                0x08004dcc      0x138 ./Drivers/STM32F1xx_HAL_Driver/Src/stm32f1xx_ll_usb.o
                0x08004dcc                USB_SetTurnaroundTime
 .text.USB_EnableGlobalInt
                0x08004f04       0x20 ./Drivers/STM32F1xx_HAL_Driver/Src/stm32f1xx_ll_usb.o
                0x08004f04                USB_EnableGlobalInt
 .text.USB_DisableGlobalInt
                0x08004f24       0x20 ./Drivers/STM32F1xx_HAL_Driver/Src/stm32f1xx_ll_usb.o
                0x08004f24                USB_DisableGlobalInt
 .text.USB_SetCurrentMode
                0x08004f44       0x98 ./Drivers/STM32F1xx_HAL_Driver/Src/stm32f1xx_ll_usb.o
                0x08004f44                USB_SetCurrentMode
 .text.USB_DevInit
                0x08004fdc      0x244 ./Drivers/STM32F1xx_HAL_Driver/Src/stm32f1xx_ll_usb.o
                0x08004fdc                USB_DevInit
 .text.USB_FlushTxFifo
                0x08005220       0x68 ./Drivers/STM32F1xx_HAL_Driver/Src/stm32f1xx_ll_usb.o
                0x08005220                USB_FlushTxFifo
 .text.USB_FlushRxFifo
                0x08005288       0x60 ./Drivers/STM32F1xx_HAL_Driver/Src/stm32f1xx_ll_usb.o
                0x08005288                USB_FlushRxFifo
 .text.USB_SetDevSpeed
                0x080052e8       0x30 ./Drivers/STM32F1xx_HAL_Driver/Src/stm32f1xx_ll_usb.o
                0x080052e8                USB_SetDevSpeed
 .text.USB_GetDevSpeed
                0x08005318       0x3c ./Drivers/STM32F1xx_HAL_Driver/Src/stm32f1xx_ll_usb.o
                0x08005318                USB_GetDevSpeed
 .text.USB_ActivateEndpoint
                0x08005354      0x10c ./Drivers/STM32F1xx_HAL_Driver/Src/stm32f1xx_ll_usb.o
                0x08005354                USB_ActivateEndpoint
 .text.USB_DeactivateEndpoint
                0x08005460      0x1b8 ./Drivers/STM32F1xx_HAL_Driver/Src/stm32f1xx_ll_usb.o
                0x08005460                USB_DeactivateEndpoint
 .text.USB_EPStartXfer
                0x08005618      0x464 ./Drivers/STM32F1xx_HAL_Driver/Src/stm32f1xx_ll_usb.o
                0x08005618                USB_EPStartXfer
 .text.USB_EPStopXfer
                0x08005a7c      0x152 ./Drivers/STM32F1xx_HAL_Driver/Src/stm32f1xx_ll_usb.o
                0x08005a7c                USB_EPStopXfer
 .text.USB_WritePacket
                0x08005bce       0x72 ./Drivers/STM32F1xx_HAL_Driver/Src/stm32f1xx_ll_usb.o
                0x08005bce                USB_WritePacket
 .text.USB_ReadPacket
                0x08005c40       0xae ./Drivers/STM32F1xx_HAL_Driver/Src/stm32f1xx_ll_usb.o
                0x08005c40                USB_ReadPacket
 .text.USB_EPSetStall
                0x08005cee       0xda ./Drivers/STM32F1xx_HAL_Driver/Src/stm32f1xx_ll_usb.o
                0x08005cee                USB_EPSetStall
 .text.USB_EPClearStall
                0x08005dc8       0xca ./Drivers/STM32F1xx_HAL_Driver/Src/stm32f1xx_ll_usb.o
                0x08005dc8                USB_EPClearStall
 .text.USB_SetDevAddress
                0x08005e92       0x4a ./Drivers/STM32F1xx_HAL_Driver/Src/stm32f1xx_ll_usb.o
                0x08005e92                USB_SetDevAddress
 .text.USB_DevConnect
                0x08005edc       0x40 ./Drivers/STM32F1xx_HAL_Driver/Src/stm32f1xx_ll_usb.o
                0x08005edc                USB_DevConnect
 .text.USB_DevDisconnect
                0x08005f1c       0x40 ./Drivers/STM32F1xx_HAL_Driver/Src/stm32f1xx_ll_usb.o
                0x08005f1c                USB_DevDisconnect
 .text.USB_ReadInterrupts
                0x08005f5c       0x24 ./Drivers/STM32F1xx_HAL_Driver/Src/stm32f1xx_ll_usb.o
                0x08005f5c                USB_ReadInterrupts
 .text.USB_ReadDevAllOutEpInterrupt
                0x08005f80       0x32 ./Drivers/STM32F1xx_HAL_Driver/Src/stm32f1xx_ll_usb.o
                0x08005f80                USB_ReadDevAllOutEpInterrupt
 .text.USB_ReadDevAllInEpInterrupt
                0x08005fb2       0x32 ./Drivers/STM32F1xx_HAL_Driver/Src/stm32f1xx_ll_usb.o
                0x08005fb2                USB_ReadDevAllInEpInterrupt
 .text.USB_ReadDevOutEPInterrupt
                0x08005fe4       0x3a ./Drivers/STM32F1xx_HAL_Driver/Src/stm32f1xx_ll_usb.o
                0x08005fe4                USB_ReadDevOutEPInterrupt
 .text.USB_ReadDevInEPInterrupt
                0x0800601e       0x5a ./Drivers/STM32F1xx_HAL_Driver/Src/stm32f1xx_ll_usb.o
                0x0800601e                USB_ReadDevInEPInterrupt
 .text.USB_GetMode
                0x08006078       0x1a ./Drivers/STM32F1xx_HAL_Driver/Src/stm32f1xx_ll_usb.o
                0x08006078                USB_GetMode
 .text.USB_ActivateSetup
                0x08006092       0x44 ./Drivers/STM32F1xx_HAL_Driver/Src/stm32f1xx_ll_usb.o
                0x08006092                USB_ActivateSetup
 *fill*         0x080060d6        0x2 
 .text.USB_EP0_OutStart
                0x080060d8       0x90 ./Drivers/STM32F1xx_HAL_Driver/Src/stm32f1xx_ll_usb.o
                0x080060d8                USB_EP0_OutStart
 .text.USB_CoreReset
                0x08006168       0x64 ./Drivers/STM32F1xx_HAL_Driver/Src/stm32f1xx_ll_usb.o
 .text.USBD_CDC_Init
                0x080061cc       0xf4 ./Middlewares/ST/STM32_USB_Device_Library/Class/CDC/Src/usbd_cdc.o
 .text.USBD_CDC_DeInit
                0x080062c0       0x6e ./Middlewares/ST/STM32_USB_Device_Library/Class/CDC/Src/usbd_cdc.o
 .text.USBD_CDC_Setup
                0x0800632e      0x146 ./Middlewares/ST/STM32_USB_Device_Library/Class/CDC/Src/usbd_cdc.o
 .text.USBD_CDC_DataIn
                0x08006474       0xa6 ./Middlewares/ST/STM32_USB_Device_Library/Class/CDC/Src/usbd_cdc.o
 .text.USBD_CDC_DataOut
                0x0800651a       0x56 ./Middlewares/ST/STM32_USB_Device_Library/Class/CDC/Src/usbd_cdc.o
 .text.USBD_CDC_EP0_RxReady
                0x08006570       0x4e ./Middlewares/ST/STM32_USB_Device_Library/Class/CDC/Src/usbd_cdc.o
 *fill*         0x080065be        0x2 
 .text.USBD_CDC_GetFSCfgDesc
                0x080065c0       0x20 ./Middlewares/ST/STM32_USB_Device_Library/Class/CDC/Src/usbd_cdc.o
 .text.USBD_CDC_GetHSCfgDesc
                0x080065e0       0x20 ./Middlewares/ST/STM32_USB_Device_Library/Class/CDC/Src/usbd_cdc.o
 .text.USBD_CDC_GetOtherSpeedCfgDesc
                0x08006600       0x20 ./Middlewares/ST/STM32_USB_Device_Library/Class/CDC/Src/usbd_cdc.o
 .text.USBD_CDC_GetDeviceQualifierDescriptor
                0x08006620       0x20 ./Middlewares/ST/STM32_USB_Device_Library/Class/CDC/Src/usbd_cdc.o
                0x08006620                USBD_CDC_GetDeviceQualifierDescriptor
 .text.USBD_CDC_RegisterInterface
                0x08006640       0x2c ./Middlewares/ST/STM32_USB_Device_Library/Class/CDC/Src/usbd_cdc.o
                0x08006640                USBD_CDC_RegisterInterface
 .text.USBD_CDC_SetTxBuffer
                0x0800666c       0x32 ./Middlewares/ST/STM32_USB_Device_Library/Class/CDC/Src/usbd_cdc.o
                0x0800666c                USBD_CDC_SetTxBuffer
 .text.USBD_CDC_SetRxBuffer
                0x0800669e       0x26 ./Middlewares/ST/STM32_USB_Device_Library/Class/CDC/Src/usbd_cdc.o
                0x0800669e                USBD_CDC_SetRxBuffer
 .text.USBD_CDC_TransmitPacket
                0x080066c4       0x5e ./Middlewares/ST/STM32_USB_Device_Library/Class/CDC/Src/usbd_cdc.o
                0x080066c4                USBD_CDC_TransmitPacket
 .text.USBD_CDC_ReceivePacket
                0x08006722       0x54 ./Middlewares/ST/STM32_USB_Device_Library/Class/CDC/Src/usbd_cdc.o
                0x08006722                USBD_CDC_ReceivePacket
 .text.USBD_Init
                0x08006776       0x56 ./Middlewares/ST/STM32_USB_Device_Library/Core/Src/usbd_core.o
                0x08006776                USBD_Init
 .text.USBD_RegisterClass
                0x080067cc       0x32 ./Middlewares/ST/STM32_USB_Device_Library/Core/Src/usbd_core.o
                0x080067cc                USBD_RegisterClass
 .text.USBD_Start
                0x080067fe       0x18 ./Middlewares/ST/STM32_USB_Device_Library/Core/Src/usbd_core.o
                0x080067fe                USBD_Start
 .text.USBD_RunTestMode
                0x08006816       0x14 ./Middlewares/ST/STM32_USB_Device_Library/Core/Src/usbd_core.o
                0x08006816                USBD_RunTestMode
 .text.USBD_SetClassConfig
                0x0800682a       0x3e ./Middlewares/ST/STM32_USB_Device_Library/Core/Src/usbd_core.o
                0x0800682a                USBD_SetClassConfig
 .text.USBD_ClrClassConfig
                0x08006868       0x26 ./Middlewares/ST/STM32_USB_Device_Library/Core/Src/usbd_core.o
                0x08006868                USBD_ClrClassConfig
 .text.USBD_LL_SetupStage
                0x0800688e       0x9a ./Middlewares/ST/STM32_USB_Device_Library/Core/Src/usbd_core.o
                0x0800688e                USBD_LL_SetupStage
 .text.USBD_LL_DataOutStage
                0x08006928       0xe2 ./Middlewares/ST/STM32_USB_Device_Library/Core/Src/usbd_core.o
                0x08006928                USBD_LL_DataOutStage
 .text.USBD_LL_DataInStage
                0x08006a0a      0x14a ./Middlewares/ST/STM32_USB_Device_Library/Core/Src/usbd_core.o
                0x08006a0a                USBD_LL_DataInStage
 .text.USBD_LL_Reset
                0x08006b54       0x82 ./Middlewares/ST/STM32_USB_Device_Library/Core/Src/usbd_core.o
                0x08006b54                USBD_LL_Reset
 .text.USBD_LL_SetSpeed
                0x08006bd6       0x1e ./Middlewares/ST/STM32_USB_Device_Library/Core/Src/usbd_core.o
                0x08006bd6                USBD_LL_SetSpeed
 .text.USBD_LL_Suspend
                0x08006bf4       0x28 ./Middlewares/ST/STM32_USB_Device_Library/Core/Src/usbd_core.o
                0x08006bf4                USBD_LL_Suspend
 .text.USBD_LL_Resume
                0x08006c1c       0x2a ./Middlewares/ST/STM32_USB_Device_Library/Core/Src/usbd_core.o
                0x08006c1c                USBD_LL_Resume
 .text.USBD_LL_SOF
                0x08006c46       0x34 ./Middlewares/ST/STM32_USB_Device_Library/Core/Src/usbd_core.o
                0x08006c46                USBD_LL_SOF
 .text.USBD_LL_IsoINIncomplete
                0x08006c7a       0x18 ./Middlewares/ST/STM32_USB_Device_Library/Core/Src/usbd_core.o
                0x08006c7a                USBD_LL_IsoINIncomplete
 .text.USBD_LL_IsoOUTIncomplete
                0x08006c92       0x18 ./Middlewares/ST/STM32_USB_Device_Library/Core/Src/usbd_core.o
                0x08006c92                USBD_LL_IsoOUTIncomplete
 .text.USBD_LL_DevConnected
                0x08006caa       0x14 ./Middlewares/ST/STM32_USB_Device_Library/Core/Src/usbd_core.o
                0x08006caa                USBD_LL_DevConnected
 .text.USBD_LL_DevDisconnected
                0x08006cbe       0x2e ./Middlewares/ST/STM32_USB_Device_Library/Core/Src/usbd_core.o
                0x08006cbe                USBD_LL_DevDisconnected
 .text.USBD_StdDevReq
                0x08006cec       0xd4 ./Middlewares/ST/STM32_USB_Device_Library/Core/Src/usbd_ctlreq.o
                0x08006cec                USBD_StdDevReq
 .text.USBD_StdItfReq
                0x08006dc0       0x90 ./Middlewares/ST/STM32_USB_Device_Library/Core/Src/usbd_ctlreq.o
                0x08006dc0                USBD_StdItfReq
 .text.USBD_StdEPReq
                0x08006e50      0x2c6 ./Middlewares/ST/STM32_USB_Device_Library/Core/Src/usbd_ctlreq.o
                0x08006e50                USBD_StdEPReq
 *fill*         0x08007116        0x2 
 .text.USBD_GetDescriptor
                0x08007118      0x2d0 ./Middlewares/ST/STM32_USB_Device_Library/Core/Src/usbd_ctlreq.o
 .text.USBD_SetAddress
                0x080073e8       0x86 ./Middlewares/ST/STM32_USB_Device_Library/Core/Src/usbd_ctlreq.o
 *fill*         0x0800746e        0x2 
 .text.USBD_SetConfig
                0x08007470      0x11c ./Middlewares/ST/STM32_USB_Device_Library/Core/Src/usbd_ctlreq.o
 .text.USBD_GetConfig
                0x0800758c       0x6a ./Middlewares/ST/STM32_USB_Device_Library/Core/Src/usbd_ctlreq.o
 .text.USBD_GetStatus
                0x080075f6       0x66 ./Middlewares/ST/STM32_USB_Device_Library/Core/Src/usbd_ctlreq.o
 .text.USBD_SetFeature
                0x0800765c       0x28 ./Middlewares/ST/STM32_USB_Device_Library/Core/Src/usbd_ctlreq.o
 .text.USBD_ClrFeature
                0x08007684       0x42 ./Middlewares/ST/STM32_USB_Device_Library/Core/Src/usbd_ctlreq.o
 .text.USBD_ParseSetupRequest
                0x080076c6       0x72 ./Middlewares/ST/STM32_USB_Device_Library/Core/Src/usbd_ctlreq.o
                0x080076c6                USBD_ParseSetupRequest
 .text.USBD_CtlError
                0x08007738       0x22 ./Middlewares/ST/STM32_USB_Device_Library/Core/Src/usbd_ctlreq.o
                0x08007738                USBD_CtlError
 .text.USBD_GetString
                0x0800775a       0x84 ./Middlewares/ST/STM32_USB_Device_Library/Core/Src/usbd_ctlreq.o
                0x0800775a                USBD_GetString
 .text.USBD_GetLen
                0x080077de       0x2e ./Middlewares/ST/STM32_USB_Device_Library/Core/Src/usbd_ctlreq.o
 .text.USBD_CtlSendData
                0x0800780c       0x38 ./Middlewares/ST/STM32_USB_Device_Library/Core/Src/usbd_ioreq.o
                0x0800780c                USBD_CtlSendData
 .text.USBD_CtlContinueSendData
                0x08007844       0x24 ./Middlewares/ST/STM32_USB_Device_Library/Core/Src/usbd_ioreq.o
                0x08007844                USBD_CtlContinueSendData
 .text.USBD_CtlPrepareRx
                0x08007868       0x3c ./Middlewares/ST/STM32_USB_Device_Library/Core/Src/usbd_ioreq.o
                0x08007868                USBD_CtlPrepareRx
 .text.USBD_CtlContinueRx
                0x080078a4       0x24 ./Middlewares/ST/STM32_USB_Device_Library/Core/Src/usbd_ioreq.o
                0x080078a4                USBD_CtlContinueRx
 .text.USBD_CtlSendStatus
                0x080078c8       0x26 ./Middlewares/ST/STM32_USB_Device_Library/Core/Src/usbd_ioreq.o
                0x080078c8                USBD_CtlSendStatus
 .text.USBD_CtlReceiveStatus
                0x080078ee       0x26 ./Middlewares/ST/STM32_USB_Device_Library/Core/Src/usbd_ioreq.o
                0x080078ee                USBD_CtlReceiveStatus
 .text.MX_USB_DEVICE_Init
                0x08007914       0x60 ./USB_DEVICE/App/usb_device.o
                0x08007914                MX_USB_DEVICE_Init
 .text.CDC_Init_FS
                0x08007974       0x28 ./USB_DEVICE/App/usbd_cdc_if.o
 .text.CDC_DeInit_FS
                0x0800799c        0xe ./USB_DEVICE/App/usbd_cdc_if.o
 *fill*         0x080079aa        0x2 
 .text.CDC_Control_FS
                0x080079ac       0xbc ./USB_DEVICE/App/usbd_cdc_if.o
 .text.CDC_Receive_FS
                0x08007a68       0x34 ./USB_DEVICE/App/usbd_cdc_if.o
 .text.CDC_Transmit_FS
                0x08007a9c       0x4c ./USB_DEVICE/App/usbd_cdc_if.o
                0x08007a9c                CDC_Transmit_FS
 .text.USBD_FS_DeviceDescriptor
                0x08007ae8       0x24 ./USB_DEVICE/App/usbd_desc.o
                0x08007ae8                USBD_FS_DeviceDescriptor
 .text.USBD_FS_LangIDStrDescriptor
                0x08007b0c       0x24 ./USB_DEVICE/App/usbd_desc.o
                0x08007b0c                USBD_FS_LangIDStrDescriptor
 .text.USBD_FS_ProductStrDescriptor
                0x08007b30       0x3c ./USB_DEVICE/App/usbd_desc.o
                0x08007b30                USBD_FS_ProductStrDescriptor
 .text.USBD_FS_ManufacturerStrDescriptor
                0x08007b6c       0x28 ./USB_DEVICE/App/usbd_desc.o
                0x08007b6c                USBD_FS_ManufacturerStrDescriptor
 .text.USBD_FS_SerialStrDescriptor
                0x08007b94       0x24 ./USB_DEVICE/App/usbd_desc.o
                0x08007b94                USBD_FS_SerialStrDescriptor
 .text.USBD_FS_ConfigStrDescriptor
                0x08007bb8       0x3c ./USB_DEVICE/App/usbd_desc.o
                0x08007bb8                USBD_FS_ConfigStrDescriptor
 .text.USBD_FS_InterfaceStrDescriptor
                0x08007bf4       0x3c ./USB_DEVICE/App/usbd_desc.o
                0x08007bf4                USBD_FS_InterfaceStrDescriptor
 .text.Get_SerialNum
                0x08007c30       0x58 ./USB_DEVICE/App/usbd_desc.o
 .text.IntToUnicode
                0x08007c88       0x7c ./USB_DEVICE/App/usbd_desc.o
 .text.HAL_PCD_MspInit
                0x08007d04       0x48 ./USB_DEVICE/Target/usbd_conf.o
                0x08007d04                HAL_PCD_MspInit
 .text.HAL_PCD_SetupStageCallback
                0x08007d4c       0x24 ./USB_DEVICE/Target/usbd_conf.o
                0x08007d4c                HAL_PCD_SetupStageCallback
 .text.HAL_PCD_DataOutStageCallback
                0x08007d70       0x36 ./USB_DEVICE/Target/usbd_conf.o
                0x08007d70                HAL_PCD_DataOutStageCallback
 .text.HAL_PCD_DataInStageCallback
                0x08007da6       0x34 ./USB_DEVICE/Target/usbd_conf.o
                0x08007da6                HAL_PCD_DataInStageCallback
 .text.HAL_PCD_SOFCallback
                0x08007dda       0x1c ./USB_DEVICE/Target/usbd_conf.o
                0x08007dda                HAL_PCD_SOFCallback
 .text.HAL_PCD_ResetCallback
                0x08007df6       0x3c ./USB_DEVICE/Target/usbd_conf.o
                0x08007df6                HAL_PCD_ResetCallback
 *fill*         0x08007e32        0x2 
 .text.HAL_PCD_SuspendCallback
                0x08007e34       0x4c ./USB_DEVICE/Target/usbd_conf.o
                0x08007e34                HAL_PCD_SuspendCallback
 .text.HAL_PCD_ResumeCallback
                0x08007e80       0x1c ./USB_DEVICE/Target/usbd_conf.o
                0x08007e80                HAL_PCD_ResumeCallback
 .text.HAL_PCD_ISOOUTIncompleteCallback
                0x08007e9c       0x24 ./USB_DEVICE/Target/usbd_conf.o
                0x08007e9c                HAL_PCD_ISOOUTIncompleteCallback
 .text.HAL_PCD_ISOINIncompleteCallback
                0x08007ec0       0x24 ./USB_DEVICE/Target/usbd_conf.o
                0x08007ec0                HAL_PCD_ISOINIncompleteCallback
 .text.HAL_PCD_ConnectCallback
                0x08007ee4       0x1c ./USB_DEVICE/Target/usbd_conf.o
                0x08007ee4                HAL_PCD_ConnectCallback
 .text.HAL_PCD_DisconnectCallback
                0x08007f00       0x1c ./USB_DEVICE/Target/usbd_conf.o
                0x08007f00                HAL_PCD_DisconnectCallback
 .text.USBD_LL_Init
                0x08007f1c       0x88 ./USB_DEVICE/Target/usbd_conf.o
                0x08007f1c                USBD_LL_Init
 .text.USBD_LL_Start
                0x08007fa4       0x36 ./USB_DEVICE/Target/usbd_conf.o
                0x08007fa4                USBD_LL_Start
 .text.USBD_LL_OpenEP
                0x08007fda       0x4c ./USB_DEVICE/Target/usbd_conf.o
                0x08007fda                USBD_LL_OpenEP
 .text.USBD_LL_CloseEP
                0x08008026       0x3e ./USB_DEVICE/Target/usbd_conf.o
                0x08008026                USBD_LL_CloseEP
 .text.USBD_LL_StallEP
                0x08008064       0x3e ./USB_DEVICE/Target/usbd_conf.o
                0x08008064                USBD_LL_StallEP
 .text.USBD_LL_ClearStallEP
                0x080080a2       0x3e ./USB_DEVICE/Target/usbd_conf.o
                0x080080a2                USBD_LL_ClearStallEP
 .text.USBD_LL_IsStallEP
                0x080080e0       0x56 ./USB_DEVICE/Target/usbd_conf.o
                0x080080e0                USBD_LL_IsStallEP
 .text.USBD_LL_SetUSBAddress
                0x08008136       0x3e ./USB_DEVICE/Target/usbd_conf.o
                0x08008136                USBD_LL_SetUSBAddress
 .text.USBD_LL_Transmit
                0x08008174       0x46 ./USB_DEVICE/Target/usbd_conf.o
                0x08008174                USBD_LL_Transmit
 .text.USBD_LL_PrepareReceive
                0x080081ba       0x46 ./USB_DEVICE/Target/usbd_conf.o
                0x080081ba                USBD_LL_PrepareReceive
 .text.USBD_LL_GetRxDataSize
                0x08008200       0x26 ./USB_DEVICE/Target/usbd_conf.o
                0x08008200                USBD_LL_GetRxDataSize
 *fill*         0x08008226        0x2 
 .text.USBD_static_malloc
                0x08008228       0x18 ./USB_DEVICE/Target/usbd_conf.o
                0x08008228                USBD_static_malloc
 .text.USBD_static_free
                0x08008240       0x12 ./USB_DEVICE/Target/usbd_conf.o
                0x08008240                USBD_static_free
 *fill*         0x08008252        0x2 
 .text.USBD_Get_USB_Status
                0x08008254       0x58 ./USB_DEVICE/Target/usbd_conf.o
 .text.memset   0x080082ac       0x10 /opt/st/stm32cubeide_1.16.0/plugins/com.st.stm32cube.ide.mcu.externaltools.gnu-tools-for-stm32.12.3.rel1.linux64_1.0.200.202406132123/tools/bin/../lib/gcc/arm-none-eabi/12.3.1/../../../../arm-none-eabi/lib/thumb/v7-m/nofp/libc_nano.a(libc_a-memset.o)
                0x080082ac                memset
 .text.__libc_init_array
                0x080082bc       0x48 /opt/st/stm32cubeide_1.16.0/plugins/com.st.stm32cube.ide.mcu.externaltools.gnu-tools-for-stm32.12.3.rel1.linux64_1.0.200.202406132123/tools/bin/../lib/gcc/arm-none-eabi/12.3.1/../../../../arm-none-eabi/lib/thumb/v7-m/nofp/libc_nano.a(libc_a-init.o)
                0x080082bc                __libc_init_array
 *(.glue_7)
 .glue_7        0x08008304        0x0 linker stubs
 *(.glue_7t)
 .glue_7t       0x08008304        0x0 linker stubs
 *(.eh_frame)
 .eh_frame      0x08008304        0x0 /opt/st/stm32cubeide_1.16.0/plugins/com.st.stm32cube.ide.mcu.externaltools.gnu-tools-for-stm32.12.3.rel1.linux64_1.0.200.202406132123/tools/bin/../lib/gcc/arm-none-eabi/12.3.1/thumb/v7-m/nofp/crtbegin.o
 *(.init)
 .init          0x08008304        0x4 /opt/st/stm32cubeide_1.16.0/plugins/com.st.stm32cube.ide.mcu.externaltools.gnu-tools-for-stm32.12.3.rel1.linux64_1.0.200.202406132123/tools/bin/../lib/gcc/arm-none-eabi/12.3.1/thumb/v7-m/nofp/crti.o
                0x08008304                _init
 .init          0x08008308        0x8 /opt/st/stm32cubeide_1.16.0/plugins/com.st.stm32cube.ide.mcu.externaltools.gnu-tools-for-stm32.12.3.rel1.linux64_1.0.200.202406132123/tools/bin/../lib/gcc/arm-none-eabi/12.3.1/thumb/v7-m/nofp/crtn.o
 *(.fini)
 .fini          0x08008310        0x4 /opt/st/stm32cubeide_1.16.0/plugins/com.st.stm32cube.ide.mcu.externaltools.gnu-tools-for-stm32.12.3.rel1.linux64_1.0.200.202406132123/tools/bin/../lib/gcc/arm-none-eabi/12.3.1/thumb/v7-m/nofp/crti.o
                0x08008310                _fini
 .fini          0x08008314        0x8 /opt/st/stm32cubeide_1.16.0/plugins/com.st.stm32cube.ide.mcu.externaltools.gnu-tools-for-stm32.12.3.rel1.linux64_1.0.200.202406132123/tools/bin/../lib/gcc/arm-none-eabi/12.3.1/thumb/v7-m/nofp/crtn.o
                0x0800831c                        . = ALIGN (0x4)
                0x0800831c                        _etext = .

.vfp11_veneer   0x0800831c        0x0
 .vfp11_veneer  0x0800831c        0x0 linker stubs

.v4_bx          0x0800831c        0x0
 .v4_bx         0x0800831c        0x0 linker stubs

.iplt           0x0800831c        0x0
 .iplt          0x0800831c        0x0 /opt/st/stm32cubeide_1.16.0/plugins/com.st.stm32cube.ide.mcu.externaltools.gnu-tools-for-stm32.12.3.rel1.linux64_1.0.200.202406132123/tools/bin/../lib/gcc/arm-none-eabi/12.3.1/thumb/v7-m/nofp/crtbegin.o

.rodata         0x0800831c      0x280
                0x0800831c                        . = ALIGN (0x4)
 *(.rodata)
 .rodata        0x0800831c       0x46 ./USB_DEVICE/App/usbd_desc.o
 *(.rodata*)
 *fill*         0x08008362        0x2 
 .rodata.crcTable
                0x08008364      0x200 ./Core/Src/main.o
 .rodata.AHBPrescTable
                0x08008564       0x10 ./Core/Src/system_stm32f1xx.o
                0x08008564                AHBPrescTable
 .rodata.APBPrescTable
                0x08008574        0x8 ./Core/Src/system_stm32f1xx.o
                0x08008574                APBPrescTable
 .rodata.aPLLMULFactorTable.1
                0x0800857c        0xe ./Drivers/STM32F1xx_HAL_Driver/Src/stm32f1xx_hal_rcc.o
 *fill*         0x0800858a        0x2 
 .rodata.aPredivFactorTable.0
                0x0800858c       0x10 ./Drivers/STM32F1xx_HAL_Driver/Src/stm32f1xx_hal_rcc.o
                0x0800859c                        . = ALIGN (0x4)

.ARM.extab      0x0800859c        0x0
                0x0800859c                        . = ALIGN (0x4)
 *(.ARM.extab* .gnu.linkonce.armextab.*)
                0x0800859c                        . = ALIGN (0x4)

.ARM            0x0800859c        0x8
                0x0800859c                        . = ALIGN (0x4)
                0x0800859c                        __exidx_start = .
 *(.ARM.exidx*)
 .ARM.exidx     0x0800859c        0x8 /opt/st/stm32cubeide_1.16.0/plugins/com.st.stm32cube.ide.mcu.externaltools.gnu-tools-for-stm32.12.3.rel1.linux64_1.0.200.202406132123/tools/bin/../lib/gcc/arm-none-eabi/12.3.1/thumb/v7-m/nofp/libgcc.a(_udivmoddi4.o)
                0x080085a4                        __exidx_end = .
                0x080085a4                        . = ALIGN (0x4)

.rel.dyn        0x080085a4        0x0
 .rel.iplt      0x080085a4        0x0 /opt/st/stm32cubeide_1.16.0/plugins/com.st.stm32cube.ide.mcu.externaltools.gnu-tools-for-stm32.12.3.rel1.linux64_1.0.200.202406132123/tools/bin/../lib/gcc/arm-none-eabi/12.3.1/thumb/v7-m/nofp/crtbegin.o

.preinit_array  0x080085a4        0x0
                0x080085a4                        . = ALIGN (0x4)
                0x080085a4                        PROVIDE (__preinit_array_start = .)
 *(.preinit_array*)
                0x080085a4                        PROVIDE (__preinit_array_end = .)
                0x080085a4                        . = ALIGN (0x4)

.init_array     0x080085a4        0x4
                0x080085a4                        . = ALIGN (0x4)
                0x080085a4                        PROVIDE (__init_array_start = .)
 *(SORT_BY_NAME(.init_array.*))
 *(.init_array*)
 .init_array    0x080085a4        0x4 /opt/st/stm32cubeide_1.16.0/plugins/com.st.stm32cube.ide.mcu.externaltools.gnu-tools-for-stm32.12.3.rel1.linux64_1.0.200.202406132123/tools/bin/../lib/gcc/arm-none-eabi/12.3.1/thumb/v7-m/nofp/crtbegin.o
                0x080085a8                        PROVIDE (__init_array_end = .)
                0x080085a8                        . = ALIGN (0x4)

.fini_array     0x080085a8        0x4
                0x080085a8                        . = ALIGN (0x4)
                [!provide]                        PROVIDE (__fini_array_start = .)
 *(SORT_BY_NAME(.fini_array.*))
 *(.fini_array*)
 .fini_array    0x080085a8        0x4 /opt/st/stm32cubeide_1.16.0/plugins/com.st.stm32cube.ide.mcu.externaltools.gnu-tools-for-stm32.12.3.rel1.linux64_1.0.200.202406132123/tools/bin/../lib/gcc/arm-none-eabi/12.3.1/thumb/v7-m/nofp/crtbegin.o
                [!provide]                        PROVIDE (__fini_array_end = .)
                0x080085ac                        . = ALIGN (0x4)
                0x080085ac                        _sidata = LOADADDR (.data)

.data           0x20000000      0x180 load address 0x080085ac
                0x20000000                        . = ALIGN (0x4)
                0x20000000                        _sdata = .
 *(.data)
 *(.data*)
 .data.crc      0x20000000        0x2 ./Core/Src/main.o
                0x20000000                crc
 .data.default_pwm
                0x20000002        0x2 ./Core/Src/main.o
                0x20000002                default_pwm
 .data.SystemCoreClock
                0x20000004        0x4 ./Core/Src/system_stm32f1xx.o
                0x20000004                SystemCoreClock
 .data.uwTickPrio
                0x20000008        0x4 ./Drivers/STM32F1xx_HAL_Driver/Src/stm32f1xx_hal.o
                0x20000008                uwTickPrio
 .data.uwTickFreq
                0x2000000c        0x1 ./Drivers/STM32F1xx_HAL_Driver/Src/stm32f1xx_hal.o
                0x2000000c                uwTickFreq
 *fill*         0x2000000d        0x3 
 .data.USBD_CDC_DeviceQualifierDesc
                0x20000010        0xa ./Middlewares/ST/STM32_USB_Device_Library/Class/CDC/Src/usbd_cdc.o
 *fill*         0x2000001a        0x2 
 .data.USBD_CDC
                0x2000001c       0x38 ./Middlewares/ST/STM32_USB_Device_Library/Class/CDC/Src/usbd_cdc.o
                0x2000001c                USBD_CDC
 .data.USBD_CDC_CfgHSDesc
                0x20000054       0x43 ./Middlewares/ST/STM32_USB_Device_Library/Class/CDC/Src/usbd_cdc.o
                0x20000054                USBD_CDC_CfgHSDesc
 *fill*         0x20000097        0x1 
 .data.USBD_CDC_CfgFSDesc
                0x20000098       0x43 ./Middlewares/ST/STM32_USB_Device_Library/Class/CDC/Src/usbd_cdc.o
                0x20000098                USBD_CDC_CfgFSDesc
 *fill*         0x200000db        0x1 
 .data.USBD_CDC_OtherSpeedCfgDesc
                0x200000dc       0x43 ./Middlewares/ST/STM32_USB_Device_Library/Class/CDC/Src/usbd_cdc.o
                0x200000dc                USBD_CDC_OtherSpeedCfgDesc
 *fill*         0x2000011f        0x1 
 .data.USBD_Interface_fops_FS
                0x20000120       0x10 ./USB_DEVICE/App/usbd_cdc_if.o
                0x20000120                USBD_Interface_fops_FS
 .data.FS_Desc  0x20000130       0x1c ./USB_DEVICE/App/usbd_desc.o
                0x20000130                FS_Desc
 .data.USBD_FS_DeviceDesc
                0x2000014c       0x12 ./USB_DEVICE/App/usbd_desc.o
                0x2000014c                USBD_FS_DeviceDesc
 *fill*         0x2000015e        0x2 
 .data.USBD_LangIDDesc
                0x20000160        0x4 ./USB_DEVICE/App/usbd_desc.o
                0x20000160                USBD_LangIDDesc
 .data.USBD_StringSerial
                0x20000164       0x1a ./USB_DEVICE/App/usbd_desc.o
                0x20000164                USBD_StringSerial
 *(.RamFunc)
 *(.RamFunc*)
                0x20000180                        . = ALIGN (0x4)
 *fill*         0x2000017e        0x2 
                0x20000180                        _edata = .

.igot.plt       0x20000180        0x0 load address 0x0800872c
 .igot.plt      0x20000180        0x0 /opt/st/stm32cubeide_1.16.0/plugins/com.st.stm32cube.ide.mcu.externaltools.gnu-tools-for-stm32.12.3.rel1.linux64_1.0.200.202406132123/tools/bin/../lib/gcc/arm-none-eabi/12.3.1/thumb/v7-m/nofp/crtbegin.o
                0x20000180                        . = ALIGN (0x4)

.bss            0x20000180     0x2470 load address 0x0800872c
                0x20000180                        _sbss = .
                0x20000180                        __bss_start__ = _sbss
 *(.bss)
 .bss           0x20000180       0x1c /opt/st/stm32cubeide_1.16.0/plugins/com.st.stm32cube.ide.mcu.externaltools.gnu-tools-for-stm32.12.3.rel1.linux64_1.0.200.202406132123/tools/bin/../lib/gcc/arm-none-eabi/12.3.1/thumb/v7-m/nofp/crtbegin.o
 *(.bss*)
 .bss.hi2c2     0x2000019c       0x54 ./Core/Src/main.o
                0x2000019c                hi2c2
 .bss.htim2     0x200001f0       0x48 ./Core/Src/main.o
                0x200001f0                htim2
 .bss.htim3     0x20000238       0x48 ./Core/Src/main.o
                0x20000238                htim3
 .bss.htim4     0x20000280       0x48 ./Core/Src/main.o
                0x20000280                htim4
 .bss.huart1    0x200002c8       0x48 ./Core/Src/main.o
                0x200002c8                huart1
 .bss.modbusDevices
                0x20000310      0xf00 ./Core/Src/main.o
                0x20000310                modbusDevices
 .bss.length    0x20001210        0x2 ./Core/Src/main.o
                0x20001210                length
 .bss.function_code
                0x20001212        0x2 ./Core/Src/main.o
                0x20001212                function_code
 .bss.new_data_received
                0x20001214        0x1 ./Core/Src/main.o
                0x20001214                new_data_received
 .bss.fren      0x20001215        0x1 ./Core/Src/main.o
                0x20001215                fren
 *fill*         0x20001216        0x2 
 .bss.value     0x20001218        0x8 ./Core/Src/main.o
                0x20001218                value
 .bss.number_of_bytes
                0x20001220        0x1 ./Core/Src/main.o
                0x20001220                number_of_bytes
 *fill*         0x20001221        0x1 
 .bss.target_vel
                0x20001222        0x2 ./Core/Src/main.o
                0x20001222                target_vel
 .bss.starting_address
                0x20001224        0x2 ./Core/Src/main.o
                0x20001224                starting_address
 .bss.slave_address
                0x20001226        0x1 ./Core/Src/main.o
                0x20001226                slave_address
 *fill*         0x20001227        0x1 
 .bss.previous_value.3
                0x20001228        0x2 ./Core/Src/main.o
 .bss.previous_value.2
                0x2000122a        0x2 ./Core/Src/main.o
 .bss.previous_value.1
                0x2000122c        0x2 ./Core/Src/main.o
 .bss.previous_value.0
                0x2000122e        0x2 ./Core/Src/main.o
 .bss.uwTick    0x20001230        0x4 ./Drivers/STM32F1xx_HAL_Driver/Src/stm32f1xx_hal.o
                0x20001230                uwTick
 .bss.cfgidx.0  0x20001234        0x1 ./Middlewares/ST/STM32_USB_Device_Library/Core/Src/usbd_ctlreq.o
 *fill*         0x20001235        0x3 
 .bss.hUsbDeviceFS
                0x20001238      0x2c4 ./USB_DEVICE/App/usb_device.o
                0x20001238                hUsbDeviceFS
 .bss.UserRxBufferFS
                0x200014fc      0x3e8 ./USB_DEVICE/App/usbd_cdc_if.o
                0x200014fc                UserRxBufferFS
 .bss.UserTxBufferFS
                0x200018e4      0x3e8 ./USB_DEVICE/App/usbd_cdc_if.o
                0x200018e4                UserTxBufferFS
 .bss.USBD_StrDesc
                0x20001ccc      0x200 ./USB_DEVICE/App/usbd_desc.o
                0x20001ccc                USBD_StrDesc
 .bss.hpcd_USB_OTG_FS
                0x20001ecc      0x504 ./USB_DEVICE/Target/usbd_conf.o
                0x20001ecc                hpcd_USB_OTG_FS
 .bss.mem.0     0x200023d0      0x220 ./USB_DEVICE/Target/usbd_conf.o
 *(COMMON)
                0x200025f0                        . = ALIGN (0x4)
                0x200025f0                        _ebss = .
                0x200025f0                        __bss_end__ = _ebss

._user_heap_stack
                0x200025f0      0x600 load address 0x0800872c
                0x200025f0                        . = ALIGN (0x8)
                [!provide]                        PROVIDE (end = .)
                0x200025f0                        PROVIDE (_end = .)
                0x200027f0                        . = (. + _Min_Heap_Size)
 *fill*         0x200025f0      0x200 
                0x20002bf0                        . = (. + _Min_Stack_Size)
 *fill*         0x200027f0      0x400 
                0x20002bf0                        . = ALIGN (0x8)

/DISCARD/
 libc.a(*)
 libm.a(*)
 libgcc.a(*)

.ARM.attributes
                0x00000000       0x29
 *(.ARM.attributes)
 .ARM.attributes
                0x00000000       0x1d /opt/st/stm32cubeide_1.16.0/plugins/com.st.stm32cube.ide.mcu.externaltools.gnu-tools-for-stm32.12.3.rel1.linux64_1.0.200.202406132123/tools/bin/../lib/gcc/arm-none-eabi/12.3.1/thumb/v7-m/nofp/crti.o
 .ARM.attributes
                0x0000001d       0x2d /opt/st/stm32cubeide_1.16.0/plugins/com.st.stm32cube.ide.mcu.externaltools.gnu-tools-for-stm32.12.3.rel1.linux64_1.0.200.202406132123/tools/bin/../lib/gcc/arm-none-eabi/12.3.1/thumb/v7-m/nofp/crtbegin.o
 .ARM.attributes
                0x0000004a       0x2d ./Core/Src/main.o
 .ARM.attributes
                0x00000077       0x2d ./Core/Src/stm32f1xx_hal_msp.o
 .ARM.attributes
                0x000000a4       0x2d ./Core/Src/stm32f1xx_it.o
 .ARM.attributes
                0x000000d1       0x2d ./Core/Src/system_stm32f1xx.o
 .ARM.attributes
                0x000000fe       0x21 ./Core/Startup/startup_stm32f105rctx.o
 .ARM.attributes
                0x0000011f       0x2d ./Drivers/STM32F1xx_HAL_Driver/Src/stm32f1xx_hal.o
 .ARM.attributes
                0x0000014c       0x2d ./Drivers/STM32F1xx_HAL_Driver/Src/stm32f1xx_hal_cortex.o
 .ARM.attributes
                0x00000179       0x2d ./Drivers/STM32F1xx_HAL_Driver/Src/stm32f1xx_hal_gpio.o
 .ARM.attributes
                0x000001a6       0x2d ./Drivers/STM32F1xx_HAL_Driver/Src/stm32f1xx_hal_i2c.o
 .ARM.attributes
                0x000001d3       0x2d ./Drivers/STM32F1xx_HAL_Driver/Src/stm32f1xx_hal_pcd.o
 .ARM.attributes
                0x00000200       0x2d ./Drivers/STM32F1xx_HAL_Driver/Src/stm32f1xx_hal_pcd_ex.o
 .ARM.attributes
                0x0000022d       0x2d ./Drivers/STM32F1xx_HAL_Driver/Src/stm32f1xx_hal_rcc.o
 .ARM.attributes
                0x0000025a       0x2d ./Drivers/STM32F1xx_HAL_Driver/Src/stm32f1xx_hal_rcc_ex.o
 .ARM.attributes
                0x00000287       0x2d ./Drivers/STM32F1xx_HAL_Driver/Src/stm32f1xx_hal_tim.o
 .ARM.attributes
                0x000002b4       0x2d ./Drivers/STM32F1xx_HAL_Driver/Src/stm32f1xx_hal_tim_ex.o
 .ARM.attributes
                0x000002e1       0x2d ./Drivers/STM32F1xx_HAL_Driver/Src/stm32f1xx_hal_uart.o
 .ARM.attributes
                0x0000030e       0x2d ./Drivers/STM32F1xx_HAL_Driver/Src/stm32f1xx_ll_usb.o
 .ARM.attributes
                0x0000033b       0x2d ./Middlewares/ST/STM32_USB_Device_Library/Class/CDC/Src/usbd_cdc.o
 .ARM.attributes
                0x00000368       0x2d ./Middlewares/ST/STM32_USB_Device_Library/Core/Src/usbd_core.o
 .ARM.attributes
                0x00000395       0x2d ./Middlewares/ST/STM32_USB_Device_Library/Core/Src/usbd_ctlreq.o
 .ARM.attributes
                0x000003c2       0x2d ./Middlewares/ST/STM32_USB_Device_Library/Core/Src/usbd_ioreq.o
 .ARM.attributes
                0x000003ef       0x2d ./USB_DEVICE/App/usb_device.o
 .ARM.attributes
                0x0000041c       0x2d ./USB_DEVICE/App/usbd_cdc_if.o
 .ARM.attributes
                0x00000449       0x2d ./USB_DEVICE/App/usbd_desc.o
 .ARM.attributes
                0x00000476       0x2d ./USB_DEVICE/Target/usbd_conf.o
 .ARM.attributes
                0x000004a3       0x2d /opt/st/stm32cubeide_1.16.0/plugins/com.st.stm32cube.ide.mcu.externaltools.gnu-tools-for-stm32.12.3.rel1.linux64_1.0.200.202406132123/tools/bin/../lib/gcc/arm-none-eabi/12.3.1/../../../../arm-none-eabi/lib/thumb/v7-m/nofp/libc_nano.a(libc_a-memset.o)
 .ARM.attributes
                0x000004d0       0x2d /opt/st/stm32cubeide_1.16.0/plugins/com.st.stm32cube.ide.mcu.externaltools.gnu-tools-for-stm32.12.3.rel1.linux64_1.0.200.202406132123/tools/bin/../lib/gcc/arm-none-eabi/12.3.1/../../../../arm-none-eabi/lib/thumb/v7-m/nofp/libc_nano.a(libc_a-init.o)
 .ARM.attributes
                0x000004fd       0x1d /opt/st/stm32cubeide_1.16.0/plugins/com.st.stm32cube.ide.mcu.externaltools.gnu-tools-for-stm32.12.3.rel1.linux64_1.0.200.202406132123/tools/bin/../lib/gcc/arm-none-eabi/12.3.1/thumb/v7-m/nofp/libgcc.a(_aeabi_uldivmod.o)
 .ARM.attributes
                0x0000051a       0x2d /opt/st/stm32cubeide_1.16.0/plugins/com.st.stm32cube.ide.mcu.externaltools.gnu-tools-for-stm32.12.3.rel1.linux64_1.0.200.202406132123/tools/bin/../lib/gcc/arm-none-eabi/12.3.1/thumb/v7-m/nofp/libgcc.a(_udivmoddi4.o)
 .ARM.attributes
                0x00000547       0x1d /opt/st/stm32cubeide_1.16.0/plugins/com.st.stm32cube.ide.mcu.externaltools.gnu-tools-for-stm32.12.3.rel1.linux64_1.0.200.202406132123/tools/bin/../lib/gcc/arm-none-eabi/12.3.1/thumb/v7-m/nofp/libgcc.a(_dvmd_tls.o)
 .ARM.attributes
                0x00000564       0x1d /opt/st/stm32cubeide_1.16.0/plugins/com.st.stm32cube.ide.mcu.externaltools.gnu-tools-for-stm32.12.3.rel1.linux64_1.0.200.202406132123/tools/bin/../lib/gcc/arm-none-eabi/12.3.1/thumb/v7-m/nofp/crtn.o
OUTPUT(PROJECT_TARIM_ROBOTU.elf elf32-littlearm)
LOAD linker stubs
LOAD /opt/st/stm32cubeide_1.16.0/plugins/com.st.stm32cube.ide.mcu.externaltools.gnu-tools-for-stm32.12.3.rel1.linux64_1.0.200.202406132123/tools/bin/../lib/gcc/arm-none-eabi/12.3.1/../../../../arm-none-eabi/lib/thumb/v7-m/nofp/libc.a
LOAD /opt/st/stm32cubeide_1.16.0/plugins/com.st.stm32cube.ide.mcu.externaltools.gnu-tools-for-stm32.12.3.rel1.linux64_1.0.200.202406132123/tools/bin/../lib/gcc/arm-none-eabi/12.3.1/../../../../arm-none-eabi/lib/thumb/v7-m/nofp/libm.a
LOAD /opt/st/stm32cubeide_1.16.0/plugins/com.st.stm32cube.ide.mcu.externaltools.gnu-tools-for-stm32.12.3.rel1.linux64_1.0.200.202406132123/tools/bin/../lib/gcc/arm-none-eabi/12.3.1/thumb/v7-m/nofp/libgcc.a

.debug_info     0x00000000    0x17646
 .debug_info    0x00000000     0x1b75 ./Core/Src/main.o
 .debug_info    0x00001b75      0xf9b ./Core/Src/stm32f1xx_hal_msp.o
 .debug_info    0x00002b10      0x60e ./Core/Src/stm32f1xx_it.o
 .debug_info    0x0000311e      0x257 ./Core/Src/system_stm32f1xx.o
 .debug_info    0x00003375       0x30 ./Core/Startup/startup_stm32f105rctx.o
 .debug_info    0x000033a5      0x780 ./Drivers/STM32F1xx_HAL_Driver/Src/stm32f1xx_hal.o
 .debug_info    0x00003b25      0xae7 ./Drivers/STM32F1xx_HAL_Driver/Src/stm32f1xx_hal_cortex.o
 .debug_info    0x0000460c      0x5c5 ./Drivers/STM32F1xx_HAL_Driver/Src/stm32f1xx_hal_gpio.o
 .debug_info    0x00004bd1     0x2515 ./Drivers/STM32F1xx_HAL_Driver/Src/stm32f1xx_hal_i2c.o
 .debug_info    0x000070e6     0x143a ./Drivers/STM32F1xx_HAL_Driver/Src/stm32f1xx_hal_pcd.o
 .debug_info    0x00008520      0x6cc ./Drivers/STM32F1xx_HAL_Driver/Src/stm32f1xx_hal_pcd_ex.o
 .debug_info    0x00008bec      0x895 ./Drivers/STM32F1xx_HAL_Driver/Src/stm32f1xx_hal_rcc.o
 .debug_info    0x00009481      0x585 ./Drivers/STM32F1xx_HAL_Driver/Src/stm32f1xx_hal_rcc_ex.o
 .debug_info    0x00009a06     0x293b ./Drivers/STM32F1xx_HAL_Driver/Src/stm32f1xx_hal_tim.o
 .debug_info    0x0000c341     0x149b ./Drivers/STM32F1xx_HAL_Driver/Src/stm32f1xx_hal_tim_ex.o
 .debug_info    0x0000d7dc     0x2fa8 ./Drivers/STM32F1xx_HAL_Driver/Src/stm32f1xx_hal_uart.o
 .debug_info    0x00010784     0x18fc ./Drivers/STM32F1xx_HAL_Driver/Src/stm32f1xx_ll_usb.o
 .debug_info    0x00012080     0x105d ./Middlewares/ST/STM32_USB_Device_Library/Class/CDC/Src/usbd_cdc.o
 .debug_info    0x000130dd      0xa52 ./Middlewares/ST/STM32_USB_Device_Library/Core/Src/usbd_core.o
 .debug_info    0x00013b2f      0x91c ./Middlewares/ST/STM32_USB_Device_Library/Core/Src/usbd_ctlreq.o
 .debug_info    0x0001444b      0x6a0 ./Middlewares/ST/STM32_USB_Device_Library/Core/Src/usbd_ioreq.o
 .debug_info    0x00014aeb      0x63d ./USB_DEVICE/App/usb_device.o
 .debug_info    0x00015128      0x80e ./USB_DEVICE/App/usbd_cdc_if.o
 .debug_info    0x00015936      0x447 ./USB_DEVICE/App/usbd_desc.o
 .debug_info    0x00015d7d     0x18c9 ./USB_DEVICE/Target/usbd_conf.o

.debug_abbrev   0x00000000     0x37d6
 .debug_abbrev  0x00000000      0x39f ./Core/Src/main.o
 .debug_abbrev  0x0000039f      0x235 ./Core/Src/stm32f1xx_hal_msp.o
 .debug_abbrev  0x000005d4      0x1a4 ./Core/Src/stm32f1xx_it.o
 .debug_abbrev  0x00000778      0x11a ./Core/Src/system_stm32f1xx.o
 .debug_abbrev  0x00000892       0x24 ./Core/Startup/startup_stm32f105rctx.o
 .debug_abbrev  0x000008b6      0x201 ./Drivers/STM32F1xx_HAL_Driver/Src/stm32f1xx_hal.o
 .debug_abbrev  0x00000ab7      0x2f8 ./Drivers/STM32F1xx_HAL_Driver/Src/stm32f1xx_hal_cortex.o
 .debug_abbrev  0x00000daf      0x1ca ./Drivers/STM32F1xx_HAL_Driver/Src/stm32f1xx_hal_gpio.o
 .debug_abbrev  0x00000f79      0x2a3 ./Drivers/STM32F1xx_HAL_Driver/Src/stm32f1xx_hal_i2c.o
 .debug_abbrev  0x0000121c      0x2c2 ./Drivers/STM32F1xx_HAL_Driver/Src/stm32f1xx_hal_pcd.o
 .debug_abbrev  0x000014de      0x1c7 ./Drivers/STM32F1xx_HAL_Driver/Src/stm32f1xx_hal_pcd_ex.o
 .debug_abbrev  0x000016a5      0x293 ./Drivers/STM32F1xx_HAL_Driver/Src/stm32f1xx_hal_rcc.o
 .debug_abbrev  0x00001938      0x1ac ./Drivers/STM32F1xx_HAL_Driver/Src/stm32f1xx_hal_rcc_ex.o
 .debug_abbrev  0x00001ae4      0x277 ./Drivers/STM32F1xx_HAL_Driver/Src/stm32f1xx_hal_tim.o
 .debug_abbrev  0x00001d5b      0x282 ./Drivers/STM32F1xx_HAL_Driver/Src/stm32f1xx_hal_tim_ex.o
 .debug_abbrev  0x00001fdd      0x2f8 ./Drivers/STM32F1xx_HAL_Driver/Src/stm32f1xx_hal_uart.o
 .debug_abbrev  0x000022d5      0x2b3 ./Drivers/STM32F1xx_HAL_Driver/Src/stm32f1xx_ll_usb.o
 .debug_abbrev  0x00002588      0x2d0 ./Middlewares/ST/STM32_USB_Device_Library/Class/CDC/Src/usbd_cdc.o
 .debug_abbrev  0x00002858      0x24a ./Middlewares/ST/STM32_USB_Device_Library/Core/Src/usbd_core.o
 .debug_abbrev  0x00002aa2      0x26b ./Middlewares/ST/STM32_USB_Device_Library/Core/Src/usbd_ctlreq.o
 .debug_abbrev  0x00002d0d      0x192 ./Middlewares/ST/STM32_USB_Device_Library/Core/Src/usbd_ioreq.o
 .debug_abbrev  0x00002e9f      0x18d ./USB_DEVICE/App/usb_device.o
 .debug_abbrev  0x0000302c      0x28a ./USB_DEVICE/App/usbd_cdc_if.o
 .debug_abbrev  0x000032b6      0x200 ./USB_DEVICE/App/usbd_desc.o
 .debug_abbrev  0x000034b6      0x320 ./USB_DEVICE/Target/usbd_conf.o

.debug_aranges  0x00000000     0x15e8
 .debug_aranges
                0x00000000       0xd0 ./Core/Src/main.o
 .debug_aranges
                0x000000d0       0x58 ./Core/Src/stm32f1xx_hal_msp.o
 .debug_aranges
                0x00000128       0x68 ./Core/Src/stm32f1xx_it.o
 .debug_aranges
                0x00000190       0x28 ./Core/Src/system_stm32f1xx.o
 .debug_aranges
                0x000001b8       0x28 ./Core/Startup/startup_stm32f105rctx.o
 .debug_aranges
                0x000001e0       0xe0 ./Drivers/STM32F1xx_HAL_Driver/Src/stm32f1xx_hal.o
 .debug_aranges
                0x000002c0      0x100 ./Drivers/STM32F1xx_HAL_Driver/Src/stm32f1xx_hal_cortex.o
 .debug_aranges
                0x000003c0       0x58 ./Drivers/STM32F1xx_HAL_Driver/Src/stm32f1xx_hal_gpio.o
 .debug_aranges
                0x00000418      0x2a8 ./Drivers/STM32F1xx_HAL_Driver/Src/stm32f1xx_hal_i2c.o
 .debug_aranges
                0x000006c0      0x140 ./Drivers/STM32F1xx_HAL_Driver/Src/stm32f1xx_hal_pcd.o
 .debug_aranges
                0x00000800       0x38 ./Drivers/STM32F1xx_HAL_Driver/Src/stm32f1xx_hal_pcd_ex.o
 .debug_aranges
                0x00000838       0x90 ./Drivers/STM32F1xx_HAL_Driver/Src/stm32f1xx_hal_rcc.o
 .debug_aranges
                0x000008c8       0x50 ./Drivers/STM32F1xx_HAL_Driver/Src/stm32f1xx_hal_rcc_ex.o
 .debug_aranges
                0x00000918      0x3d0 ./Drivers/STM32F1xx_HAL_Driver/Src/stm32f1xx_hal_tim.o
 .debug_aranges
                0x00000ce8      0x168 ./Drivers/STM32F1xx_HAL_Driver/Src/stm32f1xx_hal_tim_ex.o
 .debug_aranges
                0x00000e50      0x208 ./Drivers/STM32F1xx_HAL_Driver/Src/stm32f1xx_hal_uart.o
 .debug_aranges
                0x00001058      0x1a0 ./Drivers/STM32F1xx_HAL_Driver/Src/stm32f1xx_ll_usb.o
 .debug_aranges
                0x000011f8       0x90 ./Middlewares/ST/STM32_USB_Device_Library/Class/CDC/Src/usbd_cdc.o
 .debug_aranges
                0x00001288       0xb8 ./Middlewares/ST/STM32_USB_Device_Library/Core/Src/usbd_core.o
 .debug_aranges
                0x00001340       0x88 ./Middlewares/ST/STM32_USB_Device_Library/Core/Src/usbd_ctlreq.o
 .debug_aranges
                0x000013c8       0x50 ./Middlewares/ST/STM32_USB_Device_Library/Core/Src/usbd_ioreq.o
 .debug_aranges
                0x00001418       0x20 ./USB_DEVICE/App/usb_device.o
 .debug_aranges
                0x00001438       0x40 ./USB_DEVICE/App/usbd_cdc_if.o
 .debug_aranges
                0x00001478       0x60 ./USB_DEVICE/App/usbd_desc.o
 .debug_aranges
                0x000014d8      0x110 ./USB_DEVICE/Target/usbd_conf.o

.debug_rnglists
                0x00000000     0x1119
 .debug_rnglists
                0x00000000       0xa5 ./Core/Src/main.o
 .debug_rnglists
                0x000000a5       0x41 ./Core/Src/stm32f1xx_hal_msp.o
 .debug_rnglists
                0x000000e6       0x49 ./Core/Src/stm32f1xx_it.o
 .debug_rnglists
                0x0000012f       0x1a ./Core/Src/system_stm32f1xx.o
 .debug_rnglists
                0x00000149       0x19 ./Core/Startup/startup_stm32f105rctx.o
 .debug_rnglists
                0x00000162       0xa3 ./Drivers/STM32F1xx_HAL_Driver/Src/stm32f1xx_hal.o
 .debug_rnglists
                0x00000205       0xbb ./Drivers/STM32F1xx_HAL_Driver/Src/stm32f1xx_hal_cortex.o
 .debug_rnglists
                0x000002c0       0x3f ./Drivers/STM32F1xx_HAL_Driver/Src/stm32f1xx_hal_gpio.o
 .debug_rnglists
                0x000002ff      0x23c ./Drivers/STM32F1xx_HAL_Driver/Src/stm32f1xx_hal_i2c.o
 .debug_rnglists
                0x0000053b       0xf3 ./Drivers/STM32F1xx_HAL_Driver/Src/stm32f1xx_hal_pcd.o
 .debug_rnglists
                0x0000062e       0x26 ./Drivers/STM32F1xx_HAL_Driver/Src/stm32f1xx_hal_pcd_ex.o
 .debug_rnglists
                0x00000654       0x6c ./Drivers/STM32F1xx_HAL_Driver/Src/stm32f1xx_hal_rcc.o
 .debug_rnglists
                0x000006c0       0x3c ./Drivers/STM32F1xx_HAL_Driver/Src/stm32f1xx_hal_rcc_ex.o
 .debug_rnglists
                0x000006fc      0x31a ./Drivers/STM32F1xx_HAL_Driver/Src/stm32f1xx_hal_tim.o
 .debug_rnglists
                0x00000a16      0x125 ./Drivers/STM32F1xx_HAL_Driver/Src/stm32f1xx_hal_tim_ex.o
 .debug_rnglists
                0x00000b3b      0x1bc ./Drivers/STM32F1xx_HAL_Driver/Src/stm32f1xx_hal_uart.o
 .debug_rnglists
                0x00000cf7      0x146 ./Drivers/STM32F1xx_HAL_Driver/Src/stm32f1xx_ll_usb.o
 .debug_rnglists
                0x00000e3d       0x6a ./Middlewares/ST/STM32_USB_Device_Library/Class/CDC/Src/usbd_cdc.o
 .debug_rnglists
                0x00000ea7       0x89 ./Middlewares/ST/STM32_USB_Device_Library/Core/Src/usbd_core.o
 .debug_rnglists
                0x00000f30       0x68 ./Middlewares/ST/STM32_USB_Device_Library/Core/Src/usbd_ctlreq.o
 .debug_rnglists
                0x00000f98       0x37 ./Middlewares/ST/STM32_USB_Device_Library/Core/Src/usbd_ioreq.o
 .debug_rnglists
                0x00000fcf       0x13 ./USB_DEVICE/App/usb_device.o
 .debug_rnglists
                0x00000fe2       0x2c ./USB_DEVICE/App/usbd_cdc_if.o
 .debug_rnglists
                0x0000100e       0x43 ./USB_DEVICE/App/usbd_desc.o
 .debug_rnglists
                0x00001051       0xc8 ./USB_DEVICE/Target/usbd_conf.o

.debug_macro    0x00000000    0x217e2
 .debug_macro   0x00000000      0x412 ./Core/Src/main.o
 .debug_macro   0x00000412      0xaa8 ./Core/Src/main.o
 .debug_macro   0x00000eba      0x227 ./Core/Src/main.o
 .debug_macro   0x000010e1       0x2e ./Core/Src/main.o
 .debug_macro   0x0000110f       0x22 ./Core/Src/main.o
 .debug_macro   0x00001131       0x22 ./Core/Src/main.o
 .debug_macro   0x00001153       0x8e ./Core/Src/main.o
 .debug_macro   0x000011e1       0x51 ./Core/Src/main.o
 .debug_macro   0x00001232      0x103 ./Core/Src/main.o
 .debug_macro   0x00001335       0x6a ./Core/Src/main.o
 .debug_macro   0x0000139f      0x1df ./Core/Src/main.o
 .debug_macro   0x0000157e       0x1c ./Core/Src/main.o
 .debug_macro   0x0000159a       0x22 ./Core/Src/main.o
 .debug_macro   0x000015bc       0xbd ./Core/Src/main.o
 .debug_macro   0x00001679      0xd23 ./Core/Src/main.o
 .debug_macro   0x0000239c    0x14912 ./Core/Src/main.o
 .debug_macro   0x00016cae       0x6d ./Core/Src/main.o
 .debug_macro   0x00016d1b     0x348d ./Core/Src/main.o
 .debug_macro   0x0001a1a8      0x189 ./Core/Src/main.o
 .debug_macro   0x0001a331       0x5c ./Core/Src/main.o
 .debug_macro   0x0001a38d      0x5bc ./Core/Src/main.o
 .debug_macro   0x0001a949      0x644 ./Core/Src/main.o
 .debug_macro   0x0001af8d      0x1cb ./Core/Src/main.o
 .debug_macro   0x0001b158      0x114 ./Core/Src/main.o
 .debug_macro   0x0001b26c      0x214 ./Core/Src/main.o
 .debug_macro   0x0001b480       0x27 ./Core/Src/main.o
 .debug_macro   0x0001b4a7      0x13c ./Core/Src/main.o
 .debug_macro   0x0001b5e3      0x1bc ./Core/Src/main.o
 .debug_macro   0x0001b79f       0x30 ./Core/Src/main.o
 .debug_macro   0x0001b7cf       0x3c ./Core/Src/main.o
 .debug_macro   0x0001b80b       0x57 ./Core/Src/main.o
 .debug_macro   0x0001b862       0x87 ./Core/Src/main.o
 .debug_macro   0x0001b8e9      0x24f ./Core/Src/main.o
 .debug_macro   0x0001bb38      0x287 ./Core/Src/main.o
 .debug_macro   0x0001bdbf      0x140 ./Core/Src/main.o
 .debug_macro   0x0001beff      0x8ed ./Core/Src/main.o
 .debug_macro   0x0001c7ec      0x28e ./Core/Src/main.o
 .debug_macro   0x0001ca7a      0x209 ./Core/Src/main.o
 .debug_macro   0x0001cc83       0x82 ./Core/Src/main.o
 .debug_macro   0x0001cd05       0xdf ./Core/Src/main.o
 .debug_macro   0x0001cde4       0x94 ./Core/Src/main.o
 .debug_macro   0x0001ce78       0x61 ./Core/Src/main.o
 .debug_macro   0x0001ced9       0x24 ./Core/Src/main.o
 .debug_macro   0x0001cefd       0x43 ./Core/Src/main.o
 .debug_macro   0x0001cf40       0x34 ./Core/Src/main.o
 .debug_macro   0x0001cf74       0x16 ./Core/Src/main.o
 .debug_macro   0x0001cf8a       0x35 ./Core/Src/main.o
 .debug_macro   0x0001cfbf      0x369 ./Core/Src/main.o
 .debug_macro   0x0001d328       0x10 ./Core/Src/main.o
 .debug_macro   0x0001d338       0x16 ./Core/Src/main.o
 .debug_macro   0x0001d34e       0x43 ./Core/Src/main.o
 .debug_macro   0x0001d391       0x34 ./Core/Src/main.o
 .debug_macro   0x0001d3c5       0x10 ./Core/Src/main.o
 .debug_macro   0x0001d3d5       0x58 ./Core/Src/main.o
 .debug_macro   0x0001d42d       0x8e ./Core/Src/main.o
 .debug_macro   0x0001d4bb       0x1c ./Core/Src/main.o
 .debug_macro   0x0001d4d7      0x177 ./Core/Src/main.o
 .debug_macro   0x0001d64e       0x16 ./Core/Src/main.o
 .debug_macro   0x0001d664       0x16 ./Core/Src/main.o
 .debug_macro   0x0001d67a      0x146 ./Core/Src/main.o
 .debug_macro   0x0001d7c0       0x16 ./Core/Src/main.o
 .debug_macro   0x0001d7d6       0x16 ./Core/Src/main.o
 .debug_macro   0x0001d7ec       0x29 ./Core/Src/main.o
 .debug_macro   0x0001d815       0x16 ./Core/Src/main.o
 .debug_macro   0x0001d82b       0x20 ./Core/Src/main.o
 .debug_macro   0x0001d84b       0x5f ./Core/Src/main.o
 .debug_macro   0x0001d8aa      0x1c8 ./Core/Src/main.o
 .debug_macro   0x0001da72       0x8f ./Core/Src/main.o
 .debug_macro   0x0001db01       0x10 ./Core/Src/main.o
 .debug_macro   0x0001db11       0x22 ./Core/Src/main.o
 .debug_macro   0x0001db33      0x1e0 ./Core/Src/stm32f1xx_hal_msp.o
 .debug_macro   0x0001dd13      0x1ea ./Core/Src/stm32f1xx_it.o
 .debug_macro   0x0001defd      0x1d1 ./Core/Src/system_stm32f1xx.o
 .debug_macro   0x0001e0ce      0x1f5 ./Drivers/STM32F1xx_HAL_Driver/Src/stm32f1xx_hal.o
 .debug_macro   0x0001e2c3      0x1d1 ./Drivers/STM32F1xx_HAL_Driver/Src/stm32f1xx_hal_cortex.o
 .debug_macro   0x0001e494      0x23c ./Drivers/STM32F1xx_HAL_Driver/Src/stm32f1xx_hal_gpio.o
 .debug_macro   0x0001e6d0      0x21f ./Drivers/STM32F1xx_HAL_Driver/Src/stm32f1xx_hal_i2c.o
 .debug_macro   0x0001e8ef      0x1dd ./Drivers/STM32F1xx_HAL_Driver/Src/stm32f1xx_hal_pcd.o
 .debug_macro   0x0001eacc      0x1d1 ./Drivers/STM32F1xx_HAL_Driver/Src/stm32f1xx_hal_pcd_ex.o
 .debug_macro   0x0001ec9d      0x1e3 ./Drivers/STM32F1xx_HAL_Driver/Src/stm32f1xx_hal_rcc.o
 .debug_macro   0x0001ee80      0x1d1 ./Drivers/STM32F1xx_HAL_Driver/Src/stm32f1xx_hal_rcc_ex.o
 .debug_macro   0x0001f051      0x1d2 ./Drivers/STM32F1xx_HAL_Driver/Src/stm32f1xx_hal_tim.o
 .debug_macro   0x0001f223      0x1d1 ./Drivers/STM32F1xx_HAL_Driver/Src/stm32f1xx_hal_tim_ex.o
 .debug_macro   0x0001f3f4      0x1d2 ./Drivers/STM32F1xx_HAL_Driver/Src/stm32f1xx_hal_uart.o
 .debug_macro   0x0001f5c6      0x1d1 ./Drivers/STM32F1xx_HAL_Driver/Src/stm32f1xx_ll_usb.o
 .debug_macro   0x0001f797      0x36f ./Middlewares/ST/STM32_USB_Device_Library/Class/CDC/Src/usbd_cdc.o
 .debug_macro   0x0001fb06       0x9e ./Middlewares/ST/STM32_USB_Device_Library/Class/CDC/Src/usbd_cdc.o
 .debug_macro   0x0001fba4      0x10b ./Middlewares/ST/STM32_USB_Device_Library/Class/CDC/Src/usbd_cdc.o
 .debug_macro   0x0001fcaf       0x56 ./Middlewares/ST/STM32_USB_Device_Library/Class/CDC/Src/usbd_cdc.o
 .debug_macro   0x0001fd05      0x356 ./Middlewares/ST/STM32_USB_Device_Library/Core/Src/usbd_core.o
 .debug_macro   0x0002005b      0x1ce ./Middlewares/ST/STM32_USB_Device_Library/Core/Src/usbd_core.o
 .debug_macro   0x00020229      0x360 ./Middlewares/ST/STM32_USB_Device_Library/Core/Src/usbd_ctlreq.o
 .debug_macro   0x00020589      0x35c ./Middlewares/ST/STM32_USB_Device_Library/Core/Src/usbd_ioreq.o
 .debug_macro   0x000208e5      0x38f ./USB_DEVICE/App/usb_device.o
 .debug_macro   0x00020c74       0x9a ./USB_DEVICE/App/usb_device.o
 .debug_macro   0x00020d0e       0x22 ./USB_DEVICE/App/usb_device.o
 .debug_macro   0x00020d30       0x16 ./USB_DEVICE/App/usb_device.o
 .debug_macro   0x00020d46      0x37a ./USB_DEVICE/App/usbd_cdc_if.o
 .debug_macro   0x000210c0      0x393 ./USB_DEVICE/App/usbd_desc.o
 .debug_macro   0x00021453       0x1c ./USB_DEVICE/App/usbd_desc.o
 .debug_macro   0x0002146f      0x373 ./USB_DEVICE/Target/usbd_conf.o

.debug_line     0x00000000    0x1a70a
 .debug_line    0x00000000     0x131b ./Core/Src/main.o
 .debug_line    0x0000131b      0x821 ./Core/Src/stm32f1xx_hal_msp.o
 .debug_line    0x00001b3c      0x782 ./Core/Src/stm32f1xx_it.o
 .debug_line    0x000022be      0x75d ./Core/Src/system_stm32f1xx.o
 .debug_line    0x00002a1b       0x78 ./Core/Startup/startup_stm32f105rctx.o
 .debug_line    0x00002a93      0x955 ./Drivers/STM32F1xx_HAL_Driver/Src/stm32f1xx_hal.o
 .debug_line    0x000033e8      0xb3f ./Drivers/STM32F1xx_HAL_Driver/Src/stm32f1xx_hal_cortex.o
 .debug_line    0x00003f27      0x9ec ./Drivers/STM32F1xx_HAL_Driver/Src/stm32f1xx_hal_gpio.o
 .debug_line    0x00004913     0x3bc0 ./Drivers/STM32F1xx_HAL_Driver/Src/stm32f1xx_hal_i2c.o
 .debug_line    0x000084d3     0x12b9 ./Drivers/STM32F1xx_HAL_Driver/Src/stm32f1xx_hal_pcd.o
 .debug_line    0x0000978c      0x772 ./Drivers/STM32F1xx_HAL_Driver/Src/stm32f1xx_hal_pcd_ex.o
 .debug_line    0x00009efe      0xe94 ./Drivers/STM32F1xx_HAL_Driver/Src/stm32f1xx_hal_rcc.o
 .debug_line    0x0000ad92      0xb98 ./Drivers/STM32F1xx_HAL_Driver/Src/stm32f1xx_hal_rcc_ex.o
 .debug_line    0x0000b92a     0x34aa ./Drivers/STM32F1xx_HAL_Driver/Src/stm32f1xx_hal_tim.o
 .debug_line    0x0000edd4     0x18e6 ./Drivers/STM32F1xx_HAL_Driver/Src/stm32f1xx_hal_tim_ex.o
 .debug_line    0x000106ba     0x289c ./Drivers/STM32F1xx_HAL_Driver/Src/stm32f1xx_hal_uart.o
 .debug_line    0x00012f56     0x1a76 ./Drivers/STM32F1xx_HAL_Driver/Src/stm32f1xx_ll_usb.o
 .debug_line    0x000149cc      0xc9b ./Middlewares/ST/STM32_USB_Device_Library/Class/CDC/Src/usbd_cdc.o
 .debug_line    0x00015667      0xd17 ./Middlewares/ST/STM32_USB_Device_Library/Core/Src/usbd_core.o
 .debug_line    0x0001637e      0xf57 ./Middlewares/ST/STM32_USB_Device_Library/Core/Src/usbd_ctlreq.o
 .debug_line    0x000172d5      0x9ad ./Middlewares/ST/STM32_USB_Device_Library/Core/Src/usbd_ioreq.o
 .debug_line    0x00017c82      0x96d ./USB_DEVICE/App/usb_device.o
 .debug_line    0x000185ef      0x9b6 ./USB_DEVICE/App/usbd_cdc_if.o
 .debug_line    0x00018fa5      0xa36 ./USB_DEVICE/App/usbd_desc.o
 .debug_line    0x000199db      0xd2f ./USB_DEVICE/Target/usbd_conf.o

.debug_str      0x00000000    0xb97c4
 .debug_str     0x00000000    0xb4228 ./Core/Src/main.o
                              0xb4748 (size before relaxing)
 .debug_str     0x000b4228       0xf3 ./Core/Src/stm32f1xx_hal_msp.o
                              0xaf93c (size before relaxing)
 .debug_str     0x000b431b      0x43d ./Core/Src/stm32f1xx_it.o
                              0xaf30d (size before relaxing)
 .debug_str     0x000b4758       0xb1 ./Core/Src/system_stm32f1xx.o
                              0xaecbe (size before relaxing)
 .debug_str     0x000b4809       0x44 ./Core/Startup/startup_stm32f105rctx.o
                                 0x71 (size before relaxing)
 .debug_str     0x000b484d      0x6ca ./Drivers/STM32F1xx_HAL_Driver/Src/stm32f1xx_hal.o
                              0xaf498 (size before relaxing)
 .debug_str     0x000b4f17      0x2bb ./Drivers/STM32F1xx_HAL_Driver/Src/stm32f1xx_hal_cortex.o
                              0xaf3d6 (size before relaxing)
 .debug_str     0x000b51d2      0x2e6 ./Drivers/STM32F1xx_HAL_Driver/Src/stm32f1xx_hal_gpio.o
                              0xaf017 (size before relaxing)
 .debug_str     0x000b54b8      0xbb2 ./Drivers/STM32F1xx_HAL_Driver/Src/stm32f1xx_hal_i2c.o
                              0xafd4a (size before relaxing)
 .debug_str     0x000b606a      0x7b2 ./Drivers/STM32F1xx_HAL_Driver/Src/stm32f1xx_hal_pcd.o
                              0xaf7d3 (size before relaxing)
 .debug_str     0x000b681c      0x163 ./Drivers/STM32F1xx_HAL_Driver/Src/stm32f1xx_hal_pcd_ex.o
                              0xaf142 (size before relaxing)
 .debug_str     0x000b697f      0x210 ./Drivers/STM32F1xx_HAL_Driver/Src/stm32f1xx_hal_rcc.o
                              0xaf12d (size before relaxing)
 .debug_str     0x000b6b8f      0x11f ./Drivers/STM32F1xx_HAL_Driver/Src/stm32f1xx_hal_rcc_ex.o
                              0xaef3b (size before relaxing)
 .debug_str     0x000b6cae      0xdd0 ./Drivers/STM32F1xx_HAL_Driver/Src/stm32f1xx_hal_tim.o
                              0xb00a4 (size before relaxing)
 .debug_str     0x000b7a7e      0x493 ./Drivers/STM32F1xx_HAL_Driver/Src/stm32f1xx_hal_tim_ex.o
                              0xaf8c0 (size before relaxing)
 .debug_str     0x000b7f11      0x622 ./Drivers/STM32F1xx_HAL_Driver/Src/stm32f1xx_hal_uart.o
                              0xaf723 (size before relaxing)
 .debug_str     0x000b8533      0x478 ./Drivers/STM32F1xx_HAL_Driver/Src/stm32f1xx_ll_usb.o
                              0xaf6fd (size before relaxing)
 .debug_str     0x000b89ab      0x629 ./Middlewares/ST/STM32_USB_Device_Library/Class/CDC/Src/usbd_cdc.o
                              0xb3e27 (size before relaxing)
 .debug_str     0x000b8fd4      0x281 ./Middlewares/ST/STM32_USB_Device_Library/Core/Src/usbd_core.o
                              0xb370c (size before relaxing)
 .debug_str     0x000b9255      0x117 ./Middlewares/ST/STM32_USB_Device_Library/Core/Src/usbd_ctlreq.o
                              0xb3626 (size before relaxing)
 .debug_str     0x000b936c       0x51 ./Middlewares/ST/STM32_USB_Device_Library/Core/Src/usbd_ioreq.o
                              0xb3553 (size before relaxing)
 .debug_str     0x000b93bd       0xc6 ./USB_DEVICE/App/usb_device.o
                              0xb38de (size before relaxing)
 .debug_str     0x000b9483       0x76 ./USB_DEVICE/App/usbd_cdc_if.o
                              0xb3918 (size before relaxing)
 .debug_str     0x000b94f9      0x258 ./USB_DEVICE/App/usbd_desc.o
                              0xb348f (size before relaxing)
 .debug_str     0x000b9751       0x73 ./USB_DEVICE/Target/usbd_conf.o
                              0xb4495 (size before relaxing)

.comment        0x00000000       0x43
 .comment       0x00000000       0x43 ./Core/Src/main.o
                                 0x44 (size before relaxing)
 .comment       0x00000043       0x44 ./Core/Src/stm32f1xx_hal_msp.o
 .comment       0x00000043       0x44 ./Core/Src/stm32f1xx_it.o
 .comment       0x00000043       0x44 ./Core/Src/system_stm32f1xx.o
 .comment       0x00000043       0x44 ./Drivers/STM32F1xx_HAL_Driver/Src/stm32f1xx_hal.o
 .comment       0x00000043       0x44 ./Drivers/STM32F1xx_HAL_Driver/Src/stm32f1xx_hal_cortex.o
 .comment       0x00000043       0x44 ./Drivers/STM32F1xx_HAL_Driver/Src/stm32f1xx_hal_gpio.o
 .comment       0x00000043       0x44 ./Drivers/STM32F1xx_HAL_Driver/Src/stm32f1xx_hal_i2c.o
 .comment       0x00000043       0x44 ./Drivers/STM32F1xx_HAL_Driver/Src/stm32f1xx_hal_pcd.o
 .comment       0x00000043       0x44 ./Drivers/STM32F1xx_HAL_Driver/Src/stm32f1xx_hal_pcd_ex.o
 .comment       0x00000043       0x44 ./Drivers/STM32F1xx_HAL_Driver/Src/stm32f1xx_hal_rcc.o
 .comment       0x00000043       0x44 ./Drivers/STM32F1xx_HAL_Driver/Src/stm32f1xx_hal_rcc_ex.o
 .comment       0x00000043       0x44 ./Drivers/STM32F1xx_HAL_Driver/Src/stm32f1xx_hal_tim.o
 .comment       0x00000043       0x44 ./Drivers/STM32F1xx_HAL_Driver/Src/stm32f1xx_hal_tim_ex.o
 .comment       0x00000043       0x44 ./Drivers/STM32F1xx_HAL_Driver/Src/stm32f1xx_hal_uart.o
 .comment       0x00000043       0x44 ./Drivers/STM32F1xx_HAL_Driver/Src/stm32f1xx_ll_usb.o
 .comment       0x00000043       0x44 ./Middlewares/ST/STM32_USB_Device_Library/Class/CDC/Src/usbd_cdc.o
 .comment       0x00000043       0x44 ./Middlewares/ST/STM32_USB_Device_Library/Core/Src/usbd_core.o
 .comment       0x00000043       0x44 ./Middlewares/ST/STM32_USB_Device_Library/Core/Src/usbd_ctlreq.o
 .comment       0x00000043       0x44 ./Middlewares/ST/STM32_USB_Device_Library/Core/Src/usbd_ioreq.o
 .comment       0x00000043       0x44 ./USB_DEVICE/App/usb_device.o
 .comment       0x00000043       0x44 ./USB_DEVICE/App/usbd_cdc_if.o
 .comment       0x00000043       0x44 ./USB_DEVICE/App/usbd_desc.o
 .comment       0x00000043       0x44 ./USB_DEVICE/Target/usbd_conf.o

.debug_frame    0x00000000     0x5d78
 .debug_frame   0x00000000      0x350 ./Core/Src/main.o
 .debug_frame   0x00000350      0x13c ./Core/Src/stm32f1xx_hal_msp.o
 .debug_frame   0x0000048c      0x120 ./Core/Src/stm32f1xx_it.o
 .debug_frame   0x000005ac       0x58 ./Core/Src/system_stm32f1xx.o
 .debug_frame   0x00000604      0x334 ./Drivers/STM32F1xx_HAL_Driver/Src/stm32f1xx_hal.o
 .debug_frame   0x00000938      0x428 ./Drivers/STM32F1xx_HAL_Driver/Src/stm32f1xx_hal_cortex.o
 .debug_frame   0x00000d60      0x14c ./Drivers/STM32F1xx_HAL_Driver/Src/stm32f1xx_hal_gpio.o
 .debug_frame   0x00000eac      0xc84 ./Drivers/STM32F1xx_HAL_Driver/Src/stm32f1xx_hal_i2c.o
 .debug_frame   0x00001b30      0x590 ./Drivers/STM32F1xx_HAL_Driver/Src/stm32f1xx_hal_pcd.o
 .debug_frame   0x000020c0       0xb0 ./Drivers/STM32F1xx_HAL_Driver/Src/stm32f1xx_hal_pcd_ex.o
 .debug_frame   0x00002170      0x220 ./Drivers/STM32F1xx_HAL_Driver/Src/stm32f1xx_hal_rcc.o
 .debug_frame   0x00002390      0x118 ./Drivers/STM32F1xx_HAL_Driver/Src/stm32f1xx_hal_rcc_ex.o
 .debug_frame   0x000024a8     0x11bc ./Drivers/STM32F1xx_HAL_Driver/Src/stm32f1xx_hal_tim.o
 .debug_frame   0x00003664      0x638 ./Drivers/STM32F1xx_HAL_Driver/Src/stm32f1xx_hal_tim_ex.o
 .debug_frame   0x00003c9c      0x944 ./Drivers/STM32F1xx_HAL_Driver/Src/stm32f1xx_hal_uart.o
 .debug_frame   0x000045e0      0x7bc ./Drivers/STM32F1xx_HAL_Driver/Src/stm32f1xx_ll_usb.o
 .debug_frame   0x00004d9c      0x248 ./Middlewares/ST/STM32_USB_Device_Library/Class/CDC/Src/usbd_cdc.o
 .debug_frame   0x00004fe4      0x300 ./Middlewares/ST/STM32_USB_Device_Library/Core/Src/usbd_core.o
 .debug_frame   0x000052e4      0x218 ./Middlewares/ST/STM32_USB_Device_Library/Core/Src/usbd_ctlreq.o
 .debug_frame   0x000054fc      0x10c ./Middlewares/ST/STM32_USB_Device_Library/Core/Src/usbd_ioreq.o
 .debug_frame   0x00005608       0x2c ./USB_DEVICE/App/usb_device.o
 .debug_frame   0x00005634       0xbc ./USB_DEVICE/App/usbd_cdc_if.o
 .debug_frame   0x000056f0      0x160 ./USB_DEVICE/App/usbd_desc.o
 .debug_frame   0x00005850      0x47c ./USB_DEVICE/Target/usbd_conf.o
 .debug_frame   0x00005ccc       0x20 /opt/st/stm32cubeide_1.16.0/plugins/com.st.stm32cube.ide.mcu.externaltools.gnu-tools-for-stm32.12.3.rel1.linux64_1.0.200.202406132123/tools/bin/../lib/gcc/arm-none-eabi/12.3.1/../../../../arm-none-eabi/lib/thumb/v7-m/nofp/libc_nano.a(libc_a-memset.o)
 .debug_frame   0x00005cec       0x2c /opt/st/stm32cubeide_1.16.0/plugins/com.st.stm32cube.ide.mcu.externaltools.gnu-tools-for-stm32.12.3.rel1.linux64_1.0.200.202406132123/tools/bin/../lib/gcc/arm-none-eabi/12.3.1/../../../../arm-none-eabi/lib/thumb/v7-m/nofp/libc_nano.a(libc_a-init.o)
 .debug_frame   0x00005d18       0x2c /opt/st/stm32cubeide_1.16.0/plugins/com.st.stm32cube.ide.mcu.externaltools.gnu-tools-for-stm32.12.3.rel1.linux64_1.0.200.202406132123/tools/bin/../lib/gcc/arm-none-eabi/12.3.1/thumb/v7-m/nofp/libgcc.a(_aeabi_uldivmod.o)
 .debug_frame   0x00005d44       0x34 /opt/st/stm32cubeide_1.16.0/plugins/com.st.stm32cube.ide.mcu.externaltools.gnu-tools-for-stm32.12.3.rel1.linux64_1.0.200.202406132123/tools/bin/../lib/gcc/arm-none-eabi/12.3.1/thumb/v7-m/nofp/libgcc.a(_udivmoddi4.o)

.debug_line_str
                0x00000000       0x55
 .debug_line_str
                0x00000000       0x55 ./Core/Startup/startup_stm32f105rctx.o