Archive member included to satisfy reference by file (symbol)

C:/ST/STM32CubeIDE_1.14.0/STM32CubeIDE/plugins/com.st.stm32cube.ide.mcu.externaltools.gnu-tools-for-stm32.11.3.rel1.win32_1.1.100.202309141235/tools/bin/../lib/gcc/arm-none-eabi/11.3.1/../../../../arm-none-eabi/lib/thumb/v7-m/nofp\libc_nano.a(libc_a-exit.o)
                              C:/ST/STM32CubeIDE_1.14.0/STM32CubeIDE/plugins/com.st.stm32cube.ide.mcu.externaltools.gnu-tools-for-stm32.11.3.rel1.win32_1.1.100.202309141235/tools/bin/../lib/gcc/arm-none-eabi/11.3.1/../../../../arm-none-eabi/lib/thumb/v7-m/nofp/crt0.o (exit)
C:/ST/STM32CubeIDE_1.14.0/STM32CubeIDE/plugins/com.st.stm32cube.ide.mcu.externaltools.gnu-tools-for-stm32.11.3.rel1.win32_1.1.100.202309141235/tools/bin/../lib/gcc/arm-none-eabi/11.3.1/../../../../arm-none-eabi/lib/thumb/v7-m/nofp\libc_nano.a(libc_a-findfp.o)
                              C:/ST/STM32CubeIDE_1.14.0/STM32CubeIDE/plugins/com.st.stm32cube.ide.mcu.externaltools.gnu-tools-for-stm32.11.3.rel1.win32_1.1.100.202309141235/tools/bin/../lib/gcc/arm-none-eabi/11.3.1/../../../../arm-none-eabi/lib/thumb/v7-m/nofp\libc_nano.a(libc_a-exit.o) (__stdio_exit_handler)
C:/ST/STM32CubeIDE_1.14.0/STM32CubeIDE/plugins/com.st.stm32cube.ide.mcu.externaltools.gnu-tools-for-stm32.11.3.rel1.win32_1.1.100.202309141235/tools/bin/../lib/gcc/arm-none-eabi/11.3.1/../../../../arm-none-eabi/lib/thumb/v7-m/nofp\libc_nano.a(libc_a-fwalk.o)
                              C:/ST/STM32CubeIDE_1.14.0/STM32CubeIDE/plugins/com.st.stm32cube.ide.mcu.externaltools.gnu-tools-for-stm32.11.3.rel1.win32_1.1.100.202309141235/tools/bin/../lib/gcc/arm-none-eabi/11.3.1/../../../../arm-none-eabi/lib/thumb/v7-m/nofp\libc_nano.a(libc_a-findfp.o) (_fwalk_sglue)
C:/ST/STM32CubeIDE_1.14.0/STM32CubeIDE/plugins/com.st.stm32cube.ide.mcu.externaltools.gnu-tools-for-stm32.11.3.rel1.win32_1.1.100.202309141235/tools/bin/../lib/gcc/arm-none-eabi/11.3.1/../../../../arm-none-eabi/lib/thumb/v7-m/nofp\libc_nano.a(libc_a-stdio.o)
                              C:/ST/STM32CubeIDE_1.14.0/STM32CubeIDE/plugins/com.st.stm32cube.ide.mcu.externaltools.gnu-tools-for-stm32.11.3.rel1.win32_1.1.100.202309141235/tools/bin/../lib/gcc/arm-none-eabi/11.3.1/../../../../arm-none-eabi/lib/thumb/v7-m/nofp\libc_nano.a(libc_a-findfp.o) (__sread)
C:/ST/STM32CubeIDE_1.14.0/STM32CubeIDE/plugins/com.st.stm32cube.ide.mcu.externaltools.gnu-tools-for-stm32.11.3.rel1.win32_1.1.100.202309141235/tools/bin/../lib/gcc/arm-none-eabi/11.3.1/../../../../arm-none-eabi/lib/thumb/v7-m/nofp\libc_nano.a(libc_a-memset.o)
                              C:/ST/STM32CubeIDE_1.14.0/STM32CubeIDE/plugins/com.st.stm32cube.ide.mcu.externaltools.gnu-tools-for-stm32.11.3.rel1.win32_1.1.100.202309141235/tools/bin/../lib/gcc/arm-none-eabi/11.3.1/../../../../arm-none-eabi/lib/thumb/v7-m/nofp/crt0.o (memset)
C:/ST/STM32CubeIDE_1.14.0/STM32CubeIDE/plugins/com.st.stm32cube.ide.mcu.externaltools.gnu-tools-for-stm32.11.3.rel1.win32_1.1.100.202309141235/tools/bin/../lib/gcc/arm-none-eabi/11.3.1/../../../../arm-none-eabi/lib/thumb/v7-m/nofp\libc_nano.a(libc_a-closer.o)
                              C:/ST/STM32CubeIDE_1.14.0/STM32CubeIDE/plugins/com.st.stm32cube.ide.mcu.externaltools.gnu-tools-for-stm32.11.3.rel1.win32_1.1.100.202309141235/tools/bin/../lib/gcc/arm-none-eabi/11.3.1/../../../../arm-none-eabi/lib/thumb/v7-m/nofp\libc_nano.a(libc_a-stdio.o) (_close_r)
C:/ST/STM32CubeIDE_1.14.0/STM32CubeIDE/plugins/com.st.stm32cube.ide.mcu.externaltools.gnu-tools-for-stm32.11.3.rel1.win32_1.1.100.202309141235/tools/bin/../lib/gcc/arm-none-eabi/11.3.1/../../../../arm-none-eabi/lib/thumb/v7-m/nofp\libc_nano.a(libc_a-reent.o)
                              C:/ST/STM32CubeIDE_1.14.0/STM32CubeIDE/plugins/com.st.stm32cube.ide.mcu.externaltools.gnu-tools-for-stm32.11.3.rel1.win32_1.1.100.202309141235/tools/bin/../lib/gcc/arm-none-eabi/11.3.1/../../../../arm-none-eabi/lib/thumb/v7-m/nofp\libc_nano.a(libc_a-closer.o) (errno)
C:/ST/STM32CubeIDE_1.14.0/STM32CubeIDE/plugins/com.st.stm32cube.ide.mcu.externaltools.gnu-tools-for-stm32.11.3.rel1.win32_1.1.100.202309141235/tools/bin/../lib/gcc/arm-none-eabi/11.3.1/../../../../arm-none-eabi/lib/thumb/v7-m/nofp\libc_nano.a(libc_a-impure.o)
                              C:/ST/STM32CubeIDE_1.14.0/STM32CubeIDE/plugins/com.st.stm32cube.ide.mcu.externaltools.gnu-tools-for-stm32.11.3.rel1.win32_1.1.100.202309141235/tools/bin/../lib/gcc/arm-none-eabi/11.3.1/../../../../arm-none-eabi/lib/thumb/v7-m/nofp\libc_nano.a(libc_a-reent.o) (_impure_ptr)
C:/ST/STM32CubeIDE_1.14.0/STM32CubeIDE/plugins/com.st.stm32cube.ide.mcu.externaltools.gnu-tools-for-stm32.11.3.rel1.win32_1.1.100.202309141235/tools/bin/../lib/gcc/arm-none-eabi/11.3.1/../../../../arm-none-eabi/lib/thumb/v7-m/nofp\libc_nano.a(libc_a-lseekr.o)
[...]
Memory Configuration

Name             Origin             Length             Attributes
RAM              0x0000000020000000 0x0000000000005000 xrw
FLASH            0x0000000008000000 0x0000000000010000 xr
*default*        0x0000000000000000 0xffffffffffffffff

Linker script and memory map

LOAD C:/ST/STM32CubeIDE_1.14.0/STM32CubeIDE/plugins/com.st.stm32cube.ide.mcu.externaltools.gnu-tools-for-stm32.11.3.rel1.win32_1.1.100.202309141235/tools/bin/../lib/gcc/arm-none-eabi/11.3.1/thumb/v7-m/nofp/crti.o
LOAD C:/ST/STM32CubeIDE_1.14.0/STM32CubeIDE/plugins/com.st.stm32cube.ide.mcu.externaltools.gnu-tools-for-stm32.11.3.rel1.win32_1.1.100.202309141235/tools/bin/../lib/gcc/arm-none-eabi/11.3.1/thumb/v7-m/nofp/crtbegin.o
LOAD C:/ST/STM32CubeIDE_1.14.0/STM32CubeIDE/plugins/com.st.stm32cube.ide.mcu.externaltools.gnu-tools-for-stm32.11.3.rel1.win32_1.1.100.202309141235/tools/bin/../lib/gcc/arm-none-eabi/11.3.1/../../../../arm-none-eabi/lib/thumb/v7-m/nofp/crt0.o
LOAD ./Core/Src/main.o
LOAD ./Core/Src/stm32f1xx_hal_msp.o
LOAD ./Core/Src/stm32f1xx_it.o
LOAD ./Core/Src/syscalls.o
LOAD ./Core/Src/sysmem.o
LOAD ./Core/Src/system_stm32f1xx.o
LOAD ./Core/Startup/startup_stm32f103c8tx.o
LOAD ./Drivers/STM32F1xx_HAL_Driver/Src/stm32f1xx_hal.o
LOAD ./Drivers/STM32F1xx_HAL_Driver/Src/stm32f1xx_hal_cortex.o
LOAD ./Drivers/STM32F1xx_HAL_Driver/Src/stm32f1xx_hal_dma.o
LOAD ./Drivers/STM32F1xx_HAL_Driver/Src/stm32f1xx_hal_exti.o
LOAD ./Drivers/STM32F1xx_HAL_Driver/Src/stm32f1xx_hal_flash.o
LOAD ./Drivers/STM32F1xx_HAL_Driver/Src/stm32f1xx_hal_flash_ex.o
LOAD ./Drivers/STM32F1xx_HAL_Driver/Src/stm32f1xx_hal_gpio.o
LOAD ./Drivers/STM32F1xx_HAL_Driver/Src/stm32f1xx_hal_gpio_ex.o
LOAD ./Drivers/STM32F1xx_HAL_Driver/Src/stm32f1xx_hal_pcd.o
LOAD ./Drivers/STM32F1xx_HAL_Driver/Src/stm32f1xx_hal_pcd_ex.o
LOAD ./Drivers/STM32F1xx_HAL_Driver/Src/stm32f1xx_hal_pwr.o
LOAD ./Drivers/STM32F1xx_HAL_Driver/Src/stm32f1xx_hal_rcc.o
LOAD ./Drivers/STM32F1xx_HAL_Driver/Src/stm32f1xx_hal_rcc_ex.o
LOAD ./Drivers/STM32F1xx_HAL_Driver/Src/stm32f1xx_hal_tim.o
LOAD ./Drivers/STM32F1xx_HAL_Driver/Src/stm32f1xx_hal_tim_ex.o
LOAD ./Drivers/STM32F1xx_HAL_Driver/Src/stm32f1xx_ll_usb.o
LOAD ./Middlewares/ST/STM32_USB_Device_Library/Class/CDC/Src/usbd_cdc.o
LOAD ./Middlewares/ST/STM32_USB_Device_Library/Core/Src/usbd_core.o
LOAD ./Middlewares/ST/STM32_USB_Device_Library/Core/Src/usbd_ctlreq.o
LOAD ./Middlewares/ST/STM32_USB_Device_Library/Core/Src/usbd_ioreq.o
LOAD ./USB_DEVICE/App/usb_device.o
LOAD ./USB_DEVICE/App/usbd_cdc_if.o
LOAD ./USB_DEVICE/App/usbd_desc.o
LOAD ./USB_DEVICE/Target/usbd_conf.o
START GROUP
LOAD C:/ST/STM32CubeIDE_1.14.0/STM32CubeIDE/plugins/com.st.stm32cube.ide.mcu.externaltools.gnu-tools-for-stm32.11.3.rel1.win32_1.1.100.202309141235/tools/bin/../lib/gcc/arm-none-eabi/11.3.1/../../../../arm-none-eabi/lib/thumb/v7-m/nofp\libc_nano.a
LOAD C:/ST/STM32CubeIDE_1.14.0/STM32CubeIDE/plugins/com.st.stm32cube.ide.mcu.externaltools.gnu-tools-for-stm32.11.3.rel1.win32_1.1.100.202309141235/tools/bin/../lib/gcc/arm-none-eabi/11.3.1/../../../../arm-none-eabi/lib/thumb/v7-m/nofp\libm.a
END GROUP
START GROUP
LOAD C:/ST/STM32CubeIDE_1.14.0/STM32CubeIDE/plugins/com.st.stm32cube.ide.mcu.externaltools.gnu-tools-for-stm32.11.3.rel1.win32_1.1.100.202309141235/tools/bin/../lib/gcc/arm-none-eabi/11.3.1/thumb/v7-m/nofp\libgcc.a
LOAD C:/ST/STM32CubeIDE_1.14.0/STM32CubeIDE/plugins/com.st.stm32cube.ide.mcu.externaltools.gnu-tools-for-stm32.11.3.rel1.win32_1.1.100.202309141235/tools/bin/../lib/gcc/arm-none-eabi/11.3.1/../../../../arm-none-eabi/lib/thumb/v7-m/nofp\libc_nano.a
END GROUP
START GROUP
LOAD C:/ST/STM32CubeIDE_1.14.0/STM32CubeIDE/plugins/com.st.stm32cube.ide.mcu.externaltools.gnu-tools-for-stm32.11.3.rel1.win32_1.1.100.202309141235/tools/bin/../lib/gcc/arm-none-eabi/11.3.1/thumb/v7-m/nofp\libgcc.a
LOAD C:/ST/STM32CubeIDE_1.14.0/STM32CubeIDE/plugins/com.st.stm32cube.ide.mcu.externaltools.gnu-tools-for-stm32.11.3.rel1.win32_1.1.100.202309141235/tools/bin/../lib/gcc/arm-none-eabi/11.3.1/../../../../arm-none-eabi/lib/thumb/v7-m/nofp\libc_nano.a
LOAD C:/ST/STM32CubeIDE_1.14.0/STM32CubeIDE/plugins/com.st.stm32cube.ide.mcu.externaltools.gnu-tools-for-stm32.11.3.rel1.win32_1.1.100.202309141235/tools/bin/../lib/gcc/arm-none-eabi/11.3.1/../../../../arm-none-eabi/lib/thumb/v7-m/nofp\libnosys.a
END GROUP
START GROUP
LOAD C:/ST/STM32CubeIDE_1.14.0/STM32CubeIDE/plugins/com.st.stm32cube.ide.mcu.externaltools.gnu-tools-for-stm32.11.3.rel1.win32_1.1.100.202309141235/tools/bin/../lib/gcc/arm-none-eabi/11.3.1/thumb/v7-m/nofp\libgcc.a
LOAD C:/ST/STM32CubeIDE_1.14.0/STM32CubeIDE/plugins/com.st.stm32cube.ide.mcu.externaltools.gnu-tools-for-stm32.11.3.rel1.win32_1.1.100.202309141235/tools/bin/../lib/gcc/arm-none-eabi/11.3.1/../../../../arm-none-eabi/lib/thumb/v7-m/nofp\libc_nano.a
LOAD C:/ST/STM32CubeIDE_1.14.0/STM32CubeIDE/plugins/com.st.stm32cube.ide.mcu.externaltools.gnu-tools-for-stm32.11.3.rel1.win32_1.1.100.202309141235/tools/bin/../lib/gcc/arm-none-eabi/11.3.1/../../../../arm-none-eabi/lib/thumb/v7-m/nofp\libnosys.a
END GROUP
LOAD C:/ST/STM32CubeIDE_1.14.0/STM32CubeIDE/plugins/com.st.stm32cube.ide.mcu.externaltools.gnu-tools-for-stm32.11.3.rel1.win32_1.1.100.202309141235/tools/bin/../lib/gcc/arm-none-eabi/11.3.1/thumb/v7-m/nofp/crtend.o
LOAD C:/ST/STM32CubeIDE_1.14.0/STM32CubeIDE/plugins/com.st.stm32cube.ide.mcu.externaltools.gnu-tools-for-stm32.11.3.rel1.win32_1.1.100.202309141235/tools/bin/../lib/gcc/arm-none-eabi/11.3.1/thumb/v7-m/nofp/crtn.o
                0x0000000020005000                _estack = (ORIGIN (RAM) + LENGTH (RAM))
                0x0000000000000200                _Min_Heap_Size = 0x200
                0x0000000000000400                _Min_Stack_Size = 0x400

.isr_vector     0x0000000008000000      0x10c
                0x0000000008000000                . = ALIGN (0x4)
 *(.isr_vector)
 .isr_vector    0x0000000008000000      0x10c ./Core/Startup/startup_stm32f103c8tx.o
                0x0000000008000000                g_pfnVectors
                0x000000000800010c                . = ALIGN (0x4)

.text           0x000000000800010c     0x9170
                0x000000000800010c                . = ALIGN (0x4)
 *(.text)
 .text          0x000000000800010c       0x40 C:/ST/STM32CubeIDE_1.14.0/STM32CubeIDE/plugins/com.st.stm32cube.ide.mcu.externaltools.gnu-tools-for-stm32.11.3.rel1.win32_1.1.100.202309141235/tools/bin/../lib/gcc/arm-none-eabi/11.3.1/thumb/v7-m/nofp/crtbegin.o
 *(.text*)
 .text.calculateCRC
                0x000000000800014c       0x58 ./Core/Src/main.o
                0x000000000800014c                calculateCRC
 .text.CDC_ReceiveCallback
                0x00000000080001a4      0x100 ./Core/Src/main.o
                0x00000000080001a4                CDC_ReceiveCallback
 .text.initialize_device
                0x00000000080002a4       0x4c ./Core/Src/main.o
                0x00000000080002a4                initialize_device
 .text.write_to_modbus
                0x00000000080002f0       0x38 ./Core/Src/main.o
                0x00000000080002f0                write_to_modbus
 .text.write_command
                0x0000000008000328       0x34 ./Core/Src/main.o
                0x0000000008000328                write_command
 .text.write_multiple_command
                0x000000000800035c       0x7c ./Core/Src/main.o
                0x000000000800035c                write_multiple_command
 .text.read_command
                0x00000000080003d8      0x13c ./Core/Src/main.o
                0x00000000080003d8                read_command
 .text.user_pwm_setvalue_mosfet2
                0x0000000008000514       0xcc ./Core/Src/main.o
                0x0000000008000514                user_pwm_setvalue_mosfet2
 .text.user_pwm_setvalue_mosfet1
                0x00000000080005e0       0xcc ./Core/Src/main.o
                0x00000000080005e0                user_pwm_setvalue_mosfet1
 .text.ConstrainTargetValue
                0x00000000080006ac       0x54 ./Core/Src/main.o
                0x00000000080006ac                ConstrainTargetValue
 .text.ConstrainTargetValue2
                0x0000000008000700       0x26 ./Core/Src/main.o
                0x0000000008000700                ConstrainTargetValue2
 *fill*         0x0000000008000726        0x2 
 .text.setPWMValues__Right
                0x0000000008000728       0x28 ./Core/Src/main.o
                0x0000000008000728                setPWMValues__Right
 .text.setPWMValues_Left
                0x0000000008000750       0x28 ./Core/Src/main.o
                0x0000000008000750                setPWMValues_Left
 .text.incrementPWMValue
                0x0000000008000778       0xf4 ./Core/Src/main.o
                0x0000000008000778                incrementPWMValue
 .text.UpdatePWMValues
                0x000000000800086c      0x218 ./Core/Src/main.o
                0x000000000800086c                UpdatePWMValues
 .text.Check_Stop_Pin
                0x0000000008000a84       0x24 ./Core/Src/main.o
                0x0000000008000a84                Check_Stop_Pin
 .text.SetTargetValues
                0x0000000008000aa8      0x10c ./Core/Src/main.o
                0x0000000008000aa8                SetTargetValues
 .text.main     0x0000000008000bb4      0x154 ./Core/Src/main.o
                0x0000000008000bb4                main
 .text.SystemClock_Config
                0x0000000008000d08       0xb4 ./Core/Src/main.o
                0x0000000008000d08                SystemClock_Config
 .text.MX_TIM3_Init
                0x0000000008000dbc       0x9c ./Core/Src/main.o
 .text.MX_TIM4_Init
                0x0000000008000e58       0xf4 ./Core/Src/main.o
 .text.MX_GPIO_Init
                0x0000000008000f4c       0x88 ./Core/Src/main.o
 .text.Error_Handler
                0x0000000008000fd4        0xa ./Core/Src/main.o
                0x0000000008000fd4                Error_Handler
 *fill*         0x0000000008000fde        0x2 
 .text.HAL_MspInit
                0x0000000008000fe0       0x64 ./Core/Src/stm32f1xx_hal_msp.o
                0x0000000008000fe0                HAL_MspInit
 .text.HAL_TIM_Base_MspInit
                0x0000000008001044       0x4c ./Core/Src/stm32f1xx_hal_msp.o
                0x0000000008001044                HAL_TIM_Base_MspInit
 .text.HAL_TIM_PWM_MspInit
                0x0000000008001090       0x3c ./Core/Src/stm32f1xx_hal_msp.o
                0x0000000008001090                HAL_TIM_PWM_MspInit
 .text.HAL_TIM_MspPostInit
                0x00000000080010cc       0x68 ./Core/Src/stm32f1xx_hal_msp.o
                0x00000000080010cc                HAL_TIM_MspPostInit
 .text.NMI_Handler
                0x0000000008001134        0x6 ./Core/Src/stm32f1xx_it.o
                0x0000000008001134                NMI_Handler
 .text.HardFault_Handler
                0x000000000800113a        0x6 ./Core/Src/stm32f1xx_it.o
                0x000000000800113a                HardFault_Handler
 .text.MemManage_Handler
                0x0000000008001140        0x6 ./Core/Src/stm32f1xx_it.o
                0x0000000008001140                MemManage_Handler
 .text.BusFault_Handler
                0x0000000008001146        0x6 ./Core/Src/stm32f1xx_it.o
                0x0000000008001146                BusFault_Handler
 .text.UsageFault_Handler
                0x000000000800114c        0x6 ./Core/Src/stm32f1xx_it.o
                0x000000000800114c                UsageFault_Handler
 .text.SVC_Handler
                0x0000000008001152        0xc ./Core/Src/stm32f1xx_it.o
                0x0000000008001152                SVC_Handler
 .text.DebugMon_Handler
                0x000000000800115e        0xc ./Core/Src/stm32f1xx_it.o
                0x000000000800115e                DebugMon_Handler
 .text.PendSV_Handler
                0x000000000800116a        0xc ./Core/Src/stm32f1xx_it.o
                0x000000000800116a                PendSV_Handler
 .text.SysTick_Handler
                0x0000000008001176        0xc ./Core/Src/stm32f1xx_it.o
                0x0000000008001176                SysTick_Handler
 *fill*         0x0000000008001182        0x2 
 .text.USB_LP_CAN1_RX0_IRQHandler
                0x0000000008001184       0x14 ./Core/Src/stm32f1xx_it.o
                0x0000000008001184                USB_LP_CAN1_RX0_IRQHandler
 .text.TIM3_IRQHandler
                0x0000000008001198       0x18 ./Core/Src/stm32f1xx_it.o
                0x0000000008001198                TIM3_IRQHandler
 .text.SystemInit
                0x00000000080011b0        0xc ./Core/Src/system_stm32f1xx.o
                0x00000000080011b0                SystemInit
 .text.Reset_Handler
                0x00000000080011bc       0x48 ./Core/Startup/startup_stm32f103c8tx.o
                0x00000000080011bc                Reset_Handler
 .text.Default_Handler
                0x0000000008001204        0x2 ./Core/Startup/startup_stm32f103c8tx.o
                0x0000000008001204                RTC_Alarm_IRQHandler
                0x0000000008001204                EXTI2_IRQHandler
                0x0000000008001204                TIM1_CC_IRQHandler
                0x0000000008001204                PVD_IRQHandler
                0x0000000008001204                EXTI3_IRQHandler
                0x0000000008001204                EXTI0_IRQHandler
                0x0000000008001204                I2C2_EV_IRQHandler
                0x0000000008001204                ADC1_2_IRQHandler
                0x0000000008001204                SPI1_IRQHandler
                0x0000000008001204                TAMPER_IRQHandler
                0x0000000008001204                DMA1_Channel4_IRQHandler
                0x0000000008001204                USART3_IRQHandler
                0x0000000008001204                RTC_IRQHandler
                0x0000000008001204                DMA1_Channel7_IRQHandler
                0x0000000008001204                CAN1_RX1_IRQHandler
                0x0000000008001204                TIM4_IRQHandler
                0x0000000008001204                I2C1_EV_IRQHandler
                0x0000000008001204                DMA1_Channel6_IRQHandler
                0x0000000008001204                RCC_IRQHandler
                0x0000000008001204                TIM1_TRG_COM_IRQHandler
                0x0000000008001204                DMA1_Channel1_IRQHandler
                0x0000000008001204                Default_Handler
                0x0000000008001204                EXTI15_10_IRQHandler
                0x0000000008001204                EXTI9_5_IRQHandler
                0x0000000008001204                SPI2_IRQHandler
                0x0000000008001204                DMA1_Channel5_IRQHandler
                0x0000000008001204                EXTI4_IRQHandler
                0x0000000008001204                USB_HP_CAN1_TX_IRQHandler
                0x0000000008001204                DMA1_Channel3_IRQHandler
                0x0000000008001204                TIM1_UP_IRQHandler
                0x0000000008001204                WWDG_IRQHandler
                0x0000000008001204                TIM2_IRQHandler
                0x0000000008001204                TIM1_BRK_IRQHandler
                0x0000000008001204                EXTI1_IRQHandler
                0x0000000008001204                USART2_IRQHandler
                0x0000000008001204                I2C2_ER_IRQHandler
                0x0000000008001204                DMA1_Channel2_IRQHandler
                0x0000000008001204                CAN1_SCE_IRQHandler
                0x0000000008001204                FLASH_IRQHandler
                0x0000000008001204                USART1_IRQHandler
                0x0000000008001204                I2C1_ER_IRQHandler
                0x0000000008001204                USBWakeUp_IRQHandler
 *fill*         0x0000000008001206        0x2 
 .text.HAL_Init
                0x0000000008001208       0x2c ./Drivers/STM32F1xx_HAL_Driver/Src/stm32f1xx_hal.o
                0x0000000008001208                HAL_Init
 .text.HAL_InitTick
                0x0000000008001234       0x60 ./Drivers/STM32F1xx_HAL_Driver/Src/stm32f1xx_hal.o
                0x0000000008001234                HAL_InitTick
 .text.HAL_IncTick
                0x0000000008001294       0x24 ./Drivers/STM32F1xx_HAL_Driver/Src/stm32f1xx_hal.o
                0x0000000008001294                HAL_IncTick
 .text.HAL_GetTick
                0x00000000080012b8       0x14 ./Drivers/STM32F1xx_HAL_Driver/Src/stm32f1xx_hal.o
                0x00000000080012b8                HAL_GetTick
 .text.__NVIC_SetPriorityGrouping
                0x00000000080012cc       0x48 ./Drivers/STM32F1xx_HAL_Driver/Src/stm32f1xx_hal_cortex.o
 .text.__NVIC_GetPriorityGrouping
                0x0000000008001314       0x1c ./Drivers/STM32F1xx_HAL_Driver/Src/stm32f1xx_hal_cortex.o
 .text.__NVIC_EnableIRQ
                0x0000000008001330       0x38 ./Drivers/STM32F1xx_HAL_Driver/Src/stm32f1xx_hal_cortex.o
 .text.__NVIC_SetPriority
                0x0000000008001368       0x54 ./Drivers/STM32F1xx_HAL_Driver/Src/stm32f1xx_hal_cortex.o
 .text.NVIC_EncodePriority
                0x00000000080013bc       0x64 ./Drivers/STM32F1xx_HAL_Driver/Src/stm32f1xx_hal_cortex.o
 .text.SysTick_Config
                0x0000000008001420       0x44 ./Drivers/STM32F1xx_HAL_Driver/Src/stm32f1xx_hal_cortex.o
 .text.HAL_NVIC_SetPriorityGrouping
                0x0000000008001464       0x16 ./Drivers/STM32F1xx_HAL_Driver/Src/stm32f1xx_hal_cortex.o
                0x0000000008001464                HAL_NVIC_SetPriorityGrouping
 .text.HAL_NVIC_SetPriority
                0x000000000800147a       0x38 ./Drivers/STM32F1xx_HAL_Driver/Src/stm32f1xx_hal_cortex.o
                0x000000000800147a                HAL_NVIC_SetPriority
 .text.HAL_NVIC_EnableIRQ
                0x00000000080014b2       0x1c ./Drivers/STM32F1xx_HAL_Driver/Src/stm32f1xx_hal_cortex.o
                0x00000000080014b2                HAL_NVIC_EnableIRQ
 .text.HAL_SYSTICK_Config
                0x00000000080014ce       0x18 ./Drivers/STM32F1xx_HAL_Driver/Src/stm32f1xx_hal_cortex.o
                0x00000000080014ce                HAL_SYSTICK_Config
 *fill*         0x00000000080014e6        0x2 
 .text.HAL_GPIO_Init
                0x00000000080014e8      0x308 ./Drivers/STM32F1xx_HAL_Driver/Src/stm32f1xx_hal_gpio.o
                0x00000000080014e8                HAL_GPIO_Init
 .text.HAL_GPIO_ReadPin
                0x00000000080017f0       0x2e ./Drivers/STM32F1xx_HAL_Driver/Src/stm32f1xx_hal_gpio.o
                0x00000000080017f0                HAL_GPIO_ReadPin
 .text.HAL_PCD_Init
                0x000000000800181e      0x1ec ./Drivers/STM32F1xx_HAL_Driver/Src/stm32f1xx_hal_pcd.o
                0x000000000800181e                HAL_PCD_Init
 .text.HAL_PCD_Start
                0x0000000008001a0a       0x4c ./Drivers/STM32F1xx_HAL_Driver/Src/stm32f1xx_hal_pcd.o
                0x0000000008001a0a                HAL_PCD_Start
 .text.HAL_PCD_IRQHandler
                0x0000000008001a56      0x260 ./Drivers/STM32F1xx_HAL_Driver/Src/stm32f1xx_hal_pcd.o
                0x0000000008001a56                HAL_PCD_IRQHandler
 .text.HAL_PCD_SetAddress
                0x0000000008001cb6       0x48 ./Drivers/STM32F1xx_HAL_Driver/Src/stm32f1xx_hal_pcd.o
                0x0000000008001cb6                HAL_PCD_SetAddress
 .text.HAL_PCD_EP_Open
                0x0000000008001cfe       0xba ./Drivers/STM32F1xx_HAL_Driver/Src/stm32f1xx_hal_pcd.o
                0x0000000008001cfe                HAL_PCD_EP_Open
 .text.HAL_PCD_EP_Close
                0x0000000008001db8       0x90 ./Drivers/STM32F1xx_HAL_Driver/Src/stm32f1xx_hal_pcd.o
                0x0000000008001db8                HAL_PCD_EP_Close
 .text.HAL_PCD_EP_Receive
                0x0000000008001e48       0x62 ./Drivers/STM32F1xx_HAL_Driver/Src/stm32f1xx_hal_pcd.o
                0x0000000008001e48                HAL_PCD_EP_Receive
 .text.HAL_PCD_EP_GetRxCount
                0x0000000008001eaa       0x2e ./Drivers/STM32F1xx_HAL_Driver/Src/stm32f1xx_hal_pcd.o
                0x0000000008001eaa                HAL_PCD_EP_GetRxCount
 .text.HAL_PCD_EP_Transmit
                0x0000000008001ed8       0x6e ./Drivers/STM32F1xx_HAL_Driver/Src/stm32f1xx_hal_pcd.o
                0x0000000008001ed8                HAL_PCD_EP_Transmit
 .text.HAL_PCD_EP_SetStall
                0x0000000008001f46       0xc0 ./Drivers/STM32F1xx_HAL_Driver/Src/stm32f1xx_hal_pcd.o
                0x0000000008001f46                HAL_PCD_EP_SetStall
 .text.HAL_PCD_EP_ClrStall
                0x0000000008002006       0xa8 ./Drivers/STM32F1xx_HAL_Driver/Src/stm32f1xx_hal_pcd.o
                0x0000000008002006                HAL_PCD_EP_ClrStall
 .text.PCD_EP_ISR_Handler
                0x00000000080020ae      0x7a0 ./Drivers/STM32F1xx_HAL_Driver/Src/stm32f1xx_hal_pcd.o
 .text.HAL_PCD_EP_DB_Receive
                0x000000000800284e      0x21a ./Drivers/STM32F1xx_HAL_Driver/Src/stm32f1xx_hal_pcd.o
 .text.HAL_PCD_EP_DB_Transmit
                0x0000000008002a68      0x7f4 ./Drivers/STM32F1xx_HAL_Driver/Src/stm32f1xx_hal_pcd.o
 .text.HAL_PCDEx_PMAConfig
                0x000000000800325c       0x84 ./Drivers/STM32F1xx_HAL_Driver/Src/stm32f1xx_hal_pcd_ex.o
                0x000000000800325c                HAL_PCDEx_PMAConfig
 .text.HAL_RCC_OscConfig
                0x00000000080032e0      0x504 ./Drivers/STM32F1xx_HAL_Driver/Src/stm32f1xx_hal_rcc.o
                0x00000000080032e0                HAL_RCC_OscConfig
 .text.HAL_RCC_ClockConfig
                0x00000000080037e4      0x1d4 ./Drivers/STM32F1xx_HAL_Driver/Src/stm32f1xx_hal_rcc.o
                0x00000000080037e4                HAL_RCC_ClockConfig
 .text.HAL_RCC_GetSysClockFreq
                0x00000000080039b8       0xa8 ./Drivers/STM32F1xx_HAL_Driver/Src/stm32f1xx_hal_rcc.o
                0x00000000080039b8                HAL_RCC_GetSysClockFreq
 .text.RCC_Delay
                0x0000000008003a60       0x3c ./Drivers/STM32F1xx_HAL_Driver/Src/stm32f1xx_hal_rcc.o
 .text.HAL_RCCEx_PeriphCLKConfig
                0x0000000008003a9c      0x16c ./Drivers/STM32F1xx_HAL_Driver/Src/stm32f1xx_hal_rcc_ex.o
                0x0000000008003a9c                HAL_RCCEx_PeriphCLKConfig
 .text.HAL_TIM_Base_Init
                0x0000000008003c08       0x9e ./Drivers/STM32F1xx_HAL_Driver/Src/stm32f1xx_hal_tim.o
                0x0000000008003c08                HAL_TIM_Base_Init
 *fill*         0x0000000008003ca6        0x2 
 .text.HAL_TIM_Base_Start_IT
                0x0000000008003ca8       0xa4 ./Drivers/STM32F1xx_HAL_Driver/Src/stm32f1xx_hal_tim.o
                0x0000000008003ca8                HAL_TIM_Base_Start_IT
 .text.HAL_TIM_PWM_Init
                0x0000000008003d4c       0x9e ./Drivers/STM32F1xx_HAL_Driver/Src/stm32f1xx_hal_tim.o
                0x0000000008003d4c                HAL_TIM_PWM_Init
 *fill*         0x0000000008003dea        0x2 
 .text.HAL_TIM_PWM_Start
                0x0000000008003dec      0x144 ./Drivers/STM32F1xx_HAL_Driver/Src/stm32f1xx_hal_tim.o
                0x0000000008003dec                HAL_TIM_PWM_Start
 .text.HAL_TIM_IRQHandler
                0x0000000008003f30      0x1e0 ./Drivers/STM32F1xx_HAL_Driver/Src/stm32f1xx_hal_tim.o
                0x0000000008003f30                HAL_TIM_IRQHandler
 .text.HAL_TIM_PWM_ConfigChannel
                0x0000000008004110      0x184 ./Drivers/STM32F1xx_HAL_Driver/Src/stm32f1xx_hal_tim.o
                0x0000000008004110                HAL_TIM_PWM_ConfigChannel
 .text.HAL_TIM_ConfigClockSource
                0x0000000008004294      0x18e ./Drivers/STM32F1xx_HAL_Driver/Src/stm32f1xx_hal_tim.o
                0x0000000008004294                HAL_TIM_ConfigClockSource
 .text.HAL_TIM_PeriodElapsedCallback
                0x0000000008004422       0x12 ./Drivers/STM32F1xx_HAL_Driver/Src/stm32f1xx_hal_tim.o
                0x0000000008004422                HAL_TIM_PeriodElapsedCallback
 .text.HAL_TIM_OC_DelayElapsedCallback
                0x0000000008004434       0x12 ./Drivers/STM32F1xx_HAL_Driver/Src/stm32f1xx_hal_tim.o
                0x0000000008004434                HAL_TIM_OC_DelayElapsedCallback
 .text.HAL_TIM_IC_CaptureCallback
                0x0000000008004446       0x12 ./Drivers/STM32F1xx_HAL_Driver/Src/stm32f1xx_hal_tim.o
                0x0000000008004446                HAL_TIM_IC_CaptureCallback
 .text.HAL_TIM_PWM_PulseFinishedCallback
                0x0000000008004458       0x12 ./Drivers/STM32F1xx_HAL_Driver/Src/stm32f1xx_hal_tim.o
                0x0000000008004458                HAL_TIM_PWM_PulseFinishedCallback
 .text.HAL_TIM_TriggerCallback
                0x000000000800446a       0x12 ./Drivers/STM32F1xx_HAL_Driver/Src/stm32f1xx_hal_tim.o
                0x000000000800446a                HAL_TIM_TriggerCallback
 .text.TIM_Base_SetConfig
                0x000000000800447c       0xdc ./Drivers/STM32F1xx_HAL_Driver/Src/stm32f1xx_hal_tim.o
                0x000000000800447c                TIM_Base_SetConfig
 .text.TIM_OC1_SetConfig
                0x0000000008004558       0xcc ./Drivers/STM32F1xx_HAL_Driver/Src/stm32f1xx_hal_tim.o
 .text.TIM_OC2_SetConfig
                0x0000000008004624       0xd4 ./Drivers/STM32F1xx_HAL_Driver/Src/stm32f1xx_hal_tim.o
                0x0000000008004624                TIM_OC2_SetConfig
 .text.TIM_OC3_SetConfig
                0x00000000080046f8       0xd4 ./Drivers/STM32F1xx_HAL_Driver/Src/stm32f1xx_hal_tim.o
 .text.TIM_OC4_SetConfig
                0x00000000080047cc       0x9c ./Drivers/STM32F1xx_HAL_Driver/Src/stm32f1xx_hal_tim.o
 .text.TIM_TI1_ConfigInputStage
                0x0000000008004868       0x5c ./Drivers/STM32F1xx_HAL_Driver/Src/stm32f1xx_hal_tim.o
 .text.TIM_TI2_ConfigInputStage
                0x00000000080048c4       0x5e ./Drivers/STM32F1xx_HAL_Driver/Src/stm32f1xx_hal_tim.o
 .text.TIM_ITRx_SetConfig
                0x0000000008004922       0x34 ./Drivers/STM32F1xx_HAL_Driver/Src/stm32f1xx_hal_tim.o
 .text.TIM_ETR_SetConfig
                0x0000000008004956       0x3e ./Drivers/STM32F1xx_HAL_Driver/Src/stm32f1xx_hal_tim.o
                0x0000000008004956                TIM_ETR_SetConfig
 .text.TIM_CCxChannelCmd
                0x0000000008004994       0x48 ./Drivers/STM32F1xx_HAL_Driver/Src/stm32f1xx_hal_tim.o
                0x0000000008004994                TIM_CCxChannelCmd
 .text.HAL_TIMEx_MasterConfigSynchronization
                0x00000000080049dc       0xbc ./Drivers/STM32F1xx_HAL_Driver/Src/stm32f1xx_hal_tim_ex.o
                0x00000000080049dc                HAL_TIMEx_MasterConfigSynchronization
 .text.HAL_TIMEx_CommutCallback
                0x0000000008004a98       0x12 ./Drivers/STM32F1xx_HAL_Driver/Src/stm32f1xx_hal_tim_ex.o
                0x0000000008004a98                HAL_TIMEx_CommutCallback
 .text.HAL_TIMEx_BreakCallback
                0x0000000008004aaa       0x12 ./Drivers/STM32F1xx_HAL_Driver/Src/stm32f1xx_hal_tim_ex.o
                0x0000000008004aaa                HAL_TIMEx_BreakCallback
 .text.USB_CoreInit
                0x0000000008004abc       0x1a ./Drivers/STM32F1xx_HAL_Driver/Src/stm32f1xx_ll_usb.o
                0x0000000008004abc                USB_CoreInit
 .text.USB_EnableGlobalInt
                0x0000000008004ad6       0x2c ./Drivers/STM32F1xx_HAL_Driver/Src/stm32f1xx_ll_usb.o
                0x0000000008004ad6                USB_EnableGlobalInt
 .text.USB_DisableGlobalInt
                0x0000000008004b02       0x34 ./Drivers/STM32F1xx_HAL_Driver/Src/stm32f1xx_ll_usb.o
                0x0000000008004b02                USB_DisableGlobalInt
 .text.USB_SetCurrentMode
                0x0000000008004b36       0x18 ./Drivers/STM32F1xx_HAL_Driver/Src/stm32f1xx_ll_usb.o
                0x0000000008004b36                USB_SetCurrentMode
 .text.USB_DevInit
                0x0000000008004b4e       0x3a ./Drivers/STM32F1xx_HAL_Driver/Src/stm32f1xx_ll_usb.o
                0x0000000008004b4e                USB_DevInit
 .text.USB_ActivateEndpoint
                0x0000000008004b88      0x780 ./Drivers/STM32F1xx_HAL_Driver/Src/stm32f1xx_ll_usb.o
                0x0000000008004b88                USB_ActivateEndpoint
 .text.USB_DeactivateEndpoint
                0x0000000008005308      0x3d8 ./Drivers/STM32F1xx_HAL_Driver/Src/stm32f1xx_ll_usb.o
                0x0000000008005308                USB_DeactivateEndpoint
 .text.USB_EPStartXfer
                0x00000000080056e0     0x1762 ./Drivers/STM32F1xx_HAL_Driver/Src/stm32f1xx_ll_usb.o
                0x00000000080056e0                USB_EPStartXfer
 .text.USB_EPSetStall
                0x0000000008006e42       0xa0 ./Drivers/STM32F1xx_HAL_Driver/Src/stm32f1xx_ll_usb.o
                0x0000000008006e42                USB_EPSetStall
 .text.USB_EPClearStall
                0x0000000008006ee2      0x15a ./Drivers/STM32F1xx_HAL_Driver/Src/stm32f1xx_ll_usb.o
                0x0000000008006ee2                USB_EPClearStall
 .text.USB_SetDevAddress
                0x000000000800703c       0x26 ./Drivers/STM32F1xx_HAL_Driver/Src/stm32f1xx_ll_usb.o
                0x000000000800703c                USB_SetDevAddress
 .text.USB_DevConnect
                0x0000000008007062       0x14 ./Drivers/STM32F1xx_HAL_Driver/Src/stm32f1xx_ll_usb.o
                0x0000000008007062                USB_DevConnect
 .text.USB_DevDisconnect
                0x0000000008007076       0x14 ./Drivers/STM32F1xx_HAL_Driver/Src/stm32f1xx_ll_usb.o
                0x0000000008007076                USB_DevDisconnect
 .text.USB_ReadInterrupts
                0x000000000800708a       0x1e ./Drivers/STM32F1xx_HAL_Driver/Src/stm32f1xx_ll_usb.o
                0x000000000800708a                USB_ReadInterrupts
 .text.USB_EP0_OutStart
                0x00000000080070a8       0x16 ./Drivers/STM32F1xx_HAL_Driver/Src/stm32f1xx_ll_usb.o
                0x00000000080070a8                USB_EP0_OutStart
 .text.USB_WritePMA
                0x00000000080070be       0x8a ./Drivers/STM32F1xx_HAL_Driver/Src/stm32f1xx_ll_usb.o
                0x00000000080070be                USB_WritePMA
 .text.USB_ReadPMA
                0x0000000008007148       0x9e ./Drivers/STM32F1xx_HAL_Driver/Src/stm32f1xx_ll_usb.o
                0x0000000008007148                USB_ReadPMA
 .text.USBD_CDC_Init
                0x00000000080071e6       0xf4 ./Middlewares/ST/STM32_USB_Device_Library/Class/CDC/Src/usbd_cdc.o
 .text.USBD_CDC_DeInit
                0x00000000080072da       0x6e ./Middlewares/ST/STM32_USB_Device_Library/Class/CDC/Src/usbd_cdc.o
 .text.USBD_CDC_Setup
                0x0000000008007348      0x146 ./Middlewares/ST/STM32_USB_Device_Library/Class/CDC/Src/usbd_cdc.o
 .text.USBD_CDC_DataIn
                0x000000000800748e       0xa6 ./Middlewares/ST/STM32_USB_Device_Library/Class/CDC/Src/usbd_cdc.o
 .text.USBD_CDC_DataOut
                0x0000000008007534       0x56 ./Middlewares/ST/STM32_USB_Device_Library/Class/CDC/Src/usbd_cdc.o
 .text.USBD_CDC_EP0_RxReady
                0x000000000800758a       0x50 ./Middlewares/ST/STM32_USB_Device_Library/Class/CDC/Src/usbd_cdc.o
 *fill*         0x00000000080075da        0x2 
 .text.USBD_CDC_GetFSCfgDesc
                0x00000000080075dc       0x20 ./Middlewares/ST/STM32_USB_Device_Library/Class/CDC/Src/usbd_cdc.o
 .text.USBD_CDC_GetHSCfgDesc
                0x00000000080075fc       0x20 ./Middlewares/ST/STM32_USB_Device_Library/Class/CDC/Src/usbd_cdc.o
 .text.USBD_CDC_GetOtherSpeedCfgDesc
                0x000000000800761c       0x20 ./Middlewares/ST/STM32_USB_Device_Library/Class/CDC/Src/usbd_cdc.o
 .text.USBD_CDC_GetDeviceQualifierDescriptor
                0x000000000800763c       0x20 ./Middlewares/ST/STM32_USB_Device_Library/Class/CDC/Src/usbd_cdc.o
                0x000000000800763c                USBD_CDC_GetDeviceQualifierDescriptor
 .text.USBD_CDC_RegisterInterface
                0x000000000800765c       0x2c ./Middlewares/ST/STM32_USB_Device_Library/Class/CDC/Src/usbd_cdc.o
                0x000000000800765c                USBD_CDC_RegisterInterface
 .text.USBD_CDC_SetTxBuffer
                0x0000000008007688       0x32 ./Middlewares/ST/STM32_USB_Device_Library/Class/CDC/Src/usbd_cdc.o
                0x0000000008007688                USBD_CDC_SetTxBuffer
 .text.USBD_CDC_SetRxBuffer
                0x00000000080076ba       0x26 ./Middlewares/ST/STM32_USB_Device_Library/Class/CDC/Src/usbd_cdc.o
                0x00000000080076ba                USBD_CDC_SetRxBuffer
 .text.USBD_CDC_TransmitPacket
                0x00000000080076e0       0x5e ./Middlewares/ST/STM32_USB_Device_Library/Class/CDC/Src/usbd_cdc.o
                0x00000000080076e0                USBD_CDC_TransmitPacket
 .text.USBD_CDC_ReceivePacket
                0x000000000800773e       0x54 ./Middlewares/ST/STM32_USB_Device_Library/Class/CDC/Src/usbd_cdc.o
                0x000000000800773e                USBD_CDC_ReceivePacket
 .text.USBD_Init
                0x0000000008007792       0x56 ./Middlewares/ST/STM32_USB_Device_Library/Core/Src/usbd_core.o
                0x0000000008007792                USBD_Init
 .text.USBD_RegisterClass
                0x00000000080077e8       0x32 ./Middlewares/ST/STM32_USB_Device_Library/Core/Src/usbd_core.o
                0x00000000080077e8                USBD_RegisterClass
 .text.USBD_Start
                0x000000000800781a       0x18 ./Middlewares/ST/STM32_USB_Device_Library/Core/Src/usbd_core.o
                0x000000000800781a                USBD_Start
 .text.USBD_RunTestMode
                0x0000000008007832       0x14 ./Middlewares/ST/STM32_USB_Device_Library/Core/Src/usbd_core.o
                0x0000000008007832                USBD_RunTestMode
 .text.USBD_SetClassConfig
                0x0000000008007846       0x3e ./Middlewares/ST/STM32_USB_Device_Library/Core/Src/usbd_core.o
                0x0000000008007846                USBD_SetClassConfig
 .text.USBD_ClrClassConfig
                0x0000000008007884       0x26 ./Middlewares/ST/STM32_USB_Device_Library/Core/Src/usbd_core.o
                0x0000000008007884                USBD_ClrClassConfig
 .text.USBD_LL_SetupStage
                0x00000000080078aa       0x9a ./Middlewares/ST/STM32_USB_Device_Library/Core/Src/usbd_core.o
                0x00000000080078aa                USBD_LL_SetupStage
 .text.USBD_LL_DataOutStage
                0x0000000008007944       0xe2 ./Middlewares/ST/STM32_USB_Device_Library/Core/Src/usbd_core.o
                0x0000000008007944                USBD_LL_DataOutStage
 .text.USBD_LL_DataInStage
                0x0000000008007a26      0x14a ./Middlewares/ST/STM32_USB_Device_Library/Core/Src/usbd_core.o
                0x0000000008007a26                USBD_LL_DataInStage
 .text.USBD_LL_Reset
                0x0000000008007b70       0x82 ./Middlewares/ST/STM32_USB_Device_Library/Core/Src/usbd_core.o
                0x0000000008007b70                USBD_LL_Reset
 .text.USBD_LL_SetSpeed
                0x0000000008007bf2       0x1e ./Middlewares/ST/STM32_USB_Device_Library/Core/Src/usbd_core.o
                0x0000000008007bf2                USBD_LL_SetSpeed
 .text.USBD_LL_Suspend
                0x0000000008007c10       0x28 ./Middlewares/ST/STM32_USB_Device_Library/Core/Src/usbd_core.o
                0x0000000008007c10                USBD_LL_Suspend
 .text.USBD_LL_Resume
                0x0000000008007c38       0x2a ./Middlewares/ST/STM32_USB_Device_Library/Core/Src/usbd_core.o
                0x0000000008007c38                USBD_LL_Resume
 .text.USBD_LL_SOF
                0x0000000008007c62       0x34 ./Middlewares/ST/STM32_USB_Device_Library/Core/Src/usbd_core.o
                0x0000000008007c62                USBD_LL_SOF
 *fill*         0x0000000008007c96        0x2 
 .text.USBD_StdDevReq
                0x0000000008007c98       0xd4 ./Middlewares/ST/STM32_USB_Device_Library/Core/Src/usbd_ctlreq.o
                0x0000000008007c98                USBD_StdDevReq
 .text.USBD_StdItfReq
                0x0000000008007d6c       0x90 ./Middlewares/ST/STM32_USB_Device_Library/Core/Src/usbd_ctlreq.o
                0x0000000008007d6c                USBD_StdItfReq
 .text.USBD_StdEPReq
                0x0000000008007dfc      0x2c6 ./Middlewares/ST/STM32_USB_Device_Library/Core/Src/usbd_ctlreq.o
                0x0000000008007dfc                USBD_StdEPReq
 *fill*         0x00000000080080c2        0x2 
 .text.USBD_GetDescriptor
                0x00000000080080c4      0x2d0 ./Middlewares/ST/STM32_USB_Device_Library/Core/Src/usbd_ctlreq.o
 .text.USBD_SetAddress
                0x0000000008008394       0x86 ./Middlewares/ST/STM32_USB_Device_Library/Core/Src/usbd_ctlreq.o
 *fill*         0x000000000800841a        0x2 
 .text.USBD_SetConfig
                0x000000000800841c      0x11c ./Middlewares/ST/STM32_USB_Device_Library/Core/Src/usbd_ctlreq.o
 .text.USBD_GetConfig
                0x0000000008008538       0x6a ./Middlewares/ST/STM32_USB_Device_Library/Core/Src/usbd_ctlreq.o
 .text.USBD_GetStatus
                0x00000000080085a2       0x66 ./Middlewares/ST/STM32_USB_Device_Library/Core/Src/usbd_ctlreq.o
 .text.USBD_SetFeature
                0x0000000008008608       0x28 ./Middlewares/ST/STM32_USB_Device_Library/Core/Src/usbd_ctlreq.o
 .text.USBD_ClrFeature
                0x0000000008008630       0x42 ./Middlewares/ST/STM32_USB_Device_Library/Core/Src/usbd_ctlreq.o
 .text.USBD_ParseSetupRequest
                0x0000000008008672       0x78 ./Middlewares/ST/STM32_USB_Device_Library/Core/Src/usbd_ctlreq.o
                0x0000000008008672                USBD_ParseSetupRequest
 .text.USBD_CtlError
                0x00000000080086ea       0x22 ./Middlewares/ST/STM32_USB_Device_Library/Core/Src/usbd_ctlreq.o
                0x00000000080086ea                USBD_CtlError
 .text.USBD_GetString
                0x000000000800870c       0x84 ./Middlewares/ST/STM32_USB_Device_Library/Core/Src/usbd_ctlreq.o
                0x000000000800870c                USBD_GetString
 .text.USBD_GetLen
                0x0000000008008790       0x2e ./Middlewares/ST/STM32_USB_Device_Library/Core/Src/usbd_ctlreq.o
 .text.USBD_CtlSendData
                0x00000000080087be       0x38 ./Middlewares/ST/STM32_USB_Device_Library/Core/Src/usbd_ioreq.o
                0x00000000080087be                USBD_CtlSendData
 .text.USBD_CtlContinueSendData
                0x00000000080087f6       0x24 ./Middlewares/ST/STM32_USB_Device_Library/Core/Src/usbd_ioreq.o
                0x00000000080087f6                USBD_CtlContinueSendData
 .text.USBD_CtlPrepareRx
                0x000000000800881a       0x3c ./Middlewares/ST/STM32_USB_Device_Library/Core/Src/usbd_ioreq.o
                0x000000000800881a                USBD_CtlPrepareRx
 .text.USBD_CtlContinueRx
                0x0000000008008856       0x24 ./Middlewares/ST/STM32_USB_Device_Library/Core/Src/usbd_ioreq.o
                0x0000000008008856                USBD_CtlContinueRx
 .text.USBD_CtlSendStatus
                0x000000000800887a       0x26 ./Middlewares/ST/STM32_USB_Device_Library/Core/Src/usbd_ioreq.o
                0x000000000800887a                USBD_CtlSendStatus
 .text.USBD_CtlReceiveStatus
                0x00000000080088a0       0x26 ./Middlewares/ST/STM32_USB_Device_Library/Core/Src/usbd_ioreq.o
                0x00000000080088a0                USBD_CtlReceiveStatus
 *fill*         0x00000000080088c6        0x2 
 .text.MX_USB_DEVICE_Init
                0x00000000080088c8       0x60 ./USB_DEVICE/App/usb_device.o
                0x00000000080088c8                MX_USB_DEVICE_Init
 .text.CDC_Init_FS
                0x0000000008008928       0x28 ./USB_DEVICE/App/usbd_cdc_if.o
 .text.CDC_DeInit_FS
                0x0000000008008950        0xe ./USB_DEVICE/App/usbd_cdc_if.o
 *fill*         0x000000000800895e        0x2 
 .text.CDC_Control_FS
                0x0000000008008960       0xbc ./USB_DEVICE/App/usbd_cdc_if.o
 .text.CDC_Receive_FS
                0x0000000008008a1c       0x34 ./USB_DEVICE/App/usbd_cdc_if.o
 .text.CDC_Transmit_FS
                0x0000000008008a50       0x4c ./USB_DEVICE/App/usbd_cdc_if.o
                0x0000000008008a50                CDC_Transmit_FS
 .text.USBD_FS_DeviceDescriptor
                0x0000000008008a9c       0x24 ./USB_DEVICE/App/usbd_desc.o
                0x0000000008008a9c                USBD_FS_DeviceDescriptor
 .text.USBD_FS_LangIDStrDescriptor
                0x0000000008008ac0       0x24 ./USB_DEVICE/App/usbd_desc.o
                0x0000000008008ac0                USBD_FS_LangIDStrDescriptor
 .text.USBD_FS_ProductStrDescriptor
                0x0000000008008ae4       0x3c ./USB_DEVICE/App/usbd_desc.o
                0x0000000008008ae4                USBD_FS_ProductStrDescriptor
 .text.USBD_FS_ManufacturerStrDescriptor
                0x0000000008008b20       0x28 ./USB_DEVICE/App/usbd_desc.o
                0x0000000008008b20                USBD_FS_ManufacturerStrDescriptor
 .text.USBD_FS_SerialStrDescriptor
                0x0000000008008b48       0x24 ./USB_DEVICE/App/usbd_desc.o
                0x0000000008008b48                USBD_FS_SerialStrDescriptor
 .text.USBD_FS_ConfigStrDescriptor
                0x0000000008008b6c       0x3c ./USB_DEVICE/App/usbd_desc.o
                0x0000000008008b6c                USBD_FS_ConfigStrDescriptor
 .text.USBD_FS_InterfaceStrDescriptor
                0x0000000008008ba8       0x3c ./USB_DEVICE/App/usbd_desc.o
                0x0000000008008ba8                USBD_FS_InterfaceStrDescriptor
 .text.Get_SerialNum
                0x0000000008008be4       0x58 ./USB_DEVICE/App/usbd_desc.o
 .text.IntToUnicode
                0x0000000008008c3c       0x7c ./USB_DEVICE/App/usbd_desc.o
 .text.HAL_PCD_MspInit
                0x0000000008008cb8       0x4c ./USB_DEVICE/Target/usbd_conf.o
                0x0000000008008cb8                HAL_PCD_MspInit
 .text.HAL_PCD_SetupStageCallback
                0x0000000008008d04       0x24 ./USB_DEVICE/Target/usbd_conf.o
                0x0000000008008d04                HAL_PCD_SetupStageCallback
 .text.HAL_PCD_DataOutStageCallback
                0x0000000008008d28       0x36 ./USB_DEVICE/Target/usbd_conf.o
                0x0000000008008d28                HAL_PCD_DataOutStageCallback
 .text.HAL_PCD_DataInStageCallback
                0x0000000008008d5e       0x34 ./USB_DEVICE/Target/usbd_conf.o
                0x0000000008008d5e                HAL_PCD_DataInStageCallback
 .text.HAL_PCD_SOFCallback
                0x0000000008008d92       0x1c ./USB_DEVICE/Target/usbd_conf.o
                0x0000000008008d92                HAL_PCD_SOFCallback
 .text.HAL_PCD_ResetCallback
                0x0000000008008dae       0x3c ./USB_DEVICE/Target/usbd_conf.o
                0x0000000008008dae                HAL_PCD_ResetCallback
 *fill*         0x0000000008008dea        0x2 
 .text.HAL_PCD_SuspendCallback
                0x0000000008008dec       0x34 ./USB_DEVICE/Target/usbd_conf.o
                0x0000000008008dec                HAL_PCD_SuspendCallback
 .text.HAL_PCD_ResumeCallback
                0x0000000008008e20       0x1c ./USB_DEVICE/Target/usbd_conf.o
                0x0000000008008e20                HAL_PCD_ResumeCallback
 .text.USBD_LL_Init
                0x0000000008008e3c       0xb4 ./USB_DEVICE/Target/usbd_conf.o
                0x0000000008008e3c                USBD_LL_Init
 .text.USBD_LL_Start
                0x0000000008008ef0       0x36 ./USB_DEVICE/Target/usbd_conf.o
                0x0000000008008ef0                USBD_LL_Start
 .text.USBD_LL_OpenEP
                0x0000000008008f26       0x4c ./USB_DEVICE/Target/usbd_conf.o
                0x0000000008008f26                USBD_LL_OpenEP
 .text.USBD_LL_CloseEP
                0x0000000008008f72       0x3e ./USB_DEVICE/Target/usbd_conf.o
                0x0000000008008f72                USBD_LL_CloseEP
 .text.USBD_LL_StallEP
                0x0000000008008fb0       0x3e ./USB_DEVICE/Target/usbd_conf.o
                0x0000000008008fb0                USBD_LL_StallEP
 .text.USBD_LL_ClearStallEP
                0x0000000008008fee       0x3e ./USB_DEVICE/Target/usbd_conf.o
                0x0000000008008fee                USBD_LL_ClearStallEP
 .text.USBD_LL_IsStallEP
                0x000000000800902c       0x56 ./USB_DEVICE/Target/usbd_conf.o
                0x000000000800902c                USBD_LL_IsStallEP
 .text.USBD_LL_SetUSBAddress
                0x0000000008009082       0x3e ./USB_DEVICE/Target/usbd_conf.o
                0x0000000008009082                USBD_LL_SetUSBAddress
 .text.USBD_LL_Transmit
                0x00000000080090c0       0x46 ./USB_DEVICE/Target/usbd_conf.o
                0x00000000080090c0                USBD_LL_Transmit
 .text.USBD_LL_PrepareReceive
                0x0000000008009106       0x46 ./USB_DEVICE/Target/usbd_conf.o
                0x0000000008009106                USBD_LL_PrepareReceive
 .text.USBD_LL_GetRxDataSize
                0x000000000800914c       0x26 ./USB_DEVICE/Target/usbd_conf.o
                0x000000000800914c                USBD_LL_GetRxDataSize
 *fill*         0x0000000008009172        0x2 
 .text.USBD_static_malloc
                0x0000000008009174       0x18 ./USB_DEVICE/Target/usbd_conf.o
                0x0000000008009174                USBD_static_malloc
 .text.USBD_static_free
                0x000000000800918c       0x12 ./USB_DEVICE/Target/usbd_conf.o
                0x000000000800918c                USBD_static_free
 .text.HAL_PCDEx_SetConnectionState
                0x000000000800919e       0x16 ./USB_DEVICE/Target/usbd_conf.o
                0x000000000800919e                HAL_PCDEx_SetConnectionState
 .text.USBD_Get_USB_Status
                0x00000000080091b4       0x58 ./USB_DEVICE/Target/usbd_conf.o
 .text.memset   0x000000000800920c       0x10 C:/ST/STM32CubeIDE_1.14.0/STM32CubeIDE/plugins/com.st.stm32cube.ide.mcu.externaltools.gnu-tools-for-stm32.11.3.rel1.win32_1.1.100.202309141235/tools/bin/../lib/gcc/arm-none-eabi/11.3.1/../../../../arm-none-eabi/lib/thumb/v7-m/nofp\libc_nano.a(libc_a-memset.o)
                0x000000000800920c                memset
 .text.__libc_init_array
                0x000000000800921c       0x48 C:/ST/STM32CubeIDE_1.14.0/STM32CubeIDE/plugins/com.st.stm32cube.ide.mcu.externaltools.gnu-tools-for-stm32.11.3.rel1.win32_1.1.100.202309141235/tools/bin/../lib/gcc/arm-none-eabi/11.3.1/../../../../arm-none-eabi/lib/thumb/v7-m/nofp\libc_nano.a(libc_a-init.o)
                0x000000000800921c                __libc_init_array
 *(.glue_7)
 .glue_7        0x0000000008009264        0x0 linker stubs
 *(.glue_7t)
 .glue_7t       0x0000000008009264        0x0 linker stubs
 *(.eh_frame)
 .eh_frame      0x0000000008009264        0x0 C:/ST/STM32CubeIDE_1.14.0/STM32CubeIDE/plugins/com.st.stm32cube.ide.mcu.externaltools.gnu-tools-for-stm32.11.3.rel1.win32_1.1.100.202309141235/tools/bin/../lib/gcc/arm-none-eabi/11.3.1/thumb/v7-m/nofp/crtbegin.o
 *(.init)
 .init          0x0000000008009264        0x4 C:/ST/STM32CubeIDE_1.14.0/STM32CubeIDE/plugins/com.st.stm32cube.ide.mcu.externaltools.gnu-tools-for-stm32.11.3.rel1.win32_1.1.100.202309141235/tools/bin/../lib/gcc/arm-none-eabi/11.3.1/thumb/v7-m/nofp/crti.o
                0x0000000008009264                _init
 .init          0x0000000008009268        0x8 C:/ST/STM32CubeIDE_1.14.0/STM32CubeIDE/plugins/com.st.stm32cube.ide.mcu.externaltools.gnu-tools-for-stm32.11.3.rel1.win32_1.1.100.202309141235/tools/bin/../lib/gcc/arm-none-eabi/11.3.1/thumb/v7-m/nofp/crtn.o
 *(.fini)
 .fini          0x0000000008009270        0x4 C:/ST/STM32CubeIDE_1.14.0/STM32CubeIDE/plugins/com.st.stm32cube.ide.mcu.externaltools.gnu-tools-for-stm32.11.3.rel1.win32_1.1.100.202309141235/tools/bin/../lib/gcc/arm-none-eabi/11.3.1/thumb/v7-m/nofp/crti.o
                0x0000000008009270                _fini
 .fini          0x0000000008009274        0x8 C:/ST/STM32CubeIDE_1.14.0/STM32CubeIDE/plugins/com.st.stm32cube.ide.mcu.externaltools.gnu-tools-for-stm32.11.3.rel1.win32_1.1.100.202309141235/tools/bin/../lib/gcc/arm-none-eabi/11.3.1/thumb/v7-m/nofp/crtn.o
                0x000000000800927c                . = ALIGN (0x4)
                0x000000000800927c                _etext = .

.vfp11_veneer   0x000000000800927c        0x0
 .vfp11_veneer  0x000000000800927c        0x0 linker stubs

.v4_bx          0x000000000800927c        0x0
 .v4_bx         0x000000000800927c        0x0 linker stubs

.iplt           0x000000000800927c        0x0
 .iplt          0x000000000800927c        0x0 C:/ST/STM32CubeIDE_1.14.0/STM32CubeIDE/plugins/com.st.stm32cube.ide.mcu.externaltools.gnu-tools-for-stm32.11.3.rel1.win32_1.1.100.202309141235/tools/bin/../lib/gcc/arm-none-eabi/11.3.1/thumb/v7-m/nofp/crtbegin.o

.rodata         0x000000000800927c      0x26c
                0x000000000800927c                . = ALIGN (0x4)
 *(.rodata)
 .rodata        0x000000000800927c       0x46 ./USB_DEVICE/App/usbd_desc.o
 *(.rodata*)
 *fill*         0x00000000080092c2        0x2 
 .rodata.crcTable
                0x00000000080092c4      0x200 ./Core/Src/main.o
 .rodata.AHBPrescTable
                0x00000000080094c4       0x10 ./Core/Src/system_stm32f1xx.o
                0x00000000080094c4                AHBPrescTable
 .rodata.aPLLMULFactorTable.1
                0x00000000080094d4       0x10 ./Drivers/STM32F1xx_HAL_Driver/Src/stm32f1xx_hal_rcc.o
 .rodata.aPredivFactorTable.0
                0x00000000080094e4        0x2 ./Drivers/STM32F1xx_HAL_Driver/Src/stm32f1xx_hal_rcc.o
                0x00000000080094e8                . = ALIGN (0x4)
 *fill*         0x00000000080094e6        0x2 

.rel.dyn        0x00000000080094e8        0x0
 .rel.iplt      0x00000000080094e8        0x0 C:/ST/STM32CubeIDE_1.14.0/STM32CubeIDE/plugins/com.st.stm32cube.ide.mcu.externaltools.gnu-tools-for-stm32.11.3.rel1.win32_1.1.100.202309141235/tools/bin/../lib/gcc/arm-none-eabi/11.3.1/thumb/v7-m/nofp/crtbegin.o

.ARM.extab      0x00000000080094e8        0x0
                0x00000000080094e8                . = ALIGN (0x4)
 *(.ARM.extab* .gnu.linkonce.armextab.*)
                0x00000000080094e8                . = ALIGN (0x4)

.ARM            0x00000000080094e8        0x0
                0x00000000080094e8                . = ALIGN (0x4)
                0x00000000080094e8                __exidx_start = .
 *(.ARM.exidx*)
                0x00000000080094e8                __exidx_end = .
                0x00000000080094e8                . = ALIGN (0x4)

.preinit_array  0x00000000080094e8        0x0
                0x00000000080094e8                . = ALIGN (0x4)
                0x00000000080094e8                PROVIDE (__preinit_array_start = .)
 *(.preinit_array*)
                0x00000000080094e8                PROVIDE (__preinit_array_end = .)
                0x00000000080094e8                . = ALIGN (0x4)

.init_array     0x00000000080094e8        0x4
                0x00000000080094e8                . = ALIGN (0x4)
                0x00000000080094e8                PROVIDE (__init_array_start = .)
 *(SORT_BY_NAME(.init_array.*))
 *(.init_array*)
 .init_array    0x00000000080094e8        0x4 C:/ST/STM32CubeIDE_1.14.0/STM32CubeIDE/plugins/com.st.stm32cube.ide.mcu.externaltools.gnu-tools-for-stm32.11.3.rel1.win32_1.1.100.202309141235/tools/bin/../lib/gcc/arm-none-eabi/11.3.1/thumb/v7-m/nofp/crtbegin.o
                0x00000000080094ec                PROVIDE (__init_array_end = .)
                0x00000000080094ec                . = ALIGN (0x4)

.fini_array     0x00000000080094ec        0x4
                0x00000000080094ec                . = ALIGN (0x4)
                [!provide]                        PROVIDE (__fini_array_start = .)
 *(SORT_BY_NAME(.fini_array.*))
 *(.fini_array*)
 .fini_array    0x00000000080094ec        0x4 C:/ST/STM32CubeIDE_1.14.0/STM32CubeIDE/plugins/com.st.stm32cube.ide.mcu.externaltools.gnu-tools-for-stm32.11.3.rel1.win32_1.1.100.202309141235/tools/bin/../lib/gcc/arm-none-eabi/11.3.1/thumb/v7-m/nofp/crtbegin.o
                [!provide]                        PROVIDE (__fini_array_end = .)
                0x00000000080094f0                . = ALIGN (0x4)
                0x00000000080094f0                _sidata = LOADADDR (.data)

.data           0x0000000020000000      0x188 load address 0x00000000080094f0
                0x0000000020000000                . = ALIGN (0x4)
                0x0000000020000000                _sdata = .
 *(.data)
 *(.data*)
 .data.crc      0x0000000020000000        0x2 ./Core/Src/main.o
                0x0000000020000000                crc
 .data.limit    0x0000000020000002        0x2 ./Core/Src/main.o
                0x0000000020000002                limit
 .data.slave_address
                0x0000000020000004        0x1 ./Core/Src/main.o
                0x0000000020000004                slave_address
 *fill*         0x0000000020000005        0x1 
 .data.pwm_min  0x0000000020000006        0x2 ./Core/Src/main.o
                0x0000000020000006                pwm_min
 .data.pwm_min_angular
                0x0000000020000008        0x2 ./Core/Src/main.o
                0x0000000020000008                pwm_min_angular
 .data.no_response_wait_time
                0x000000002000000a        0x2 ./Core/Src/main.o
                0x000000002000000a                no_response_wait_time
 .data.SystemCoreClock
                0x000000002000000c        0x4 ./Core/Src/system_stm32f1xx.o
                0x000000002000000c                SystemCoreClock
 .data.uwTickPrio
                0x0000000020000010        0x4 ./Drivers/STM32F1xx_HAL_Driver/Src/stm32f1xx_hal.o
                0x0000000020000010                uwTickPrio
 .data.uwTickFreq
                0x0000000020000014        0x1 ./Drivers/STM32F1xx_HAL_Driver/Src/stm32f1xx_hal.o
                0x0000000020000014                uwTickFreq
 *fill*         0x0000000020000015        0x3 
 .data.USBD_CDC_DeviceQualifierDesc
                0x0000000020000018        0xa ./Middlewares/ST/STM32_USB_Device_Library/Class/CDC/Src/usbd_cdc.o
 *fill*         0x0000000020000022        0x2 
 .data.USBD_CDC
                0x0000000020000024       0x38 ./Middlewares/ST/STM32_USB_Device_Library/Class/CDC/Src/usbd_cdc.o
                0x0000000020000024                USBD_CDC
 .data.USBD_CDC_CfgHSDesc
                0x000000002000005c       0x43 ./Middlewares/ST/STM32_USB_Device_Library/Class/CDC/Src/usbd_cdc.o
                0x000000002000005c                USBD_CDC_CfgHSDesc
 *fill*         0x000000002000009f        0x1 
 .data.USBD_CDC_CfgFSDesc
                0x00000000200000a0       0x43 ./Middlewares/ST/STM32_USB_Device_Library/Class/CDC/Src/usbd_cdc.o
                0x00000000200000a0                USBD_CDC_CfgFSDesc
 *fill*         0x00000000200000e3        0x1 
 .data.USBD_CDC_OtherSpeedCfgDesc
                0x00000000200000e4       0x43 ./Middlewares/ST/STM32_USB_Device_Library/Class/CDC/Src/usbd_cdc.o
                0x00000000200000e4                USBD_CDC_OtherSpeedCfgDesc
 *fill*         0x0000000020000127        0x1 
 .data.USBD_Interface_fops_FS
                0x0000000020000128       0x10 ./USB_DEVICE/App/usbd_cdc_if.o
                0x0000000020000128                USBD_Interface_fops_FS
 .data.FS_Desc  0x0000000020000138       0x1c ./USB_DEVICE/App/usbd_desc.o
                0x0000000020000138                FS_Desc
 .data.USBD_FS_DeviceDesc
                0x0000000020000154       0x12 ./USB_DEVICE/App/usbd_desc.o
                0x0000000020000154                USBD_FS_DeviceDesc
 *fill*         0x0000000020000166        0x2 
 .data.USBD_LangIDDesc
                0x0000000020000168        0x4 ./USB_DEVICE/App/usbd_desc.o
                0x0000000020000168                USBD_LangIDDesc
 .data.USBD_StringSerial
                0x000000002000016c       0x1a ./USB_DEVICE/App/usbd_desc.o
                0x000000002000016c                USBD_StringSerial
 *(.RamFunc)
 *(.RamFunc*)
                0x0000000020000188                . = ALIGN (0x4)
 *fill*         0x0000000020000186        0x2 
                0x0000000020000188                _edata = .

.igot.plt       0x0000000020000188        0x0 load address 0x0000000008009678
 .igot.plt      0x0000000020000188        0x0 C:/ST/STM32CubeIDE_1.14.0/STM32CubeIDE/plugins/com.st.stm32cube.ide.mcu.externaltools.gnu-tools-for-stm32.11.3.rel1.win32_1.1.100.202309141235/tools/bin/../lib/gcc/arm-none-eabi/11.3.1/thumb/v7-m/nofp/crtbegin.o
                0x0000000020000188                . = ALIGN (0x4)

.bss            0x0000000020000188     0x21a4 load address 0x0000000008009678
                0x0000000020000188                _sbss = .
                0x0000000020000188                __bss_start__ = _sbss
 *(.bss)
 .bss           0x0000000020000188       0x1c C:/ST/STM32CubeIDE_1.14.0/STM32CubeIDE/plugins/com.st.stm32cube.ide.mcu.externaltools.gnu-tools-for-stm32.11.3.rel1.win32_1.1.100.202309141235/tools/bin/../lib/gcc/arm-none-eabi/11.3.1/thumb/v7-m/nofp/crtbegin.o
 *(.bss*)
 .bss.htim3     0x00000000200001a4       0x48 ./Core/Src/main.o
                0x00000000200001a4                htim3
 .bss.htim4     0x00000000200001ec       0x48 ./Core/Src/main.o
                0x00000000200001ec                htim4
 .bss.length    0x0000000020000234        0x2 ./Core/Src/main.o
                0x0000000020000234                length
 .bss.function_code
                0x0000000020000236        0x2 ./Core/Src/main.o
                0x0000000020000236                function_code
 .bss.new_data_received
                0x0000000020000238        0x1 ./Core/Src/main.o
                0x0000000020000238                new_data_received
 .bss.start     0x0000000020000239        0x1 ./Core/Src/main.o
                0x0000000020000239                start
 .bss.stopPinCounter
                0x000000002000023a        0x1 ./Core/Src/main.o
                0x000000002000023a                stopPinCounter
 *fill*         0x000000002000023b        0x1 
 .bss.min_pwm   0x000000002000023c        0x2 ./Core/Src/main.o
                0x000000002000023c                min_pwm
 *fill*         0x000000002000023e        0x2 
 .bss.value     0x0000000020000240        0x8 ./Core/Src/main.o
                0x0000000020000240                value
 .bss.number_of_bytes
                0x0000000020000248        0x1 ./Core/Src/main.o
                0x0000000020000248                number_of_bytes
 *fill*         0x0000000020000249        0x1 
 .bss.starting_address
                0x000000002000024a        0x2 ./Core/Src/main.o
                0x000000002000024a                starting_address
 .bss.pwm_value1
                0x000000002000024c        0x2 ./Core/Src/main.o
                0x000000002000024c                pwm_value1
 .bss.target_value1
                0x000000002000024e        0x2 ./Core/Src/main.o
                0x000000002000024e                target_value1
 .bss.pwm_value2
                0x0000000020000250        0x2 ./Core/Src/main.o
                0x0000000020000250                pwm_value2
 .bss.target_value2
                0x0000000020000252        0x2 ./Core/Src/main.o
                0x0000000020000252                target_value2
 .bss.default_pwm
                0x0000000020000254        0x2 ./Core/Src/main.o
                0x0000000020000254                default_pwm
 *fill*         0x0000000020000256        0x2 
 .bss.counter_timer
                0x0000000020000258        0x4 ./Core/Src/main.o
                0x0000000020000258                counter_timer
 .bss.modbusDevices
                0x000000002000025c      0xf00 ./Core/Src/main.o
                0x000000002000025c                modbusDevices
 .bss.previous_pwm_value.3
                0x000000002000115c        0x2 ./Core/Src/main.o
 .bss.previous_pwm_value.2
                0x000000002000115e        0x2 ./Core/Src/main.o
 .bss.prev_pwm_value1.1
                0x0000000020001160        0x4 ./Core/Src/main.o
 .bss.prev_pwm_value2.0
                0x0000000020001164        0x4 ./Core/Src/main.o
 .bss.uwTick    0x0000000020001168        0x4 ./Drivers/STM32F1xx_HAL_Driver/Src/stm32f1xx_hal.o
                0x0000000020001168                uwTick
 .bss.cfgidx.0  0x000000002000116c        0x1 ./Middlewares/ST/STM32_USB_Device_Library/Core/Src/usbd_ctlreq.o
 *fill*         0x000000002000116d        0x3 
 .bss.hUsbDeviceFS
                0x0000000020001170      0x2c4 ./USB_DEVICE/App/usb_device.o
                0x0000000020001170                hUsbDeviceFS
 .bss.UserRxBufferFS
                0x0000000020001434      0x400 ./USB_DEVICE/App/usbd_cdc_if.o
                0x0000000020001434                UserRxBufferFS
 .bss.UserTxBufferFS
                0x0000000020001834      0x400 ./USB_DEVICE/App/usbd_cdc_if.o
                0x0000000020001834                UserTxBufferFS
 .bss.USBD_StrDesc
                0x0000000020001c34      0x200 ./USB_DEVICE/App/usbd_desc.o
                0x0000000020001c34                USBD_StrDesc
 .bss.hpcd_USB_FS
                0x0000000020001e34      0x2d8 ./USB_DEVICE/Target/usbd_conf.o
                0x0000000020001e34                hpcd_USB_FS
 .bss.mem.0     0x000000002000210c      0x220 ./USB_DEVICE/Target/usbd_conf.o
 *(COMMON)
                0x000000002000232c                . = ALIGN (0x4)
                0x000000002000232c                _ebss = .
                0x000000002000232c                __bss_end__ = _ebss

._user_heap_stack
                0x000000002000232c      0x604 load address 0x0000000008009678
                0x0000000020002330                . = ALIGN (0x8)
 *fill*         0x000000002000232c        0x4 
                [!provide]                        PROVIDE (end = .)
                0x0000000020002330                PROVIDE (_end = .)
                0x0000000020002530                . = (. + _Min_Heap_Size)
 *fill*         0x0000000020002330      0x200 
                0x0000000020002930                . = (. + _Min_Stack_Size)
 *fill*         0x0000000020002530      0x400 
                0x0000000020002930                . = ALIGN (0x8)

/DISCARD/
 libc.a(*)
 libm.a(*)
 libgcc.a(*)

.ARM.attributes
                0x0000000000000000       0x29
 *(.ARM.attributes)
 .ARM.attributes
                0x0000000000000000       0x1d C:/ST/STM32CubeIDE_1.14.0/STM32CubeIDE/plugins/com.st.stm32cube.ide.mcu.externaltools.gnu-tools-for-stm32.11.3.rel1.win32_1.1.100.202309141235/tools/bin/../lib/gcc/arm-none-eabi/11.3.1/thumb/v7-m/nofp/crti.o
 .ARM.attributes
                0x000000000000001d       0x2d C:/ST/STM32CubeIDE_1.14.0/STM32CubeIDE/plugins/com.st.stm32cube.ide.mcu.externaltools.gnu-tools-for-stm32.11.3.rel1.win32_1.1.100.202309141235/tools/bin/../lib/gcc/arm-none-eabi/11.3.1/thumb/v7-m/nofp/crtbegin.o
 .ARM.attributes
                0x000000000000004a       0x2d ./Core/Src/main.o
 .ARM.attributes
                0x0000000000000077       0x2d ./Core/Src/stm32f1xx_hal_msp.o
 .ARM.attributes
                0x00000000000000a4       0x2d ./Core/Src/stm32f1xx_it.o
 .ARM.attributes
                0x00000000000000d1       0x2d ./Core/Src/system_stm32f1xx.o
 .ARM.attributes
                0x00000000000000fe       0x21 ./Core/Startup/startup_stm32f103c8tx.o
 .ARM.attributes
                0x000000000000011f       0x2d ./Drivers/STM32F1xx_HAL_Driver/Src/stm32f1xx_hal.o
 .ARM.attributes
                0x000000000000014c       0x2d ./Drivers/STM32F1xx_HAL_Driver/Src/stm32f1xx_hal_cortex.o
 .ARM.attributes
                0x0000000000000179       0x2d ./Drivers/STM32F1xx_HAL_Driver/Src/stm32f1xx_hal_gpio.o
 .ARM.attributes
                0x00000000000001a6       0x2d ./Drivers/STM32F1xx_HAL_Driver/Src/stm32f1xx_hal_pcd.o
 .ARM.attributes
                0x00000000000001d3       0x2d ./Drivers/STM32F1xx_HAL_Driver/Src/stm32f1xx_hal_pcd_ex.o
 .ARM.attributes
                0x0000000000000200       0x2d ./Drivers/STM32F1xx_HAL_Driver/Src/stm32f1xx_hal_rcc.o
 .ARM.attributes
                0x000000000000022d       0x2d ./Drivers/STM32F1xx_HAL_Driver/Src/stm32f1xx_hal_rcc_ex.o
 .ARM.attributes
                0x000000000000025a       0x2d ./Drivers/STM32F1xx_HAL_Driver/Src/stm32f1xx_hal_tim.o
 .ARM.attributes
                0x0000000000000287       0x2d ./Drivers/STM32F1xx_HAL_Driver/Src/stm32f1xx_hal_tim_ex.o
 .ARM.attributes
                0x00000000000002b4       0x2d ./Drivers/STM32F1xx_HAL_Driver/Src/stm32f1xx_ll_usb.o
 .ARM.attributes
                0x00000000000002e1       0x2d ./Middlewares/ST/STM32_USB_Device_Library/Class/CDC/Src/usbd_cdc.o
 .ARM.attributes
                0x000000000000030e       0x2d ./Middlewares/ST/STM32_USB_Device_Library/Core/Src/usbd_core.o
 .ARM.attributes
                0x000000000000033b       0x2d ./Middlewares/ST/STM32_USB_Device_Library/Core/Src/usbd_ctlreq.o
 .ARM.attributes
                0x0000000000000368       0x2d ./Middlewares/ST/STM32_USB_Device_Library/Core/Src/usbd_ioreq.o
 .ARM.attributes
                0x0000000000000395       0x2d ./USB_DEVICE/App/usb_device.o
 .ARM.attributes
                0x00000000000003c2       0x2d ./USB_DEVICE/App/usbd_cdc_if.o
 .ARM.attributes
                0x00000000000003ef       0x2d ./USB_DEVICE/App/usbd_desc.o
 .ARM.attributes
                0x000000000000041c       0x2d ./USB_DEVICE/Target/usbd_conf.o
 .ARM.attributes
                0x0000000000000449       0x2d C:/ST/STM32CubeIDE_1.14.0/STM32CubeIDE/plugins/com.st.stm32cube.ide.mcu.externaltools.gnu-tools-for-stm32.11.3.rel1.win32_1.1.100.202309141235/tools/bin/../lib/gcc/arm-none-eabi/11.3.1/../../../../arm-none-eabi/lib/thumb/v7-m/nofp\libc_nano.a(libc_a-memset.o)
 .ARM.attributes
                0x0000000000000476       0x2d C:/ST/STM32CubeIDE_1.14.0/STM32CubeIDE/plugins/com.st.stm32cube.ide.mcu.externaltools.gnu-tools-for-stm32.11.3.rel1.win32_1.1.100.202309141235/tools/bin/../lib/gcc/arm-none-eabi/11.3.1/../../../../arm-none-eabi/lib/thumb/v7-m/nofp\libc_nano.a(libc_a-init.o)
 .ARM.attributes
                0x00000000000004a3       0x1d C:/ST/STM32CubeIDE_1.14.0/STM32CubeIDE/plugins/com.st.stm32cube.ide.mcu.externaltools.gnu-tools-for-stm32.11.3.rel1.win32_1.1.100.202309141235/tools/bin/../lib/gcc/arm-none-eabi/11.3.1/thumb/v7-m/nofp/crtn.o
OUTPUT(MINI_STM_MAIN.elf elf32-littlearm)
LOAD linker stubs
LOAD C:/ST/STM32CubeIDE_1.14.0/STM32CubeIDE/plugins/com.st.stm32cube.ide.mcu.externaltools.gnu-tools-for-stm32.11.3.rel1.win32_1.1.100.202309141235/tools/bin/../lib/gcc/arm-none-eabi/11.3.1/../../../../arm-none-eabi/lib/thumb/v7-m/nofp\libc.a
LOAD C:/ST/STM32CubeIDE_1.14.0/STM32CubeIDE/plugins/com.st.stm32cube.ide.mcu.externaltools.gnu-tools-for-stm32.11.3.rel1.win32_1.1.100.202309141235/tools/bin/../lib/gcc/arm-none-eabi/11.3.1/../../../../arm-none-eabi/lib/thumb/v7-m/nofp\libm.a
LOAD C:/ST/STM32CubeIDE_1.14.0/STM32CubeIDE/plugins/com.st.stm32cube.ide.mcu.externaltools.gnu-tools-for-stm32.11.3.rel1.win32_1.1.100.202309141235/tools/bin/../lib/gcc/arm-none-eabi/11.3.1/thumb/v7-m/nofp\libgcc.a

.comment        0x0000000000000000       0x43
 .comment       0x0000000000000000       0x43 C:/ST/STM32CubeIDE_1.14.0/STM32CubeIDE/plugins/com.st.stm32cube.ide.mcu.externaltools.gnu-tools-for-stm32.11.3.rel1.win32_1.1.100.202309141235/tools/bin/../lib/gcc/arm-none-eabi/11.3.1/thumb/v7-m/nofp/crtbegin.o
                                         0x44 (size before relaxing)
 .comment       0x0000000000000043       0x44 ./Core/Src/main.o
 .comment       0x0000000000000043       0x44 ./Core/Src/stm32f1xx_hal_msp.o
 .comment       0x0000000000000043       0x44 ./Core/Src/stm32f1xx_it.o
 .comment       0x0000000000000043       0x44 ./Core/Src/system_stm32f1xx.o
 .comment       0x0000000000000043       0x44 ./Drivers/STM32F1xx_HAL_Driver/Src/stm32f1xx_hal.o
 .comment       0x0000000000000043       0x44 ./Drivers/STM32F1xx_HAL_Driver/Src/stm32f1xx_hal_cortex.o
 .comment       0x0000000000000043       0x44 ./Drivers/STM32F1xx_HAL_Driver/Src/stm32f1xx_hal_gpio.o
 .comment       0x0000000000000043       0x44 ./Drivers/STM32F1xx_HAL_Driver/Src/stm32f1xx_hal_pcd.o
 .comment       0x0000000000000043       0x44 ./Drivers/STM32F1xx_HAL_Driver/Src/stm32f1xx_hal_pcd_ex.o
 .comment       0x0000000000000043       0x44 ./Drivers/STM32F1xx_HAL_Driver/Src/stm32f1xx_hal_rcc.o
 .comment       0x0000000000000043       0x44 ./Drivers/STM32F1xx_HAL_Driver/Src/stm32f1xx_hal_rcc_ex.o
 .comment       0x0000000000000043       0x44 ./Drivers/STM32F1xx_HAL_Driver/Src/stm32f1xx_hal_tim.o
 .comment       0x0000000000000043       0x44 ./Drivers/STM32F1xx_HAL_Driver/Src/stm32f1xx_hal_tim_ex.o
 .comment       0x0000000000000043       0x44 ./Drivers/STM32F1xx_HAL_Driver/Src/stm32f1xx_ll_usb.o
 .comment       0x0000000000000043       0x44 ./Middlewares/ST/STM32_USB_Device_Library/Class/CDC/Src/usbd_cdc.o
 .comment       0x0000000000000043       0x44 ./Middlewares/ST/STM32_USB_Device_Library/Core/Src/usbd_core.o
 .comment       0x0000000000000043       0x44 ./Middlewares/ST/STM32_USB_Device_Library/Core/Src/usbd_ctlreq.o
 .comment       0x0000000000000043       0x44 ./Middlewares/ST/STM32_USB_Device_Library/Core/Src/usbd_ioreq.o
 .comment       0x0000000000000043       0x44 ./USB_DEVICE/App/usb_device.o
 .comment       0x0000000000000043       0x44 ./USB_DEVICE/App/usbd_cdc_if.o
 .comment       0x0000000000000043       0x44 ./USB_DEVICE/App/usbd_desc.o
 .comment       0x0000000000000043       0x44 ./USB_DEVICE/Target/usbd_conf.o

.debug_info     0x0000000000000000    0x118a2
 .debug_info    0x0000000000000000     0x1496 ./Core/Src/main.o
 .debug_info    0x0000000000001496      0xad0 ./Core/Src/stm32f1xx_hal_msp.o
 .debug_info    0x0000000000001f66      0xba1 ./Core/Src/stm32f1xx_it.o
 .debug_info    0x0000000000002b07      0x222 ./Core/Src/system_stm32f1xx.o
 .debug_info    0x0000000000002d29       0x23 ./Core/Startup/startup_stm32f103c8tx.o
 .debug_info    0x0000000000002d4c      0x704 ./Drivers/STM32F1xx_HAL_Driver/Src/stm32f1xx_hal.o
 .debug_info    0x0000000000003450      0xa87 ./Drivers/STM32F1xx_HAL_Driver/Src/stm32f1xx_hal_cortex.o
 .debug_info    0x0000000000003ed7      0x5ab ./Drivers/STM32F1xx_HAL_Driver/Src/stm32f1xx_hal_gpio.o
 .debug_info    0x0000000000004482     0x16dc ./Drivers/STM32F1xx_HAL_Driver/Src/stm32f1xx_hal_pcd.o
 .debug_info    0x0000000000005b5e      0x6c3 ./Drivers/STM32F1xx_HAL_Driver/Src/stm32f1xx_hal_pcd_ex.o
 .debug_info    0x0000000000006221      0x7d5 ./Drivers/STM32F1xx_HAL_Driver/Src/stm32f1xx_hal_rcc.o
 .debug_info    0x00000000000069f6      0x3c0 ./Drivers/STM32F1xx_HAL_Driver/Src/stm32f1xx_hal_rcc_ex.o
 .debug_info    0x0000000000006db6     0x2959 ./Drivers/STM32F1xx_HAL_Driver/Src/stm32f1xx_hal_tim.o
 .debug_info    0x000000000000970f     0x149b ./Drivers/STM32F1xx_HAL_Driver/Src/stm32f1xx_hal_tim_ex.o
 .debug_info    0x000000000000abaa     0x17ae ./Drivers/STM32F1xx_HAL_Driver/Src/stm32f1xx_ll_usb.o
 .debug_info    0x000000000000c358     0x1043 ./Middlewares/ST/STM32_USB_Device_Library/Class/CDC/Src/usbd_cdc.o
 .debug_info    0x000000000000d39b      0xa52 ./Middlewares/ST/STM32_USB_Device_Library/Core/Src/usbd_core.o
 .debug_info    0x000000000000dded      0x91c ./Middlewares/ST/STM32_USB_Device_Library/Core/Src/usbd_ctlreq.o
 .debug_info    0x000000000000e709      0x6a0 ./Middlewares/ST/STM32_USB_Device_Library/Core/Src/usbd_ioreq.o
 .debug_info    0x000000000000eda9      0x63d ./USB_DEVICE/App/usb_device.o
 .debug_info    0x000000000000f3e6      0x80e ./USB_DEVICE/App/usbd_cdc_if.o
 .debug_info    0x000000000000fbf4      0x44a ./USB_DEVICE/App/usbd_desc.o
 .debug_info    0x000000000001003e     0x1864 ./USB_DEVICE/Target/usbd_conf.o

.debug_abbrev   0x0000000000000000     0x31bb
 .debug_abbrev  0x0000000000000000      0x3f2 ./Core/Src/main.o
 .debug_abbrev  0x00000000000003f2      0x1f0 ./Core/Src/stm32f1xx_hal_msp.o
 .debug_abbrev  0x00000000000005e2      0x20e ./Core/Src/stm32f1xx_it.o
 .debug_abbrev  0x00000000000007f0      0x13f ./Core/Src/system_stm32f1xx.o
 .debug_abbrev  0x000000000000092f       0x12 ./Core/Startup/startup_stm32f103c8tx.o
 .debug_abbrev  0x0000000000000941      0x201 ./Drivers/STM32F1xx_HAL_Driver/Src/stm32f1xx_hal.o
 .debug_abbrev  0x0000000000000b42      0x2f8 ./Drivers/STM32F1xx_HAL_Driver/Src/stm32f1xx_hal_cortex.o
 .debug_abbrev  0x0000000000000e3a      0x1ca ./Drivers/STM32F1xx_HAL_Driver/Src/stm32f1xx_hal_gpio.o
 .debug_abbrev  0x0000000000001004      0x2d6 ./Drivers/STM32F1xx_HAL_Driver/Src/stm32f1xx_hal_pcd.o
 .debug_abbrev  0x00000000000012da      0x189 ./Drivers/STM32F1xx_HAL_Driver/Src/stm32f1xx_hal_pcd_ex.o
 .debug_abbrev  0x0000000000001463      0x2b3 ./Drivers/STM32F1xx_HAL_Driver/Src/stm32f1xx_hal_rcc.o
 .debug_abbrev  0x0000000000001716      0x188 ./Drivers/STM32F1xx_HAL_Driver/Src/stm32f1xx_hal_rcc_ex.o
 .debug_abbrev  0x000000000000189e      0x277 ./Drivers/STM32F1xx_HAL_Driver/Src/stm32f1xx_hal_tim.o
 .debug_abbrev  0x0000000000001b15      0x282 ./Drivers/STM32F1xx_HAL_Driver/Src/stm32f1xx_hal_tim_ex.o
 .debug_abbrev  0x0000000000001d97      0x1de ./Drivers/STM32F1xx_HAL_Driver/Src/stm32f1xx_ll_usb.o
 .debug_abbrev  0x0000000000001f75      0x2d3 ./Middlewares/ST/STM32_USB_Device_Library/Class/CDC/Src/usbd_cdc.o
 .debug_abbrev  0x0000000000002248      0x24a ./Middlewares/ST/STM32_USB_Device_Library/Core/Src/usbd_core.o
 .debug_abbrev  0x0000000000002492      0x26b ./Middlewares/ST/STM32_USB_Device_Library/Core/Src/usbd_ctlreq.o
 .debug_abbrev  0x00000000000026fd      0x192 ./Middlewares/ST/STM32_USB_Device_Library/Core/Src/usbd_ioreq.o
 .debug_abbrev  0x000000000000288f      0x18d ./USB_DEVICE/App/usb_device.o
 .debug_abbrev  0x0000000000002a1c      0x28a ./USB_DEVICE/App/usbd_cdc_if.o
 .debug_abbrev  0x0000000000002ca6      0x1ff ./USB_DEVICE/App/usbd_desc.o
 .debug_abbrev  0x0000000000002ea5      0x316 ./USB_DEVICE/Target/usbd_conf.o

.debug_aranges  0x0000000000000000     0x1078
 .debug_aranges
                0x0000000000000000       0xd8 ./Core/Src/main.o
 .debug_aranges
                0x00000000000000d8       0x48 ./Core/Src/stm32f1xx_hal_msp.o
 .debug_aranges
                0x0000000000000120       0x70 ./Core/Src/stm32f1xx_it.o
 .debug_aranges
                0x0000000000000190       0x28 ./Core/Src/system_stm32f1xx.o
 .debug_aranges
                0x00000000000001b8       0x28 ./Core/Startup/startup_stm32f103c8tx.o
 .debug_aranges
                0x00000000000001e0       0xe0 ./Drivers/STM32F1xx_HAL_Driver/Src/stm32f1xx_hal.o
 .debug_aranges
                0x00000000000002c0      0x100 ./Drivers/STM32F1xx_HAL_Driver/Src/stm32f1xx_hal_cortex.o
 .debug_aranges
                0x00000000000003c0       0x58 ./Drivers/STM32F1xx_HAL_Driver/Src/stm32f1xx_hal_gpio.o
 .debug_aranges
                0x0000000000000418      0x140 ./Drivers/STM32F1xx_HAL_Driver/Src/stm32f1xx_hal_pcd.o
 .debug_aranges
                0x0000000000000558       0x38 ./Drivers/STM32F1xx_HAL_Driver/Src/stm32f1xx_hal_pcd_ex.o
 .debug_aranges
                0x0000000000000590       0x90 ./Drivers/STM32F1xx_HAL_Driver/Src/stm32f1xx_hal_rcc.o
 .debug_aranges
                0x0000000000000620       0x30 ./Drivers/STM32F1xx_HAL_Driver/Src/stm32f1xx_hal_rcc_ex.o
 .debug_aranges
                0x0000000000000650      0x3d0 ./Drivers/STM32F1xx_HAL_Driver/Src/stm32f1xx_hal_tim.o
 .debug_aranges
                0x0000000000000a20      0x168 ./Drivers/STM32F1xx_HAL_Driver/Src/stm32f1xx_hal_tim_ex.o
 .debug_aranges
                0x0000000000000b88       0xf8 ./Drivers/STM32F1xx_HAL_Driver/Src/stm32f1xx_ll_usb.o
 .debug_aranges
                0x0000000000000c80       0x90 ./Middlewares/ST/STM32_USB_Device_Library/Class/CDC/Src/usbd_cdc.o
 .debug_aranges
                0x0000000000000d10       0xb8 ./Middlewares/ST/STM32_USB_Device_Library/Core/Src/usbd_core.o
 .debug_aranges
                0x0000000000000dc8       0x88 ./Middlewares/ST/STM32_USB_Device_Library/Core/Src/usbd_ctlreq.o
 .debug_aranges
                0x0000000000000e50       0x50 ./Middlewares/ST/STM32_USB_Device_Library/Core/Src/usbd_ioreq.o
 .debug_aranges
                0x0000000000000ea0       0x20 ./USB_DEVICE/App/usb_device.o
 .debug_aranges
                0x0000000000000ec0       0x40 ./USB_DEVICE/App/usbd_cdc_if.o
 .debug_aranges
                0x0000000000000f00       0x60 ./USB_DEVICE/App/usbd_desc.o
 .debug_aranges
                0x0000000000000f60      0x118 ./USB_DEVICE/Target/usbd_conf.o

.debug_rnglists
                0x0000000000000000      0xc7e
 .debug_rnglists
                0x0000000000000000       0xa9 ./Core/Src/main.o
 .debug_rnglists
                0x00000000000000a9       0x31 ./Core/Src/stm32f1xx_hal_msp.o
 .debug_rnglists
                0x00000000000000da       0x4f ./Core/Src/stm32f1xx_it.o
 .debug_rnglists
                0x0000000000000129       0x1a ./Core/Src/system_stm32f1xx.o
 .debug_rnglists
                0x0000000000000143       0x19 ./Core/Startup/startup_stm32f103c8tx.o
 .debug_rnglists
                0x000000000000015c       0xa3 ./Drivers/STM32F1xx_HAL_Driver/Src/stm32f1xx_hal.o
 .debug_rnglists
                0x00000000000001ff       0xbb ./Drivers/STM32F1xx_HAL_Driver/Src/stm32f1xx_hal_cortex.o
 .debug_rnglists
                0x00000000000002ba       0x3f ./Drivers/STM32F1xx_HAL_Driver/Src/stm32f1xx_hal_gpio.o
 .debug_rnglists
                0x00000000000002f9       0xf4 ./Drivers/STM32F1xx_HAL_Driver/Src/stm32f1xx_hal_pcd.o
 .debug_rnglists
                0x00000000000003ed       0x26 ./Drivers/STM32F1xx_HAL_Driver/Src/stm32f1xx_hal_pcd_ex.o
 .debug_rnglists
                0x0000000000000413       0x6c ./Drivers/STM32F1xx_HAL_Driver/Src/stm32f1xx_hal_rcc.o
 .debug_rnglists
                0x000000000000047f       0x21 ./Drivers/STM32F1xx_HAL_Driver/Src/stm32f1xx_hal_rcc_ex.o
 .debug_rnglists
                0x00000000000004a0      0x31a ./Drivers/STM32F1xx_HAL_Driver/Src/stm32f1xx_hal_tim.o
 .debug_rnglists
                0x00000000000007ba      0x125 ./Drivers/STM32F1xx_HAL_Driver/Src/stm32f1xx_hal_tim_ex.o
 .debug_rnglists
                0x00000000000008df       0xbd ./Drivers/STM32F1xx_HAL_Driver/Src/stm32f1xx_ll_usb.o
 .debug_rnglists
                0x000000000000099c       0x6a ./Middlewares/ST/STM32_USB_Device_Library/Class/CDC/Src/usbd_cdc.o
 .debug_rnglists
                0x0000000000000a06       0x89 ./Middlewares/ST/STM32_USB_Device_Library/Core/Src/usbd_core.o
 .debug_rnglists
                0x0000000000000a8f       0x68 ./Middlewares/ST/STM32_USB_Device_Library/Core/Src/usbd_ctlreq.o
 .debug_rnglists
                0x0000000000000af7       0x37 ./Middlewares/ST/STM32_USB_Device_Library/Core/Src/usbd_ioreq.o
 .debug_rnglists
                0x0000000000000b2e       0x13 ./USB_DEVICE/App/usb_device.o
 .debug_rnglists
                0x0000000000000b41       0x2c ./USB_DEVICE/App/usbd_cdc_if.o
 .debug_rnglists
                0x0000000000000b6d       0x43 ./USB_DEVICE/App/usbd_desc.o
 .debug_rnglists
                0x0000000000000bb0       0xce ./USB_DEVICE/Target/usbd_conf.o

.debug_macro    0x0000000000000000    0x19efa
 .debug_macro   0x0000000000000000      0x398 ./Core/Src/main.o
 .debug_macro   0x0000000000000398      0xa9c ./Core/Src/main.o
 .debug_macro   0x0000000000000e34      0x21b ./Core/Src/main.o
 .debug_macro   0x000000000000104f       0x2e ./Core/Src/main.o
 .debug_macro   0x000000000000107d       0x22 ./Core/Src/main.o
 .debug_macro   0x000000000000109f       0x22 ./Core/Src/main.o
 .debug_macro   0x00000000000010c1       0x8e ./Core/Src/main.o
 .debug_macro   0x000000000000114f       0x51 ./Core/Src/main.o
 .debug_macro   0x00000000000011a0      0x103 ./Core/Src/main.o
 .debug_macro   0x00000000000012a3       0x6a ./Core/Src/main.o
 .debug_macro   0x000000000000130d      0x1df ./Core/Src/main.o
 .debug_macro   0x00000000000014ec       0x1c ./Core/Src/main.o
 .debug_macro   0x0000000000001508       0x22 ./Core/Src/main.o
 .debug_macro   0x000000000000152a       0xbd ./Core/Src/main.o
 .debug_macro   0x00000000000015e7      0xd23 ./Core/Src/main.o
 .debug_macro   0x000000000000230a     0xe09e ./Core/Src/main.o
 .debug_macro   0x00000000000103a8       0x6d ./Core/Src/main.o
 .debug_macro   0x0000000000010415     0x34a2 ./Core/Src/main.o
 .debug_macro   0x00000000000138b7      0x174 ./Core/Src/main.o
 .debug_macro   0x0000000000013a2b       0x5c ./Core/Src/main.o
 .debug_macro   0x0000000000013a87      0x5bc ./Core/Src/main.o
 .debug_macro   0x0000000000014043      0x289 ./Core/Src/main.o
 .debug_macro   0x00000000000142cc      0x1cb ./Core/Src/main.o
 .debug_macro   0x0000000000014497      0x114 ./Core/Src/main.o
 .debug_macro   0x00000000000145ab      0x1b2 ./Core/Src/main.o
 .debug_macro   0x000000000001475d       0x27 ./Core/Src/main.o
 .debug_macro   0x0000000000014784      0x136 ./Core/Src/main.o
 .debug_macro   0x00000000000148ba      0x1bc ./Core/Src/main.o
 .debug_macro   0x0000000000014a76       0x34 ./Core/Src/main.o
 .debug_macro   0x0000000000014aaa       0x3c ./Core/Src/main.o
 .debug_macro   0x0000000000014ae6       0x57 ./Core/Src/main.o
 .debug_macro   0x0000000000014b3d       0x87 ./Core/Src/main.o
 .debug_macro   0x0000000000014bc4      0x240 ./Core/Src/main.o
 .debug_macro   0x0000000000014e04      0x140 ./Core/Src/main.o
 .debug_macro   0x0000000000014f44      0x8ed ./Core/Src/main.o
 .debug_macro   0x0000000000015831       0xb7 ./Core/Src/main.o
 .debug_macro   0x00000000000158e8      0x242 ./Core/Src/main.o
 .debug_macro   0x0000000000015b2a       0x83 ./Core/Src/main.o
 .debug_macro   0x0000000000015bad       0x10 ./Core/Src/main.o
 .debug_macro   0x0000000000015bbd       0x61 ./Core/Src/main.o
 .debug_macro   0x0000000000015c1e       0x24 ./Core/Src/main.o
 .debug_macro   0x0000000000015c42       0x43 ./Core/Src/main.o
 .debug_macro   0x0000000000015c85       0x34 ./Core/Src/main.o
 .debug_macro   0x0000000000015cb9       0x16 ./Core/Src/main.o
 .debug_macro   0x0000000000015ccf       0x35 ./Core/Src/main.o
 .debug_macro   0x0000000000015d04      0x369 ./Core/Src/main.o
 .debug_macro   0x000000000001606d       0x10 ./Core/Src/main.o
 .debug_macro   0x000000000001607d       0x16 ./Core/Src/main.o
 .debug_macro   0x0000000000016093       0x43 ./Core/Src/main.o
 .debug_macro   0x00000000000160d6       0x34 ./Core/Src/main.o
 .debug_macro   0x000000000001610a       0x10 ./Core/Src/main.o
 .debug_macro   0x000000000001611a       0x58 ./Core/Src/main.o
 .debug_macro   0x0000000000016172       0x8e ./Core/Src/main.o
 .debug_macro   0x0000000000016200       0x1c ./Core/Src/main.o
 .debug_macro   0x000000000001621c      0x177 ./Core/Src/main.o
 .debug_macro   0x0000000000016393       0x16 ./Core/Src/main.o
 .debug_macro   0x00000000000163a9       0x16 ./Core/Src/main.o
 .debug_macro   0x00000000000163bf      0x147 ./Core/Src/main.o
 .debug_macro   0x0000000000016506       0x16 ./Core/Src/main.o
 .debug_macro   0x000000000001651c       0x16 ./Core/Src/main.o
 .debug_macro   0x0000000000016532       0x29 ./Core/Src/main.o
 .debug_macro   0x000000000001655b       0x16 ./Core/Src/main.o
 .debug_macro   0x0000000000016571       0x20 ./Core/Src/main.o
 .debug_macro   0x0000000000016591       0x5f ./Core/Src/main.o
 .debug_macro   0x00000000000165f0      0x1c8 ./Core/Src/main.o
 .debug_macro   0x00000000000167b8       0x8f ./Core/Src/main.o
 .debug_macro   0x0000000000016847       0x10 ./Core/Src/main.o
 .debug_macro   0x0000000000016857       0x22 ./Core/Src/main.o
 .debug_macro   0x0000000000016879      0x1cc ./Core/Src/stm32f1xx_hal_msp.o
 .debug_macro   0x0000000000016a45      0x1d6 ./Core/Src/stm32f1xx_it.o
 .debug_macro   0x0000000000016c1b      0x1bd ./Core/Src/system_stm32f1xx.o
 .debug_macro   0x0000000000016dd8      0x1e1 ./Drivers/STM32F1xx_HAL_Driver/Src/stm32f1xx_hal.o
 .debug_macro   0x0000000000016fb9      0x1bd ./Drivers/STM32F1xx_HAL_Driver/Src/stm32f1xx_hal_cortex.o
 .debug_macro   0x0000000000017176      0x228 ./Drivers/STM32F1xx_HAL_Driver/Src/stm32f1xx_hal_gpio.o
 .debug_macro   0x000000000001739e      0x1c9 ./Drivers/STM32F1xx_HAL_Driver/Src/stm32f1xx_hal_pcd.o
 .debug_macro   0x0000000000017567      0x1bd ./Drivers/STM32F1xx_HAL_Driver/Src/stm32f1xx_hal_pcd_ex.o
 .debug_macro   0x0000000000017724      0x1cf ./Drivers/STM32F1xx_HAL_Driver/Src/stm32f1xx_hal_rcc.o
 .debug_macro   0x00000000000178f3      0x1bd ./Drivers/STM32F1xx_HAL_Driver/Src/stm32f1xx_hal_rcc_ex.o
 .debug_macro   0x0000000000017ab0      0x1be ./Drivers/STM32F1xx_HAL_Driver/Src/stm32f1xx_hal_tim.o
 .debug_macro   0x0000000000017c6e      0x1bd ./Drivers/STM32F1xx_HAL_Driver/Src/stm32f1xx_hal_tim_ex.o
 .debug_macro   0x0000000000017e2b      0x1bd ./Drivers/STM32F1xx_HAL_Driver/Src/stm32f1xx_ll_usb.o
 .debug_macro   0x0000000000017fe8      0x35b ./Middlewares/ST/STM32_USB_Device_Library/Class/CDC/Src/usbd_cdc.o
 .debug_macro   0x0000000000018343       0x97 ./Middlewares/ST/STM32_USB_Device_Library/Class/CDC/Src/usbd_cdc.o
 .debug_macro   0x00000000000183da       0xfd ./Middlewares/ST/STM32_USB_Device_Library/Class/CDC/Src/usbd_cdc.o
 .debug_macro   0x00000000000184d7       0x56 ./Middlewares/ST/STM32_USB_Device_Library/Class/CDC/Src/usbd_cdc.o
 .debug_macro   0x000000000001852d      0x342 ./Middlewares/ST/STM32_USB_Device_Library/Core/Src/usbd_core.o
 .debug_macro   0x000000000001886f      0x1ce ./Middlewares/ST/STM32_USB_Device_Library/Core/Src/usbd_core.o
 .debug_macro   0x0000000000018a3d      0x34c ./Middlewares/ST/STM32_USB_Device_Library/Core/Src/usbd_ctlreq.o
 .debug_macro   0x0000000000018d89      0x348 ./Middlewares/ST/STM32_USB_Device_Library/Core/Src/usbd_ioreq.o
 .debug_macro   0x00000000000190d1      0x37b ./USB_DEVICE/App/usb_device.o
 .debug_macro   0x000000000001944c       0x16 ./USB_DEVICE/App/usb_device.o
 .debug_macro   0x0000000000019462       0x22 ./USB_DEVICE/App/usb_device.o
 .debug_macro   0x0000000000019484       0x16 ./USB_DEVICE/App/usb_device.o
 .debug_macro   0x000000000001949a      0x366 ./USB_DEVICE/App/usbd_cdc_if.o
 .debug_macro   0x0000000000019800      0x37f ./USB_DEVICE/App/usbd_desc.o
 .debug_macro   0x0000000000019b7f       0x1c ./USB_DEVICE/App/usbd_desc.o
 .debug_macro   0x0000000000019b9b      0x35f ./USB_DEVICE/Target/usbd_conf.o

.debug_line     0x0000000000000000    0x13e26
 .debug_line    0x0000000000000000     0x123f ./Core/Src/main.o
 .debug_line    0x000000000000123f      0x7d3 ./Core/Src/stm32f1xx_hal_msp.o
 .debug_line    0x0000000000001a12      0x827 ./Core/Src/stm32f1xx_it.o
 .debug_line    0x0000000000002239      0x7b2 ./Core/Src/system_stm32f1xx.o
 .debug_line    0x00000000000029eb       0x78 ./Core/Startup/startup_stm32f103c8tx.o
 .debug_line    0x0000000000002a63      0x9df ./Drivers/STM32F1xx_HAL_Driver/Src/stm32f1xx_hal.o
 .debug_line    0x0000000000003442      0xbc7 ./Drivers/STM32F1xx_HAL_Driver/Src/stm32f1xx_hal_cortex.o
 .debug_line    0x0000000000004009      0xa78 ./Drivers/STM32F1xx_HAL_Driver/Src/stm32f1xx_hal_gpio.o
 .debug_line    0x0000000000004a81     0x1407 ./Drivers/STM32F1xx_HAL_Driver/Src/stm32f1xx_hal_pcd.o
 .debug_line    0x0000000000005e88      0x7ad ./Drivers/STM32F1xx_HAL_Driver/Src/stm32f1xx_hal_pcd_ex.o
 .debug_line    0x0000000000006635      0xde8 ./Drivers/STM32F1xx_HAL_Driver/Src/stm32f1xx_hal_rcc.o
 .debug_line    0x000000000000741d      0x923 ./Drivers/STM32F1xx_HAL_Driver/Src/stm32f1xx_hal_rcc_ex.o
 .debug_line    0x0000000000007d40     0x34e6 ./Drivers/STM32F1xx_HAL_Driver/Src/stm32f1xx_hal_tim.o
 .debug_line    0x000000000000b226     0x192e ./Drivers/STM32F1xx_HAL_Driver/Src/stm32f1xx_hal_tim_ex.o
 .debug_line    0x000000000000cb54     0x1094 ./Drivers/STM32F1xx_HAL_Driver/Src/stm32f1xx_ll_usb.o
 .debug_line    0x000000000000dbe8      0xd37 ./Middlewares/ST/STM32_USB_Device_Library/Class/CDC/Src/usbd_cdc.o
 .debug_line    0x000000000000e91f      0xdb3 ./Middlewares/ST/STM32_USB_Device_Library/Core/Src/usbd_core.o
 .debug_line    0x000000000000f6d2      0xff0 ./Middlewares/ST/STM32_USB_Device_Library/Core/Src/usbd_ctlreq.o
 .debug_line    0x00000000000106c2      0xa49 ./Middlewares/ST/STM32_USB_Device_Library/Core/Src/usbd_ioreq.o
 .debug_line    0x000000000001110b      0xa09 ./USB_DEVICE/App/usb_device.o
 .debug_line    0x0000000000011b14      0xa52 ./USB_DEVICE/App/usbd_cdc_if.o
 .debug_line    0x0000000000012566      0xad2 ./USB_DEVICE/App/usbd_desc.o
 .debug_line    0x0000000000013038      0xdee ./USB_DEVICE/Target/usbd_conf.o

.debug_str      0x0000000000000000    0x8ceba
 .debug_str     0x0000000000000000    0x892aa ./Core/Src/main.o
                                      0x89761 (size before relaxing)
 .debug_str     0x00000000000892aa      0x372 ./Core/Src/stm32f1xx_hal_msp.o
                                      0x84d06 (size before relaxing)
 .debug_str     0x000000000008961c      0x3fb ./Core/Src/stm32f1xx_it.o
                                      0x84cd1 (size before relaxing)
 .debug_str     0x0000000000089a17       0x7e ./Core/Src/system_stm32f1xx.o
                                      0x84451 (size before relaxing)
 .debug_str     0x0000000000089a95       0x34 ./Core/Startup/startup_stm32f103c8tx.o
                                         0x79 (size before relaxing)
 .debug_str     0x0000000000089ac9      0x378 ./Drivers/STM32F1xx_HAL_Driver/Src/stm32f1xx_hal.o
                                      0x84b84 (size before relaxing)
 .debug_str     0x0000000000089e41      0x262 ./Drivers/STM32F1xx_HAL_Driver/Src/stm32f1xx_hal_cortex.o
                                      0x84ad0 (size before relaxing)
 .debug_str     0x000000000008a0a3      0x2f7 ./Drivers/STM32F1xx_HAL_Driver/Src/stm32f1xx_hal_gpio.o
                                      0x847d7 (size before relaxing)
 .debug_str     0x000000000008a39a      0x5bd ./Drivers/STM32F1xx_HAL_Driver/Src/stm32f1xx_hal_pcd.o
                                      0x84d6e (size before relaxing)
 .debug_str     0x000000000008a957      0x170 ./Drivers/STM32F1xx_HAL_Driver/Src/stm32f1xx_hal_pcd_ex.o
                                      0x848d0 (size before relaxing)
 .debug_str     0x000000000008aac7      0x229 ./Drivers/STM32F1xx_HAL_Driver/Src/stm32f1xx_hal_rcc.o
                                      0x84880 (size before relaxing)
 .debug_str     0x000000000008acf0       0x9f ./Drivers/STM32F1xx_HAL_Driver/Src/stm32f1xx_hal_rcc_ex.o
                                      0x845d0 (size before relaxing)
 .debug_str     0x000000000008ad8f      0xd2e ./Drivers/STM32F1xx_HAL_Driver/Src/stm32f1xx_hal_tim.o
                                      0x85882 (size before relaxing)
 .debug_str     0x000000000008babd      0x493 ./Drivers/STM32F1xx_HAL_Driver/Src/stm32f1xx_hal_tim_ex.o
                                      0x8508e (size before relaxing)
 .debug_str     0x000000000008bf50      0x129 ./Drivers/STM32F1xx_HAL_Driver/Src/stm32f1xx_ll_usb.o
                                      0x84922 (size before relaxing)
 .debug_str     0x000000000008c079      0x63c ./Middlewares/ST/STM32_USB_Device_Library/Class/CDC/Src/usbd_cdc.o
                                      0x8937a (size before relaxing)
 .debug_str     0x000000000008c6b5      0x281 ./Middlewares/ST/STM32_USB_Device_Library/Core/Src/usbd_core.o
                                      0x88caa (size before relaxing)
 .debug_str     0x000000000008c936      0x120 ./Middlewares/ST/STM32_USB_Device_Library/Core/Src/usbd_ctlreq.o
                                      0x88bc4 (size before relaxing)
 .debug_str     0x000000000008ca56       0x51 ./Middlewares/ST/STM32_USB_Device_Library/Core/Src/usbd_ioreq.o
                                      0x88af1 (size before relaxing)
 .debug_str     0x000000000008caa7       0xc6 ./USB_DEVICE/App/usb_device.o
                                      0x88e7c (size before relaxing)
 .debug_str     0x000000000008cb6d       0x7d ./USB_DEVICE/App/usbd_cdc_if.o
                                      0x88eb6 (size before relaxing)
 .debug_str     0x000000000008cbea      0x258 ./USB_DEVICE/App/usbd_desc.o
                                      0x88a2d (size before relaxing)
 .debug_str     0x000000000008ce42       0x78 ./USB_DEVICE/Target/usbd_conf.o
                                      0x89907 (size before relaxing)

.debug_frame    0x0000000000000000     0x438c
 .debug_frame   0x0000000000000000      0x37c ./Core/Src/main.o
 .debug_frame   0x000000000000037c       0xf4 ./Core/Src/stm32f1xx_hal_msp.o
 .debug_frame   0x0000000000000470      0x13c ./Core/Src/stm32f1xx_it.o
 .debug_frame   0x00000000000005ac       0x58 ./Core/Src/system_stm32f1xx.o
 .debug_frame   0x0000000000000604      0x334 ./Drivers/STM32F1xx_HAL_Driver/Src/stm32f1xx_hal.o
 .debug_frame   0x0000000000000938      0x428 ./Drivers/STM32F1xx_HAL_Driver/Src/stm32f1xx_hal_cortex.o
 .debug_frame   0x0000000000000d60      0x14c ./Drivers/STM32F1xx_HAL_Driver/Src/stm32f1xx_hal_gpio.o
 .debug_frame   0x0000000000000eac      0x594 ./Drivers/STM32F1xx_HAL_Driver/Src/stm32f1xx_hal_pcd.o
 .debug_frame   0x0000000000001440       0xb0 ./Drivers/STM32F1xx_HAL_Driver/Src/stm32f1xx_hal_pcd_ex.o
 .debug_frame   0x00000000000014f0      0x218 ./Drivers/STM32F1xx_HAL_Driver/Src/stm32f1xx_hal_rcc.o
 .debug_frame   0x0000000000001708       0x80 ./Drivers/STM32F1xx_HAL_Driver/Src/stm32f1xx_hal_rcc_ex.o
 .debug_frame   0x0000000000001788     0x11b8 ./Drivers/STM32F1xx_HAL_Driver/Src/stm32f1xx_hal_tim.o
 .debug_frame   0x0000000000002940      0x638 ./Drivers/STM32F1xx_HAL_Driver/Src/stm32f1xx_hal_tim_ex.o
 .debug_frame   0x0000000000002f78      0x470 ./Drivers/STM32F1xx_HAL_Driver/Src/stm32f1xx_ll_usb.o
 .debug_frame   0x00000000000033e8      0x248 ./Middlewares/ST/STM32_USB_Device_Library/Class/CDC/Src/usbd_cdc.o
 .debug_frame   0x0000000000003630      0x300 ./Middlewares/ST/STM32_USB_Device_Library/Core/Src/usbd_core.o