Archive member included to satisfy reference by file (symbol)

C:/ST/STM32CubeIDE_1.14.0/STM32CubeIDE/plugins/com.st.stm32cube.ide.mcu.externaltools.gnu-tools-for-stm32.11.3.rel1.win32_1.1.100.202309141235/tools/bin/../lib/gcc/arm-none-eabi/11.3.1/../../../../arm-none-eabi/lib/thumb/v7-m/nofp\libc_nano.a(libc_a-exit.o)
                              C:/ST/STM32CubeIDE_1.14.0/STM32CubeIDE/plugins/com.st.stm32cube.ide.mcu.externaltools.gnu-tools-for-stm32.11.3.rel1.win32_1.1.100.202309141235/tools/bin/../lib/gcc/arm-none-eabi/11.3.1/../../../../arm-none-eabi/lib/thumb/v7-m/nofp/crt0.o (exit)
C:/ST/STM32CubeIDE_1.14.0/STM32CubeIDE/plugins/com.st.stm32cube.ide.mcu.externaltools.gnu-tools-for-stm32.11.3.rel1.win32_1.1.100.202309141235/tools/bin/../lib/gcc/arm-none-eabi/11.3.1/../../../../arm-none-eabi/lib/thumb/v7-m/nofp\libc_nano.a(libc_a-findfp.o)
                              C:/ST/STM32CubeIDE_1.14.0/STM32CubeIDE/plugins/com.st.stm32cube.ide.mcu.externaltools.gnu-tools-for-stm32.11.3.rel1.win32_1.1.100.202309141235/tools/bin/../lib/gcc/arm-none-eabi/11.3.1/../../../../arm-none-eabi/lib/thumb/v7-m/nofp\libc_nano.a(libc_a-exit.o) (__stdio_exit_handler)
C:/ST/STM32CubeIDE_1.14.0/STM32CubeIDE/plugins/com.st.stm32cube.ide.mcu.externaltools.gnu-tools-for-stm32.11.3.rel1.win32_1.1.100.202309141235/tools/bin/../lib/gcc/arm-none-eabi/11.3.1/../../../../arm-none-eabi/lib/thumb/v7-m/nofp\libc_nano.a(libc_a-fwalk.o)
                              C:/ST/STM32CubeIDE_1.14.0/STM32CubeIDE/plugins/com.st.stm32cube.ide.mcu.externaltools.gnu-tools-for-stm32.11.3.rel1.win32_1.1.100.202309141235/tools/bin/../lib/gcc/arm-none-eabi/11.3.1/../../../../arm-none-eabi/lib/thumb/v7-m/nofp\libc_nano.a(libc_a-findfp.o) (_fwalk_sglue)
C:/ST/STM32CubeIDE_1.14.0/STM32CubeIDE/plugins/com.st.stm32cube.ide.mcu.externaltools.gnu-tools-for-stm32.11.3.rel1.win32_1.1.100.202309141235/tools/bin/../lib/gcc/arm-none-eabi/11.3.1/../../../../arm-none-eabi/lib/thumb/v7-m/nofp\libc_nano.a(libc_a-stdio.o)
                              C:/ST/STM32CubeIDE_1.14.0/STM32CubeIDE/plugins/com.st.stm32cube.ide.mcu.externaltools.gnu-tools-for-stm32.11.3.rel1.win32_1.1.100.202309141235/tools/bin/../lib/gcc/arm-none-eabi/11.3.1/../../../../arm-none-eabi/lib/thumb/v7-m/nofp\libc_nano.a(libc_a-findfp.o) (__sread)
C:/ST/STM32CubeIDE_1.14.0/STM32CubeIDE/plugins/com.st.stm32cube.ide.mcu.externaltools.gnu-tools-for-stm32.11.3.rel1.win32_1.1.100.202309141235/tools/bin/../lib/gcc/arm-none-eabi/11.3.1/../../../../arm-none-eabi/lib/thumb/v7-m/nofp\libc_nano.a(libc_a-memset.o)
                              C:/ST/STM32CubeIDE_1.14.0/STM32CubeIDE/plugins/com.st.stm32cube.ide.mcu.externaltools.gnu-tools-for-stm32.11.3.rel1.win32_1.1.100.202309141235/tools/bin/../lib/gcc/arm-none-eabi/11.3.1/../../../../arm-none-eabi/lib/thumb/v7-m/nofp/crt0.o (memset)
C:/ST/STM32CubeIDE_1.14.0/STM32CubeIDE/plugins/com.st.stm32cube.ide.mcu.externaltools.gnu-tools-for-stm32.11.3.rel1.win32_1.1.100.202309141235/tools/bin/../lib/gcc/arm-none-eabi/11.3.1/../../../../arm-none-eabi/lib/thumb/v7-m/nofp\libc_nano.a(libc_a-closer.o)
                              C:/ST/STM32CubeIDE_1.14.0/STM32CubeIDE/plugins/com.st.stm32cube.ide.mcu.externaltools.gnu-tools-for-stm32.11.3.rel1.win32_1.1.100.202309141235/tools/bin/../lib/gcc/arm-none-eabi/11.3.1/../../../../arm-none-eabi/lib/thumb/v7-m/nofp\libc_nano.a(libc_a-stdio.o) (_close_r)
C:/ST/STM32CubeIDE_1.14.0/STM32CubeIDE/plugins/com.st.stm32cube.ide.mcu.externaltools.gnu-tools-for-stm32.11.3.rel1.win32_1.1.100.202309141235/tools/bin/../lib/gcc/arm-none-eabi/11.3.1/../../../../arm-none-eabi/lib/thumb/v7-m/nofp\libc_nano.a(libc_a-reent.o)
                              C:/ST/STM32CubeIDE_1.14.0/STM32CubeIDE/plugins/com.st.stm32cube.ide.mcu.externaltools.gnu-tools-for-stm32.11.3.rel1.win32_1.1.100.202309141235/tools/bin/../lib/gcc/arm-none-eabi/11.3.1/../../../../arm-none-eabi/lib/thumb/v7-m/nofp\libc_nano.a(libc_a-closer.o) (errno)
C:/ST/STM32CubeIDE_1.14.0/STM32CubeIDE/plugins/com.st.stm32cube.ide.mcu.externaltools.gnu-tools-for-stm32.11.3.rel1.win32_1.1.100.202309141235/tools/bin/../lib/gcc/arm-none-eabi/11.3.1/../../../../arm-none-eabi/lib/thumb/v7-m/nofp\libc_nano.a(libc_a-impure.o)
                              C:/ST/STM32CubeIDE_1.14.0/STM32CubeIDE/plugins/com.st.stm32cube.ide.mcu.externaltools.gnu-tools-for-stm32.11.3.rel1.win32_1.1.100.202309141235/tools/bin/../lib/gcc/arm-none-eabi/11.3.1/../../../../arm-none-eabi/lib/thumb/v7-m/nofp\libc_nano.a(libc_a-reent.o) (_impure_ptr)
C:/ST/STM32CubeIDE_1.14.0/STM32CubeIDE/plugins/com.st.stm32cube.ide.mcu.externaltools.gnu-tools-for-stm32.11.3.rel1.win32_1.1.100.202309141235/tools/bin/../lib/gcc/arm-none-eabi/11.3.1/../../../../arm-none-eabi/lib/thumb/v7-m/nofp\libc_nano.a(libc_a-lseekr.o)
[...]
Memory Configuration

Name             Origin             Length             Attributes
RAM              0x0000000020000000 0x0000000000005000 xrw
FLASH            0x0000000008000000 0x0000000000010000 xr
*default*        0x0000000000000000 0xffffffffffffffff

Linker script and memory map

LOAD C:/ST/STM32CubeIDE_1.14.0/STM32CubeIDE/plugins/com.st.stm32cube.ide.mcu.externaltools.gnu-tools-for-stm32.11.3.rel1.win32_1.1.100.202309141235/tools/bin/../lib/gcc/arm-none-eabi/11.3.1/thumb/v7-m/nofp/crti.o
LOAD C:/ST/STM32CubeIDE_1.14.0/STM32CubeIDE/plugins/com.st.stm32cube.ide.mcu.externaltools.gnu-tools-for-stm32.11.3.rel1.win32_1.1.100.202309141235/tools/bin/../lib/gcc/arm-none-eabi/11.3.1/thumb/v7-m/nofp/crtbegin.o
LOAD C:/ST/STM32CubeIDE_1.14.0/STM32CubeIDE/plugins/com.st.stm32cube.ide.mcu.externaltools.gnu-tools-for-stm32.11.3.rel1.win32_1.1.100.202309141235/tools/bin/../lib/gcc/arm-none-eabi/11.3.1/../../../../arm-none-eabi/lib/thumb/v7-m/nofp/crt0.o
LOAD ./Core/Src/main.o
LOAD ./Core/Src/stm32f1xx_hal_msp.o
LOAD ./Core/Src/stm32f1xx_it.o
LOAD ./Core/Src/syscalls.o
LOAD ./Core/Src/sysmem.o
LOAD ./Core/Src/system_stm32f1xx.o
LOAD ./Core/Startup/startup_stm32f103c8tx.o
LOAD ./Drivers/STM32F1xx_HAL_Driver/Src/stm32f1xx_hal.o
LOAD ./Drivers/STM32F1xx_HAL_Driver/Src/stm32f1xx_hal_cortex.o
LOAD ./Drivers/STM32F1xx_HAL_Driver/Src/stm32f1xx_hal_dma.o
LOAD ./Drivers/STM32F1xx_HAL_Driver/Src/stm32f1xx_hal_exti.o
LOAD ./Drivers/STM32F1xx_HAL_Driver/Src/stm32f1xx_hal_flash.o
LOAD ./Drivers/STM32F1xx_HAL_Driver/Src/stm32f1xx_hal_flash_ex.o
LOAD ./Drivers/STM32F1xx_HAL_Driver/Src/stm32f1xx_hal_gpio.o
LOAD ./Drivers/STM32F1xx_HAL_Driver/Src/stm32f1xx_hal_gpio_ex.o
LOAD ./Drivers/STM32F1xx_HAL_Driver/Src/stm32f1xx_hal_pcd.o
LOAD ./Drivers/STM32F1xx_HAL_Driver/Src/stm32f1xx_hal_pcd_ex.o
LOAD ./Drivers/STM32F1xx_HAL_Driver/Src/stm32f1xx_hal_pwr.o
LOAD ./Drivers/STM32F1xx_HAL_Driver/Src/stm32f1xx_hal_rcc.o
LOAD ./Drivers/STM32F1xx_HAL_Driver/Src/stm32f1xx_hal_rcc_ex.o
LOAD ./Drivers/STM32F1xx_HAL_Driver/Src/stm32f1xx_hal_tim.o
LOAD ./Drivers/STM32F1xx_HAL_Driver/Src/stm32f1xx_hal_tim_ex.o
LOAD ./Drivers/STM32F1xx_HAL_Driver/Src/stm32f1xx_hal_uart.o
LOAD ./Drivers/STM32F1xx_HAL_Driver/Src/stm32f1xx_ll_usb.o
LOAD ./Middlewares/ST/STM32_USB_Device_Library/Class/CDC/Src/usbd_cdc.o
LOAD ./Middlewares/ST/STM32_USB_Device_Library/Core/Src/usbd_core.o
LOAD ./Middlewares/ST/STM32_USB_Device_Library/Core/Src/usbd_ctlreq.o
LOAD ./Middlewares/ST/STM32_USB_Device_Library/Core/Src/usbd_ioreq.o
LOAD ./USB_DEVICE/App/usb_device.o
LOAD ./USB_DEVICE/App/usbd_cdc_if.o
LOAD ./USB_DEVICE/App/usbd_desc.o
LOAD ./USB_DEVICE/Target/usbd_conf.o
START GROUP
LOAD C:/ST/STM32CubeIDE_1.14.0/STM32CubeIDE/plugins/com.st.stm32cube.ide.mcu.externaltools.gnu-tools-for-stm32.11.3.rel1.win32_1.1.100.202309141235/tools/bin/../lib/gcc/arm-none-eabi/11.3.1/../../../../arm-none-eabi/lib/thumb/v7-m/nofp\libc_nano.a
LOAD C:/ST/STM32CubeIDE_1.14.0/STM32CubeIDE/plugins/com.st.stm32cube.ide.mcu.externaltools.gnu-tools-for-stm32.11.3.rel1.win32_1.1.100.202309141235/tools/bin/../lib/gcc/arm-none-eabi/11.3.1/../../../../arm-none-eabi/lib/thumb/v7-m/nofp\libm.a
END GROUP
START GROUP
LOAD C:/ST/STM32CubeIDE_1.14.0/STM32CubeIDE/plugins/com.st.stm32cube.ide.mcu.externaltools.gnu-tools-for-stm32.11.3.rel1.win32_1.1.100.202309141235/tools/bin/../lib/gcc/arm-none-eabi/11.3.1/thumb/v7-m/nofp\libgcc.a
LOAD C:/ST/STM32CubeIDE_1.14.0/STM32CubeIDE/plugins/com.st.stm32cube.ide.mcu.externaltools.gnu-tools-for-stm32.11.3.rel1.win32_1.1.100.202309141235/tools/bin/../lib/gcc/arm-none-eabi/11.3.1/../../../../arm-none-eabi/lib/thumb/v7-m/nofp\libc_nano.a
END GROUP
START GROUP
LOAD C:/ST/STM32CubeIDE_1.14.0/STM32CubeIDE/plugins/com.st.stm32cube.ide.mcu.externaltools.gnu-tools-for-stm32.11.3.rel1.win32_1.1.100.202309141235/tools/bin/../lib/gcc/arm-none-eabi/11.3.1/thumb/v7-m/nofp\libgcc.a
LOAD C:/ST/STM32CubeIDE_1.14.0/STM32CubeIDE/plugins/com.st.stm32cube.ide.mcu.externaltools.gnu-tools-for-stm32.11.3.rel1.win32_1.1.100.202309141235/tools/bin/../lib/gcc/arm-none-eabi/11.3.1/../../../../arm-none-eabi/lib/thumb/v7-m/nofp\libc_nano.a
LOAD C:/ST/STM32CubeIDE_1.14.0/STM32CubeIDE/plugins/com.st.stm32cube.ide.mcu.externaltools.gnu-tools-for-stm32.11.3.rel1.win32_1.1.100.202309141235/tools/bin/../lib/gcc/arm-none-eabi/11.3.1/../../../../arm-none-eabi/lib/thumb/v7-m/nofp\libnosys.a
END GROUP
START GROUP
LOAD C:/ST/STM32CubeIDE_1.14.0/STM32CubeIDE/plugins/com.st.stm32cube.ide.mcu.externaltools.gnu-tools-for-stm32.11.3.rel1.win32_1.1.100.202309141235/tools/bin/../lib/gcc/arm-none-eabi/11.3.1/thumb/v7-m/nofp\libgcc.a
LOAD C:/ST/STM32CubeIDE_1.14.0/STM32CubeIDE/plugins/com.st.stm32cube.ide.mcu.externaltools.gnu-tools-for-stm32.11.3.rel1.win32_1.1.100.202309141235/tools/bin/../lib/gcc/arm-none-eabi/11.3.1/../../../../arm-none-eabi/lib/thumb/v7-m/nofp\libc_nano.a
LOAD C:/ST/STM32CubeIDE_1.14.0/STM32CubeIDE/plugins/com.st.stm32cube.ide.mcu.externaltools.gnu-tools-for-stm32.11.3.rel1.win32_1.1.100.202309141235/tools/bin/../lib/gcc/arm-none-eabi/11.3.1/../../../../arm-none-eabi/lib/thumb/v7-m/nofp\libnosys.a
END GROUP
LOAD C:/ST/STM32CubeIDE_1.14.0/STM32CubeIDE/plugins/com.st.stm32cube.ide.mcu.externaltools.gnu-tools-for-stm32.11.3.rel1.win32_1.1.100.202309141235/tools/bin/../lib/gcc/arm-none-eabi/11.3.1/thumb/v7-m/nofp/crtend.o
LOAD C:/ST/STM32CubeIDE_1.14.0/STM32CubeIDE/plugins/com.st.stm32cube.ide.mcu.externaltools.gnu-tools-for-stm32.11.3.rel1.win32_1.1.100.202309141235/tools/bin/../lib/gcc/arm-none-eabi/11.3.1/thumb/v7-m/nofp/crtn.o
                0x0000000020005000                _estack = (ORIGIN (RAM) + LENGTH (RAM))
                0x0000000000000200                _Min_Heap_Size = 0x200
                0x0000000000000400                _Min_Stack_Size = 0x400

.isr_vector     0x0000000008000000      0x10c
                0x0000000008000000                . = ALIGN (0x4)
 *(.isr_vector)
 .isr_vector    0x0000000008000000      0x10c ./Core/Startup/startup_stm32f103c8tx.o
                0x0000000008000000                g_pfnVectors
                0x000000000800010c                . = ALIGN (0x4)

.text           0x000000000800010c     0x958c
                0x000000000800010c                . = ALIGN (0x4)
 *(.text)
 .text          0x000000000800010c       0x40 C:/ST/STM32CubeIDE_1.14.0/STM32CubeIDE/plugins/com.st.stm32cube.ide.mcu.externaltools.gnu-tools-for-stm32.11.3.rel1.win32_1.1.100.202309141235/tools/bin/../lib/gcc/arm-none-eabi/11.3.1/thumb/v7-m/nofp/crtbegin.o
 *(.text*)
 .text.calculateCRC
                0x000000000800014c       0x58 ./Core/Src/main.o
                0x000000000800014c                calculateCRC
 .text.CDC_ReceiveCallback
                0x00000000080001a4      0x100 ./Core/Src/main.o
                0x00000000080001a4                CDC_ReceiveCallback
 .text.initialize_device
                0x00000000080002a4       0x4c ./Core/Src/main.o
                0x00000000080002a4                initialize_device
 .text.write_to_modbus
                0x00000000080002f0       0x38 ./Core/Src/main.o
                0x00000000080002f0                write_to_modbus
 .text.write_command
                0x0000000008000328       0x34 ./Core/Src/main.o
                0x0000000008000328                write_command
 .text.write_multiple_command
                0x000000000800035c       0x7c ./Core/Src/main.o
                0x000000000800035c                write_multiple_command
 .text.read_command
                0x00000000080003d8      0x13c ./Core/Src/main.o
                0x00000000080003d8                read_command
 .text.crc16_xmodem
                0x0000000008000514       0x76 ./Core/Src/main.o
                0x0000000008000514                crc16_xmodem
 *fill*         0x000000000800058a        0x2 
 .text.send_motor_command
                0x000000000800058c       0x54 ./Core/Src/main.o
                0x000000000800058c                send_motor_command
 .text.drive_motor_forward1
                0x00000000080005e0       0x1c ./Core/Src/main.o
                0x00000000080005e0                drive_motor_forward1
 .text.drive_motor_backward1
                0x00000000080005fc       0x1c ./Core/Src/main.o
                0x00000000080005fc                drive_motor_backward1
 .text.drive_motor_forward2
                0x0000000008000618       0x1c ./Core/Src/main.o
                0x0000000008000618                drive_motor_forward2
 .text.drive_motor_backward2
                0x0000000008000634       0x1c ./Core/Src/main.o
                0x0000000008000634                drive_motor_backward2
 .text.ConstrainTargetValue
                0x0000000008000650       0x54 ./Core/Src/main.o
                0x0000000008000650                ConstrainTargetValue
 .text.ConstrainTargetValue2
                0x00000000080006a4       0x26 ./Core/Src/main.o
                0x00000000080006a4                ConstrainTargetValue2
 *fill*         0x00000000080006ca        0x2 
 .text.setPWMValues__Right
                0x00000000080006cc       0x7c ./Core/Src/main.o
                0x00000000080006cc                setPWMValues__Right
 .text.setPWMValues_Left
                0x0000000008000748       0x7c ./Core/Src/main.o
                0x0000000008000748                setPWMValues_Left
 .text.incrementPWMValue
                0x00000000080007c4       0xf4 ./Core/Src/main.o
                0x00000000080007c4                incrementPWMValue
 .text.UpdatePWMValues
                0x00000000080008b8      0x1d8 ./Core/Src/main.o
                0x00000000080008b8                UpdatePWMValues
 .text.Check_Stop_Pin
                0x0000000008000a90       0x24 ./Core/Src/main.o
                0x0000000008000a90                Check_Stop_Pin
 .text.SetTargetValues
                0x0000000008000ab4      0x10c ./Core/Src/main.o
                0x0000000008000ab4                SetTargetValues
 .text.main     0x0000000008000bc0      0x158 ./Core/Src/main.o
                0x0000000008000bc0                main
 .text.SystemClock_Config
                0x0000000008000d18       0xb4 ./Core/Src/main.o
                0x0000000008000d18                SystemClock_Config
 .text.MX_TIM3_Init
                0x0000000008000dcc       0x9c ./Core/Src/main.o
 .text.MX_TIM4_Init
                0x0000000008000e68       0xf4 ./Core/Src/main.o
 .text.MX_USART1_UART_Init
                0x0000000008000f5c       0x54 ./Core/Src/main.o
 .text.MX_GPIO_Init
                0x0000000008000fb0       0x88 ./Core/Src/main.o
 .text.Error_Handler
                0x0000000008001038        0xa ./Core/Src/main.o
                0x0000000008001038                Error_Handler
 *fill*         0x0000000008001042        0x2 
 .text.HAL_MspInit
                0x0000000008001044       0x64 ./Core/Src/stm32f1xx_hal_msp.o
                0x0000000008001044                HAL_MspInit
 .text.HAL_TIM_Base_MspInit
                0x00000000080010a8       0x4c ./Core/Src/stm32f1xx_hal_msp.o
                0x00000000080010a8                HAL_TIM_Base_MspInit
 .text.HAL_TIM_PWM_MspInit
                0x00000000080010f4       0x3c ./Core/Src/stm32f1xx_hal_msp.o
                0x00000000080010f4                HAL_TIM_PWM_MspInit
 .text.HAL_TIM_MspPostInit
                0x0000000008001130       0x68 ./Core/Src/stm32f1xx_hal_msp.o
                0x0000000008001130                HAL_TIM_MspPostInit
 .text.HAL_UART_MspInit
                0x0000000008001198       0x98 ./Core/Src/stm32f1xx_hal_msp.o
                0x0000000008001198                HAL_UART_MspInit
 .text.NMI_Handler
                0x0000000008001230        0x6 ./Core/Src/stm32f1xx_it.o
                0x0000000008001230                NMI_Handler
 .text.HardFault_Handler
                0x0000000008001236        0x6 ./Core/Src/stm32f1xx_it.o
                0x0000000008001236                HardFault_Handler
 .text.MemManage_Handler
                0x000000000800123c        0x6 ./Core/Src/stm32f1xx_it.o
                0x000000000800123c                MemManage_Handler
 .text.BusFault_Handler
                0x0000000008001242        0x6 ./Core/Src/stm32f1xx_it.o
                0x0000000008001242                BusFault_Handler
 .text.UsageFault_Handler
                0x0000000008001248        0x6 ./Core/Src/stm32f1xx_it.o
                0x0000000008001248                UsageFault_Handler
 .text.SVC_Handler
                0x000000000800124e        0xc ./Core/Src/stm32f1xx_it.o
                0x000000000800124e                SVC_Handler
 .text.DebugMon_Handler
                0x000000000800125a        0xc ./Core/Src/stm32f1xx_it.o
                0x000000000800125a                DebugMon_Handler
 .text.PendSV_Handler
                0x0000000008001266        0xc ./Core/Src/stm32f1xx_it.o
                0x0000000008001266                PendSV_Handler
 .text.SysTick_Handler
                0x0000000008001272        0xc ./Core/Src/stm32f1xx_it.o
                0x0000000008001272                SysTick_Handler
 *fill*         0x000000000800127e        0x2 
 .text.USB_LP_CAN1_RX0_IRQHandler
                0x0000000008001280       0x14 ./Core/Src/stm32f1xx_it.o
                0x0000000008001280                USB_LP_CAN1_RX0_IRQHandler
 .text.TIM3_IRQHandler
                0x0000000008001294       0x18 ./Core/Src/stm32f1xx_it.o
                0x0000000008001294                TIM3_IRQHandler
 .text.SystemInit
                0x00000000080012ac        0xc ./Core/Src/system_stm32f1xx.o
                0x00000000080012ac                SystemInit
 .text.Reset_Handler
                0x00000000080012b8       0x48 ./Core/Startup/startup_stm32f103c8tx.o
                0x00000000080012b8                Reset_Handler
 .text.Default_Handler
                0x0000000008001300        0x2 ./Core/Startup/startup_stm32f103c8tx.o
                0x0000000008001300                RTC_Alarm_IRQHandler
                0x0000000008001300                EXTI2_IRQHandler
                0x0000000008001300                TIM1_CC_IRQHandler
                0x0000000008001300                PVD_IRQHandler
                0x0000000008001300                EXTI3_IRQHandler
                0x0000000008001300                EXTI0_IRQHandler
                0x0000000008001300                I2C2_EV_IRQHandler
                0x0000000008001300                ADC1_2_IRQHandler
                0x0000000008001300                SPI1_IRQHandler
                0x0000000008001300                TAMPER_IRQHandler
                0x0000000008001300                DMA1_Channel4_IRQHandler
                0x0000000008001300                USART3_IRQHandler
                0x0000000008001300                RTC_IRQHandler
                0x0000000008001300                DMA1_Channel7_IRQHandler
                0x0000000008001300                CAN1_RX1_IRQHandler
                0x0000000008001300                TIM4_IRQHandler
                0x0000000008001300                I2C1_EV_IRQHandler
                0x0000000008001300                DMA1_Channel6_IRQHandler
                0x0000000008001300                RCC_IRQHandler
                0x0000000008001300                TIM1_TRG_COM_IRQHandler
                0x0000000008001300                DMA1_Channel1_IRQHandler
                0x0000000008001300                Default_Handler
                0x0000000008001300                EXTI15_10_IRQHandler
                0x0000000008001300                EXTI9_5_IRQHandler
                0x0000000008001300                SPI2_IRQHandler
                0x0000000008001300                DMA1_Channel5_IRQHandler
                0x0000000008001300                EXTI4_IRQHandler
                0x0000000008001300                USB_HP_CAN1_TX_IRQHandler
                0x0000000008001300                DMA1_Channel3_IRQHandler
                0x0000000008001300                TIM1_UP_IRQHandler
                0x0000000008001300                WWDG_IRQHandler
                0x0000000008001300                TIM2_IRQHandler
                0x0000000008001300                TIM1_BRK_IRQHandler
                0x0000000008001300                EXTI1_IRQHandler
                0x0000000008001300                USART2_IRQHandler
                0x0000000008001300                I2C2_ER_IRQHandler
                0x0000000008001300                DMA1_Channel2_IRQHandler
                0x0000000008001300                CAN1_SCE_IRQHandler
                0x0000000008001300                FLASH_IRQHandler
                0x0000000008001300                USART1_IRQHandler
                0x0000000008001300                I2C1_ER_IRQHandler
                0x0000000008001300                USBWakeUp_IRQHandler
 *fill*         0x0000000008001302        0x2 
 .text.HAL_Init
                0x0000000008001304       0x2c ./Drivers/STM32F1xx_HAL_Driver/Src/stm32f1xx_hal.o
                0x0000000008001304                HAL_Init
 .text.HAL_InitTick
                0x0000000008001330       0x60 ./Drivers/STM32F1xx_HAL_Driver/Src/stm32f1xx_hal.o
                0x0000000008001330                HAL_InitTick
 .text.HAL_IncTick
                0x0000000008001390       0x24 ./Drivers/STM32F1xx_HAL_Driver/Src/stm32f1xx_hal.o
                0x0000000008001390                HAL_IncTick
 .text.HAL_GetTick
                0x00000000080013b4       0x14 ./Drivers/STM32F1xx_HAL_Driver/Src/stm32f1xx_hal.o
                0x00000000080013b4                HAL_GetTick
 .text.__NVIC_SetPriorityGrouping
                0x00000000080013c8       0x48 ./Drivers/STM32F1xx_HAL_Driver/Src/stm32f1xx_hal_cortex.o
 .text.__NVIC_GetPriorityGrouping
                0x0000000008001410       0x1c ./Drivers/STM32F1xx_HAL_Driver/Src/stm32f1xx_hal_cortex.o
 .text.__NVIC_EnableIRQ
                0x000000000800142c       0x38 ./Drivers/STM32F1xx_HAL_Driver/Src/stm32f1xx_hal_cortex.o
 .text.__NVIC_SetPriority
                0x0000000008001464       0x54 ./Drivers/STM32F1xx_HAL_Driver/Src/stm32f1xx_hal_cortex.o
 .text.NVIC_EncodePriority
                0x00000000080014b8       0x64 ./Drivers/STM32F1xx_HAL_Driver/Src/stm32f1xx_hal_cortex.o
 .text.SysTick_Config
                0x000000000800151c       0x44 ./Drivers/STM32F1xx_HAL_Driver/Src/stm32f1xx_hal_cortex.o
 .text.HAL_NVIC_SetPriorityGrouping
                0x0000000008001560       0x16 ./Drivers/STM32F1xx_HAL_Driver/Src/stm32f1xx_hal_cortex.o
                0x0000000008001560                HAL_NVIC_SetPriorityGrouping
 .text.HAL_NVIC_SetPriority
                0x0000000008001576       0x38 ./Drivers/STM32F1xx_HAL_Driver/Src/stm32f1xx_hal_cortex.o
                0x0000000008001576                HAL_NVIC_SetPriority
 .text.HAL_NVIC_EnableIRQ
                0x00000000080015ae       0x1c ./Drivers/STM32F1xx_HAL_Driver/Src/stm32f1xx_hal_cortex.o
                0x00000000080015ae                HAL_NVIC_EnableIRQ
 .text.HAL_SYSTICK_Config
                0x00000000080015ca       0x18 ./Drivers/STM32F1xx_HAL_Driver/Src/stm32f1xx_hal_cortex.o
                0x00000000080015ca                HAL_SYSTICK_Config
 *fill*         0x00000000080015e2        0x2 
 .text.HAL_GPIO_Init
                0x00000000080015e4      0x308 ./Drivers/STM32F1xx_HAL_Driver/Src/stm32f1xx_hal_gpio.o
                0x00000000080015e4                HAL_GPIO_Init
 .text.HAL_GPIO_ReadPin
                0x00000000080018ec       0x2e ./Drivers/STM32F1xx_HAL_Driver/Src/stm32f1xx_hal_gpio.o
                0x00000000080018ec                HAL_GPIO_ReadPin
 .text.HAL_PCD_Init
                0x000000000800191a      0x1ec ./Drivers/STM32F1xx_HAL_Driver/Src/stm32f1xx_hal_pcd.o
                0x000000000800191a                HAL_PCD_Init
 .text.HAL_PCD_Start
                0x0000000008001b06       0x4c ./Drivers/STM32F1xx_HAL_Driver/Src/stm32f1xx_hal_pcd.o
                0x0000000008001b06                HAL_PCD_Start
 .text.HAL_PCD_IRQHandler
                0x0000000008001b52      0x260 ./Drivers/STM32F1xx_HAL_Driver/Src/stm32f1xx_hal_pcd.o
                0x0000000008001b52                HAL_PCD_IRQHandler
 .text.HAL_PCD_SetAddress
                0x0000000008001db2       0x48 ./Drivers/STM32F1xx_HAL_Driver/Src/stm32f1xx_hal_pcd.o
                0x0000000008001db2                HAL_PCD_SetAddress
 .text.HAL_PCD_EP_Open
                0x0000000008001dfa       0xba ./Drivers/STM32F1xx_HAL_Driver/Src/stm32f1xx_hal_pcd.o
                0x0000000008001dfa                HAL_PCD_EP_Open
 .text.HAL_PCD_EP_Close
                0x0000000008001eb4       0x90 ./Drivers/STM32F1xx_HAL_Driver/Src/stm32f1xx_hal_pcd.o
                0x0000000008001eb4                HAL_PCD_EP_Close
 .text.HAL_PCD_EP_Receive
                0x0000000008001f44       0x62 ./Drivers/STM32F1xx_HAL_Driver/Src/stm32f1xx_hal_pcd.o
                0x0000000008001f44                HAL_PCD_EP_Receive
 .text.HAL_PCD_EP_GetRxCount
                0x0000000008001fa6       0x2e ./Drivers/STM32F1xx_HAL_Driver/Src/stm32f1xx_hal_pcd.o
                0x0000000008001fa6                HAL_PCD_EP_GetRxCount
 .text.HAL_PCD_EP_Transmit
                0x0000000008001fd4       0x6e ./Drivers/STM32F1xx_HAL_Driver/Src/stm32f1xx_hal_pcd.o
                0x0000000008001fd4                HAL_PCD_EP_Transmit
 .text.HAL_PCD_EP_SetStall
                0x0000000008002042       0xc0 ./Drivers/STM32F1xx_HAL_Driver/Src/stm32f1xx_hal_pcd.o
                0x0000000008002042                HAL_PCD_EP_SetStall
 .text.HAL_PCD_EP_ClrStall
                0x0000000008002102       0xa8 ./Drivers/STM32F1xx_HAL_Driver/Src/stm32f1xx_hal_pcd.o
                0x0000000008002102                HAL_PCD_EP_ClrStall
 .text.PCD_EP_ISR_Handler
                0x00000000080021aa      0x7a0 ./Drivers/STM32F1xx_HAL_Driver/Src/stm32f1xx_hal_pcd.o
 .text.HAL_PCD_EP_DB_Receive
                0x000000000800294a      0x21a ./Drivers/STM32F1xx_HAL_Driver/Src/stm32f1xx_hal_pcd.o
 .text.HAL_PCD_EP_DB_Transmit
                0x0000000008002b64      0x7f4 ./Drivers/STM32F1xx_HAL_Driver/Src/stm32f1xx_hal_pcd.o
 .text.HAL_PCDEx_PMAConfig
                0x0000000008003358       0x84 ./Drivers/STM32F1xx_HAL_Driver/Src/stm32f1xx_hal_pcd_ex.o
                0x0000000008003358                HAL_PCDEx_PMAConfig
 .text.HAL_RCC_OscConfig
                0x00000000080033dc      0x504 ./Drivers/STM32F1xx_HAL_Driver/Src/stm32f1xx_hal_rcc.o
                0x00000000080033dc                HAL_RCC_OscConfig
 .text.HAL_RCC_ClockConfig
                0x00000000080038e0      0x1d4 ./Drivers/STM32F1xx_HAL_Driver/Src/stm32f1xx_hal_rcc.o
                0x00000000080038e0                HAL_RCC_ClockConfig
 .text.HAL_RCC_GetSysClockFreq
                0x0000000008003ab4       0xa8 ./Drivers/STM32F1xx_HAL_Driver/Src/stm32f1xx_hal_rcc.o
                0x0000000008003ab4                HAL_RCC_GetSysClockFreq
 .text.HAL_RCC_GetHCLKFreq
                0x0000000008003b5c       0x14 ./Drivers/STM32F1xx_HAL_Driver/Src/stm32f1xx_hal_rcc.o
                0x0000000008003b5c                HAL_RCC_GetHCLKFreq
 .text.HAL_RCC_GetPCLK1Freq
                0x0000000008003b70       0x28 ./Drivers/STM32F1xx_HAL_Driver/Src/stm32f1xx_hal_rcc.o
                0x0000000008003b70                HAL_RCC_GetPCLK1Freq
 .text.HAL_RCC_GetPCLK2Freq
                0x0000000008003b98       0x28 ./Drivers/STM32F1xx_HAL_Driver/Src/stm32f1xx_hal_rcc.o
                0x0000000008003b98                HAL_RCC_GetPCLK2Freq
 .text.RCC_Delay
                0x0000000008003bc0       0x3c ./Drivers/STM32F1xx_HAL_Driver/Src/stm32f1xx_hal_rcc.o
 .text.HAL_RCCEx_PeriphCLKConfig
                0x0000000008003bfc      0x16c ./Drivers/STM32F1xx_HAL_Driver/Src/stm32f1xx_hal_rcc_ex.o
                0x0000000008003bfc                HAL_RCCEx_PeriphCLKConfig
 .text.HAL_TIM_Base_Init
                0x0000000008003d68       0x9e ./Drivers/STM32F1xx_HAL_Driver/Src/stm32f1xx_hal_tim.o
                0x0000000008003d68                HAL_TIM_Base_Init
 *fill*         0x0000000008003e06        0x2 
 .text.HAL_TIM_Base_Start_IT
                0x0000000008003e08       0xa4 ./Drivers/STM32F1xx_HAL_Driver/Src/stm32f1xx_hal_tim.o
                0x0000000008003e08                HAL_TIM_Base_Start_IT
 .text.HAL_TIM_PWM_Init
                0x0000000008003eac       0x9e ./Drivers/STM32F1xx_HAL_Driver/Src/stm32f1xx_hal_tim.o
                0x0000000008003eac                HAL_TIM_PWM_Init
 .text.HAL_TIM_IRQHandler
                0x0000000008003f4a      0x1e0 ./Drivers/STM32F1xx_HAL_Driver/Src/stm32f1xx_hal_tim.o
                0x0000000008003f4a                HAL_TIM_IRQHandler
 *fill*         0x000000000800412a        0x2 
 .text.HAL_TIM_PWM_ConfigChannel
                0x000000000800412c      0x184 ./Drivers/STM32F1xx_HAL_Driver/Src/stm32f1xx_hal_tim.o
                0x000000000800412c                HAL_TIM_PWM_ConfigChannel
 .text.HAL_TIM_ConfigClockSource
                0x00000000080042b0      0x18e ./Drivers/STM32F1xx_HAL_Driver/Src/stm32f1xx_hal_tim.o
                0x00000000080042b0                HAL_TIM_ConfigClockSource
 .text.HAL_TIM_PeriodElapsedCallback
                0x000000000800443e       0x12 ./Drivers/STM32F1xx_HAL_Driver/Src/stm32f1xx_hal_tim.o
                0x000000000800443e                HAL_TIM_PeriodElapsedCallback
 .text.HAL_TIM_OC_DelayElapsedCallback
                0x0000000008004450       0x12 ./Drivers/STM32F1xx_HAL_Driver/Src/stm32f1xx_hal_tim.o
                0x0000000008004450                HAL_TIM_OC_DelayElapsedCallback
 .text.HAL_TIM_IC_CaptureCallback
                0x0000000008004462       0x12 ./Drivers/STM32F1xx_HAL_Driver/Src/stm32f1xx_hal_tim.o
                0x0000000008004462                HAL_TIM_IC_CaptureCallback
 .text.HAL_TIM_PWM_PulseFinishedCallback
                0x0000000008004474       0x12 ./Drivers/STM32F1xx_HAL_Driver/Src/stm32f1xx_hal_tim.o
                0x0000000008004474                HAL_TIM_PWM_PulseFinishedCallback
 .text.HAL_TIM_TriggerCallback
                0x0000000008004486       0x12 ./Drivers/STM32F1xx_HAL_Driver/Src/stm32f1xx_hal_tim.o
                0x0000000008004486                HAL_TIM_TriggerCallback
 .text.TIM_Base_SetConfig
                0x0000000008004498       0xdc ./Drivers/STM32F1xx_HAL_Driver/Src/stm32f1xx_hal_tim.o
                0x0000000008004498                TIM_Base_SetConfig
 .text.TIM_OC1_SetConfig
                0x0000000008004574       0xcc ./Drivers/STM32F1xx_HAL_Driver/Src/stm32f1xx_hal_tim.o
 .text.TIM_OC2_SetConfig
                0x0000000008004640       0xd4 ./Drivers/STM32F1xx_HAL_Driver/Src/stm32f1xx_hal_tim.o
                0x0000000008004640                TIM_OC2_SetConfig
 .text.TIM_OC3_SetConfig
                0x0000000008004714       0xd4 ./Drivers/STM32F1xx_HAL_Driver/Src/stm32f1xx_hal_tim.o
 .text.TIM_OC4_SetConfig
                0x00000000080047e8       0x9c ./Drivers/STM32F1xx_HAL_Driver/Src/stm32f1xx_hal_tim.o
 .text.TIM_TI1_ConfigInputStage
                0x0000000008004884       0x5c ./Drivers/STM32F1xx_HAL_Driver/Src/stm32f1xx_hal_tim.o
 .text.TIM_TI2_ConfigInputStage
                0x00000000080048e0       0x5e ./Drivers/STM32F1xx_HAL_Driver/Src/stm32f1xx_hal_tim.o
 .text.TIM_ITRx_SetConfig
                0x000000000800493e       0x34 ./Drivers/STM32F1xx_HAL_Driver/Src/stm32f1xx_hal_tim.o
 .text.TIM_ETR_SetConfig
                0x0000000008004972       0x3e ./Drivers/STM32F1xx_HAL_Driver/Src/stm32f1xx_hal_tim.o
                0x0000000008004972                TIM_ETR_SetConfig
 .text.HAL_TIMEx_MasterConfigSynchronization
                0x00000000080049b0       0xbc ./Drivers/STM32F1xx_HAL_Driver/Src/stm32f1xx_hal_tim_ex.o
                0x00000000080049b0                HAL_TIMEx_MasterConfigSynchronization
 .text.HAL_TIMEx_CommutCallback
                0x0000000008004a6c       0x12 ./Drivers/STM32F1xx_HAL_Driver/Src/stm32f1xx_hal_tim_ex.o
                0x0000000008004a6c                HAL_TIMEx_CommutCallback
 .text.HAL_TIMEx_BreakCallback
                0x0000000008004a7e       0x12 ./Drivers/STM32F1xx_HAL_Driver/Src/stm32f1xx_hal_tim_ex.o
                0x0000000008004a7e                HAL_TIMEx_BreakCallback
 .text.HAL_UART_Init
                0x0000000008004a90       0xa0 ./Drivers/STM32F1xx_HAL_Driver/Src/stm32f1xx_hal_uart.o
                0x0000000008004a90                HAL_UART_Init
 .text.HAL_UART_Transmit
                0x0000000008004b30      0x116 ./Drivers/STM32F1xx_HAL_Driver/Src/stm32f1xx_hal_uart.o
                0x0000000008004b30                HAL_UART_Transmit
 .text.UART_WaitOnFlagUntilTimeout
                0x0000000008004c46       0xb2 ./Drivers/STM32F1xx_HAL_Driver/Src/stm32f1xx_hal_uart.o
 .text.UART_EndRxTransfer
                0x0000000008004cf8       0xc4 ./Drivers/STM32F1xx_HAL_Driver/Src/stm32f1xx_hal_uart.o
 .text.UART_SetConfig
                0x0000000008004dbc      0x11c ./Drivers/STM32F1xx_HAL_Driver/Src/stm32f1xx_hal_uart.o
 .text.USB_CoreInit
                0x0000000008004ed8       0x1a ./Drivers/STM32F1xx_HAL_Driver/Src/stm32f1xx_ll_usb.o
                0x0000000008004ed8                USB_CoreInit
 .text.USB_EnableGlobalInt
                0x0000000008004ef2       0x2c ./Drivers/STM32F1xx_HAL_Driver/Src/stm32f1xx_ll_usb.o
                0x0000000008004ef2                USB_EnableGlobalInt
 .text.USB_DisableGlobalInt
                0x0000000008004f1e       0x34 ./Drivers/STM32F1xx_HAL_Driver/Src/stm32f1xx_ll_usb.o
                0x0000000008004f1e                USB_DisableGlobalInt
 .text.USB_SetCurrentMode
                0x0000000008004f52       0x18 ./Drivers/STM32F1xx_HAL_Driver/Src/stm32f1xx_ll_usb.o
                0x0000000008004f52                USB_SetCurrentMode
 .text.USB_DevInit
                0x0000000008004f6a       0x3a ./Drivers/STM32F1xx_HAL_Driver/Src/stm32f1xx_ll_usb.o
                0x0000000008004f6a                USB_DevInit
 .text.USB_ActivateEndpoint
                0x0000000008004fa4      0x780 ./Drivers/STM32F1xx_HAL_Driver/Src/stm32f1xx_ll_usb.o
                0x0000000008004fa4                USB_ActivateEndpoint
 .text.USB_DeactivateEndpoint
                0x0000000008005724      0x3d8 ./Drivers/STM32F1xx_HAL_Driver/Src/stm32f1xx_ll_usb.o
                0x0000000008005724                USB_DeactivateEndpoint
 .text.USB_EPStartXfer
                0x0000000008005afc     0x1762 ./Drivers/STM32F1xx_HAL_Driver/Src/stm32f1xx_ll_usb.o
                0x0000000008005afc                USB_EPStartXfer
 .text.USB_EPSetStall
                0x000000000800725e       0xa0 ./Drivers/STM32F1xx_HAL_Driver/Src/stm32f1xx_ll_usb.o
                0x000000000800725e                USB_EPSetStall
 .text.USB_EPClearStall
                0x00000000080072fe      0x15a ./Drivers/STM32F1xx_HAL_Driver/Src/stm32f1xx_ll_usb.o
                0x00000000080072fe                USB_EPClearStall
 .text.USB_SetDevAddress
                0x0000000008007458       0x26 ./Drivers/STM32F1xx_HAL_Driver/Src/stm32f1xx_ll_usb.o
                0x0000000008007458                USB_SetDevAddress
 .text.USB_DevConnect
                0x000000000800747e       0x14 ./Drivers/STM32F1xx_HAL_Driver/Src/stm32f1xx_ll_usb.o
                0x000000000800747e                USB_DevConnect
 .text.USB_DevDisconnect
                0x0000000008007492       0x14 ./Drivers/STM32F1xx_HAL_Driver/Src/stm32f1xx_ll_usb.o
                0x0000000008007492                USB_DevDisconnect
 .text.USB_ReadInterrupts
                0x00000000080074a6       0x1e ./Drivers/STM32F1xx_HAL_Driver/Src/stm32f1xx_ll_usb.o
                0x00000000080074a6                USB_ReadInterrupts
 .text.USB_EP0_OutStart
                0x00000000080074c4       0x16 ./Drivers/STM32F1xx_HAL_Driver/Src/stm32f1xx_ll_usb.o
                0x00000000080074c4                USB_EP0_OutStart
 .text.USB_WritePMA
                0x00000000080074da       0x8a ./Drivers/STM32F1xx_HAL_Driver/Src/stm32f1xx_ll_usb.o
                0x00000000080074da                USB_WritePMA
 .text.USB_ReadPMA
                0x0000000008007564       0x9e ./Drivers/STM32F1xx_HAL_Driver/Src/stm32f1xx_ll_usb.o
                0x0000000008007564                USB_ReadPMA
 .text.USBD_CDC_Init
                0x0000000008007602       0xf4 ./Middlewares/ST/STM32_USB_Device_Library/Class/CDC/Src/usbd_cdc.o
 .text.USBD_CDC_DeInit
                0x00000000080076f6       0x6e ./Middlewares/ST/STM32_USB_Device_Library/Class/CDC/Src/usbd_cdc.o
 .text.USBD_CDC_Setup
                0x0000000008007764      0x146 ./Middlewares/ST/STM32_USB_Device_Library/Class/CDC/Src/usbd_cdc.o
 .text.USBD_CDC_DataIn
                0x00000000080078aa       0xa6 ./Middlewares/ST/STM32_USB_Device_Library/Class/CDC/Src/usbd_cdc.o
 .text.USBD_CDC_DataOut
                0x0000000008007950       0x56 ./Middlewares/ST/STM32_USB_Device_Library/Class/CDC/Src/usbd_cdc.o
 .text.USBD_CDC_EP0_RxReady
                0x00000000080079a6       0x50 ./Middlewares/ST/STM32_USB_Device_Library/Class/CDC/Src/usbd_cdc.o
 *fill*         0x00000000080079f6        0x2 
 .text.USBD_CDC_GetFSCfgDesc
                0x00000000080079f8       0x20 ./Middlewares/ST/STM32_USB_Device_Library/Class/CDC/Src/usbd_cdc.o
 .text.USBD_CDC_GetHSCfgDesc
                0x0000000008007a18       0x20 ./Middlewares/ST/STM32_USB_Device_Library/Class/CDC/Src/usbd_cdc.o
 .text.USBD_CDC_GetOtherSpeedCfgDesc
                0x0000000008007a38       0x20 ./Middlewares/ST/STM32_USB_Device_Library/Class/CDC/Src/usbd_cdc.o
 .text.USBD_CDC_GetDeviceQualifierDescriptor
                0x0000000008007a58       0x20 ./Middlewares/ST/STM32_USB_Device_Library/Class/CDC/Src/usbd_cdc.o
                0x0000000008007a58                USBD_CDC_GetDeviceQualifierDescriptor
 .text.USBD_CDC_RegisterInterface
                0x0000000008007a78       0x2c ./Middlewares/ST/STM32_USB_Device_Library/Class/CDC/Src/usbd_cdc.o
                0x0000000008007a78                USBD_CDC_RegisterInterface
 .text.USBD_CDC_SetTxBuffer
                0x0000000008007aa4       0x32 ./Middlewares/ST/STM32_USB_Device_Library/Class/CDC/Src/usbd_cdc.o
                0x0000000008007aa4                USBD_CDC_SetTxBuffer
 .text.USBD_CDC_SetRxBuffer
                0x0000000008007ad6       0x26 ./Middlewares/ST/STM32_USB_Device_Library/Class/CDC/Src/usbd_cdc.o
                0x0000000008007ad6                USBD_CDC_SetRxBuffer
 .text.USBD_CDC_TransmitPacket
                0x0000000008007afc       0x5e ./Middlewares/ST/STM32_USB_Device_Library/Class/CDC/Src/usbd_cdc.o
                0x0000000008007afc                USBD_CDC_TransmitPacket
 .text.USBD_CDC_ReceivePacket
                0x0000000008007b5a       0x54 ./Middlewares/ST/STM32_USB_Device_Library/Class/CDC/Src/usbd_cdc.o
                0x0000000008007b5a                USBD_CDC_ReceivePacket
 .text.USBD_Init
                0x0000000008007bae       0x56 ./Middlewares/ST/STM32_USB_Device_Library/Core/Src/usbd_core.o
                0x0000000008007bae                USBD_Init
 .text.USBD_RegisterClass
                0x0000000008007c04       0x32 ./Middlewares/ST/STM32_USB_Device_Library/Core/Src/usbd_core.o
                0x0000000008007c04                USBD_RegisterClass
 .text.USBD_Start
                0x0000000008007c36       0x18 ./Middlewares/ST/STM32_USB_Device_Library/Core/Src/usbd_core.o
                0x0000000008007c36                USBD_Start
 .text.USBD_RunTestMode
                0x0000000008007c4e       0x14 ./Middlewares/ST/STM32_USB_Device_Library/Core/Src/usbd_core.o
                0x0000000008007c4e                USBD_RunTestMode
 .text.USBD_SetClassConfig
                0x0000000008007c62       0x3e ./Middlewares/ST/STM32_USB_Device_Library/Core/Src/usbd_core.o
                0x0000000008007c62                USBD_SetClassConfig
 .text.USBD_ClrClassConfig
                0x0000000008007ca0       0x26 ./Middlewares/ST/STM32_USB_Device_Library/Core/Src/usbd_core.o
                0x0000000008007ca0                USBD_ClrClassConfig
 .text.USBD_LL_SetupStage
                0x0000000008007cc6       0x9a ./Middlewares/ST/STM32_USB_Device_Library/Core/Src/usbd_core.o
                0x0000000008007cc6                USBD_LL_SetupStage
 .text.USBD_LL_DataOutStage
                0x0000000008007d60       0xe2 ./Middlewares/ST/STM32_USB_Device_Library/Core/Src/usbd_core.o
                0x0000000008007d60                USBD_LL_DataOutStage
 .text.USBD_LL_DataInStage
                0x0000000008007e42      0x14a ./Middlewares/ST/STM32_USB_Device_Library/Core/Src/usbd_core.o
                0x0000000008007e42                USBD_LL_DataInStage
 .text.USBD_LL_Reset
                0x0000000008007f8c       0x82 ./Middlewares/ST/STM32_USB_Device_Library/Core/Src/usbd_core.o
                0x0000000008007f8c                USBD_LL_Reset
 .text.USBD_LL_SetSpeed
                0x000000000800800e       0x1e ./Middlewares/ST/STM32_USB_Device_Library/Core/Src/usbd_core.o
                0x000000000800800e                USBD_LL_SetSpeed
 .text.USBD_LL_Suspend
                0x000000000800802c       0x28 ./Middlewares/ST/STM32_USB_Device_Library/Core/Src/usbd_core.o
                0x000000000800802c                USBD_LL_Suspend
 .text.USBD_LL_Resume
                0x0000000008008054       0x2a ./Middlewares/ST/STM32_USB_Device_Library/Core/Src/usbd_core.o
                0x0000000008008054                USBD_LL_Resume
 .text.USBD_LL_SOF
                0x000000000800807e       0x34 ./Middlewares/ST/STM32_USB_Device_Library/Core/Src/usbd_core.o
                0x000000000800807e                USBD_LL_SOF
 *fill*         0x00000000080080b2        0x2 
 .text.USBD_StdDevReq
                0x00000000080080b4       0xd4 ./Middlewares/ST/STM32_USB_Device_Library/Core/Src/usbd_ctlreq.o
                0x00000000080080b4                USBD_StdDevReq
 .text.USBD_StdItfReq
                0x0000000008008188       0x90 ./Middlewares/ST/STM32_USB_Device_Library/Core/Src/usbd_ctlreq.o
                0x0000000008008188                USBD_StdItfReq
 .text.USBD_StdEPReq
                0x0000000008008218      0x2c6 ./Middlewares/ST/STM32_USB_Device_Library/Core/Src/usbd_ctlreq.o
                0x0000000008008218                USBD_StdEPReq
 *fill*         0x00000000080084de        0x2 
 .text.USBD_GetDescriptor
                0x00000000080084e0      0x2d0 ./Middlewares/ST/STM32_USB_Device_Library/Core/Src/usbd_ctlreq.o
 .text.USBD_SetAddress
                0x00000000080087b0       0x86 ./Middlewares/ST/STM32_USB_Device_Library/Core/Src/usbd_ctlreq.o
 *fill*         0x0000000008008836        0x2 
 .text.USBD_SetConfig
                0x0000000008008838      0x11c ./Middlewares/ST/STM32_USB_Device_Library/Core/Src/usbd_ctlreq.o
 .text.USBD_GetConfig
                0x0000000008008954       0x6a ./Middlewares/ST/STM32_USB_Device_Library/Core/Src/usbd_ctlreq.o
 .text.USBD_GetStatus
                0x00000000080089be       0x66 ./Middlewares/ST/STM32_USB_Device_Library/Core/Src/usbd_ctlreq.o
 .text.USBD_SetFeature
                0x0000000008008a24       0x28 ./Middlewares/ST/STM32_USB_Device_Library/Core/Src/usbd_ctlreq.o
 .text.USBD_ClrFeature
                0x0000000008008a4c       0x42 ./Middlewares/ST/STM32_USB_Device_Library/Core/Src/usbd_ctlreq.o
 .text.USBD_ParseSetupRequest
                0x0000000008008a8e       0x78 ./Middlewares/ST/STM32_USB_Device_Library/Core/Src/usbd_ctlreq.o
                0x0000000008008a8e                USBD_ParseSetupRequest
 .text.USBD_CtlError
                0x0000000008008b06       0x22 ./Middlewares/ST/STM32_USB_Device_Library/Core/Src/usbd_ctlreq.o
                0x0000000008008b06                USBD_CtlError
 .text.USBD_GetString
                0x0000000008008b28       0x84 ./Middlewares/ST/STM32_USB_Device_Library/Core/Src/usbd_ctlreq.o
                0x0000000008008b28                USBD_GetString
 .text.USBD_GetLen
                0x0000000008008bac       0x2e ./Middlewares/ST/STM32_USB_Device_Library/Core/Src/usbd_ctlreq.o
 .text.USBD_CtlSendData
                0x0000000008008bda       0x38 ./Middlewares/ST/STM32_USB_Device_Library/Core/Src/usbd_ioreq.o
                0x0000000008008bda                USBD_CtlSendData
 .text.USBD_CtlContinueSendData
                0x0000000008008c12       0x24 ./Middlewares/ST/STM32_USB_Device_Library/Core/Src/usbd_ioreq.o
                0x0000000008008c12                USBD_CtlContinueSendData
 .text.USBD_CtlPrepareRx
                0x0000000008008c36       0x3c ./Middlewares/ST/STM32_USB_Device_Library/Core/Src/usbd_ioreq.o
                0x0000000008008c36                USBD_CtlPrepareRx
 .text.USBD_CtlContinueRx
                0x0000000008008c72       0x24 ./Middlewares/ST/STM32_USB_Device_Library/Core/Src/usbd_ioreq.o
                0x0000000008008c72                USBD_CtlContinueRx
 .text.USBD_CtlSendStatus
                0x0000000008008c96       0x26 ./Middlewares/ST/STM32_USB_Device_Library/Core/Src/usbd_ioreq.o
                0x0000000008008c96                USBD_CtlSendStatus
 .text.USBD_CtlReceiveStatus
                0x0000000008008cbc       0x26 ./Middlewares/ST/STM32_USB_Device_Library/Core/Src/usbd_ioreq.o
                0x0000000008008cbc                USBD_CtlReceiveStatus
 *fill*         0x0000000008008ce2        0x2 
 .text.MX_USB_DEVICE_Init
                0x0000000008008ce4       0x60 ./USB_DEVICE/App/usb_device.o
                0x0000000008008ce4                MX_USB_DEVICE_Init
 .text.CDC_Init_FS
                0x0000000008008d44       0x28 ./USB_DEVICE/App/usbd_cdc_if.o
 .text.CDC_DeInit_FS
                0x0000000008008d6c        0xe ./USB_DEVICE/App/usbd_cdc_if.o
 *fill*         0x0000000008008d7a        0x2 
 .text.CDC_Control_FS
                0x0000000008008d7c       0xbc ./USB_DEVICE/App/usbd_cdc_if.o
 .text.CDC_Receive_FS
                0x0000000008008e38       0x34 ./USB_DEVICE/App/usbd_cdc_if.o
 .text.CDC_Transmit_FS
                0x0000000008008e6c       0x4c ./USB_DEVICE/App/usbd_cdc_if.o
                0x0000000008008e6c                CDC_Transmit_FS
 .text.USBD_FS_DeviceDescriptor
                0x0000000008008eb8       0x24 ./USB_DEVICE/App/usbd_desc.o
                0x0000000008008eb8                USBD_FS_DeviceDescriptor
 .text.USBD_FS_LangIDStrDescriptor
                0x0000000008008edc       0x24 ./USB_DEVICE/App/usbd_desc.o
                0x0000000008008edc                USBD_FS_LangIDStrDescriptor
 .text.USBD_FS_ProductStrDescriptor
                0x0000000008008f00       0x3c ./USB_DEVICE/App/usbd_desc.o
                0x0000000008008f00                USBD_FS_ProductStrDescriptor
 .text.USBD_FS_ManufacturerStrDescriptor
                0x0000000008008f3c       0x28 ./USB_DEVICE/App/usbd_desc.o
                0x0000000008008f3c                USBD_FS_ManufacturerStrDescriptor
 .text.USBD_FS_SerialStrDescriptor
                0x0000000008008f64       0x24 ./USB_DEVICE/App/usbd_desc.o
                0x0000000008008f64                USBD_FS_SerialStrDescriptor
 .text.USBD_FS_ConfigStrDescriptor
                0x0000000008008f88       0x3c ./USB_DEVICE/App/usbd_desc.o
                0x0000000008008f88                USBD_FS_ConfigStrDescriptor
 .text.USBD_FS_InterfaceStrDescriptor
                0x0000000008008fc4       0x3c ./USB_DEVICE/App/usbd_desc.o
                0x0000000008008fc4                USBD_FS_InterfaceStrDescriptor
 .text.Get_SerialNum
                0x0000000008009000       0x58 ./USB_DEVICE/App/usbd_desc.o
 .text.IntToUnicode
                0x0000000008009058       0x7c ./USB_DEVICE/App/usbd_desc.o
 .text.HAL_PCD_MspInit
                0x00000000080090d4       0x4c ./USB_DEVICE/Target/usbd_conf.o
                0x00000000080090d4                HAL_PCD_MspInit
 .text.HAL_PCD_SetupStageCallback
                0x0000000008009120       0x24 ./USB_DEVICE/Target/usbd_conf.o
                0x0000000008009120                HAL_PCD_SetupStageCallback
 .text.HAL_PCD_DataOutStageCallback
                0x0000000008009144       0x36 ./USB_DEVICE/Target/usbd_conf.o
                0x0000000008009144                HAL_PCD_DataOutStageCallback
 .text.HAL_PCD_DataInStageCallback
                0x000000000800917a       0x34 ./USB_DEVICE/Target/usbd_conf.o
                0x000000000800917a                HAL_PCD_DataInStageCallback
 .text.HAL_PCD_SOFCallback
                0x00000000080091ae       0x1c ./USB_DEVICE/Target/usbd_conf.o
                0x00000000080091ae                HAL_PCD_SOFCallback
 .text.HAL_PCD_ResetCallback
                0x00000000080091ca       0x3c ./USB_DEVICE/Target/usbd_conf.o
                0x00000000080091ca                HAL_PCD_ResetCallback
 *fill*         0x0000000008009206        0x2 
 .text.HAL_PCD_SuspendCallback
                0x0000000008009208       0x34 ./USB_DEVICE/Target/usbd_conf.o
                0x0000000008009208                HAL_PCD_SuspendCallback
 .text.HAL_PCD_ResumeCallback
                0x000000000800923c       0x1c ./USB_DEVICE/Target/usbd_conf.o
                0x000000000800923c                HAL_PCD_ResumeCallback
 .text.USBD_LL_Init
                0x0000000008009258       0xb4 ./USB_DEVICE/Target/usbd_conf.o
                0x0000000008009258                USBD_LL_Init
 .text.USBD_LL_Start
                0x000000000800930c       0x36 ./USB_DEVICE/Target/usbd_conf.o
                0x000000000800930c                USBD_LL_Start
 .text.USBD_LL_OpenEP
                0x0000000008009342       0x4c ./USB_DEVICE/Target/usbd_conf.o
                0x0000000008009342                USBD_LL_OpenEP
 .text.USBD_LL_CloseEP
                0x000000000800938e       0x3e ./USB_DEVICE/Target/usbd_conf.o
                0x000000000800938e                USBD_LL_CloseEP
 .text.USBD_LL_StallEP
                0x00000000080093cc       0x3e ./USB_DEVICE/Target/usbd_conf.o
                0x00000000080093cc                USBD_LL_StallEP
 .text.USBD_LL_ClearStallEP
                0x000000000800940a       0x3e ./USB_DEVICE/Target/usbd_conf.o
                0x000000000800940a                USBD_LL_ClearStallEP
 .text.USBD_LL_IsStallEP
                0x0000000008009448       0x56 ./USB_DEVICE/Target/usbd_conf.o
                0x0000000008009448                USBD_LL_IsStallEP
 .text.USBD_LL_SetUSBAddress
                0x000000000800949e       0x3e ./USB_DEVICE/Target/usbd_conf.o
                0x000000000800949e                USBD_LL_SetUSBAddress
 .text.USBD_LL_Transmit
                0x00000000080094dc       0x46 ./USB_DEVICE/Target/usbd_conf.o
                0x00000000080094dc                USBD_LL_Transmit
 .text.USBD_LL_PrepareReceive
                0x0000000008009522       0x46 ./USB_DEVICE/Target/usbd_conf.o
                0x0000000008009522                USBD_LL_PrepareReceive
 .text.USBD_LL_GetRxDataSize
                0x0000000008009568       0x26 ./USB_DEVICE/Target/usbd_conf.o
                0x0000000008009568                USBD_LL_GetRxDataSize
 *fill*         0x000000000800958e        0x2 
 .text.USBD_static_malloc
                0x0000000008009590       0x18 ./USB_DEVICE/Target/usbd_conf.o
                0x0000000008009590                USBD_static_malloc
 .text.USBD_static_free
                0x00000000080095a8       0x12 ./USB_DEVICE/Target/usbd_conf.o
                0x00000000080095a8                USBD_static_free
 .text.HAL_PCDEx_SetConnectionState
                0x00000000080095ba       0x16 ./USB_DEVICE/Target/usbd_conf.o
                0x00000000080095ba                HAL_PCDEx_SetConnectionState
 .text.USBD_Get_USB_Status
                0x00000000080095d0       0x58 ./USB_DEVICE/Target/usbd_conf.o
 .text.memset   0x0000000008009628       0x10 C:/ST/STM32CubeIDE_1.14.0/STM32CubeIDE/plugins/com.st.stm32cube.ide.mcu.externaltools.gnu-tools-for-stm32.11.3.rel1.win32_1.1.100.202309141235/tools/bin/../lib/gcc/arm-none-eabi/11.3.1/../../../../arm-none-eabi/lib/thumb/v7-m/nofp\libc_nano.a(libc_a-memset.o)
                0x0000000008009628                memset
 .text.__libc_init_array
                0x0000000008009638       0x48 C:/ST/STM32CubeIDE_1.14.0/STM32CubeIDE/plugins/com.st.stm32cube.ide.mcu.externaltools.gnu-tools-for-stm32.11.3.rel1.win32_1.1.100.202309141235/tools/bin/../lib/gcc/arm-none-eabi/11.3.1/../../../../arm-none-eabi/lib/thumb/v7-m/nofp\libc_nano.a(libc_a-init.o)
                0x0000000008009638                __libc_init_array
 *(.glue_7)
 .glue_7        0x0000000008009680        0x0 linker stubs
 *(.glue_7t)
 .glue_7t       0x0000000008009680        0x0 linker stubs
 *(.eh_frame)
 .eh_frame      0x0000000008009680        0x0 C:/ST/STM32CubeIDE_1.14.0/STM32CubeIDE/plugins/com.st.stm32cube.ide.mcu.externaltools.gnu-tools-for-stm32.11.3.rel1.win32_1.1.100.202309141235/tools/bin/../lib/gcc/arm-none-eabi/11.3.1/thumb/v7-m/nofp/crtbegin.o
 *(.init)
 .init          0x0000000008009680        0x4 C:/ST/STM32CubeIDE_1.14.0/STM32CubeIDE/plugins/com.st.stm32cube.ide.mcu.externaltools.gnu-tools-for-stm32.11.3.rel1.win32_1.1.100.202309141235/tools/bin/../lib/gcc/arm-none-eabi/11.3.1/thumb/v7-m/nofp/crti.o
                0x0000000008009680                _init
 .init          0x0000000008009684        0x8 C:/ST/STM32CubeIDE_1.14.0/STM32CubeIDE/plugins/com.st.stm32cube.ide.mcu.externaltools.gnu-tools-for-stm32.11.3.rel1.win32_1.1.100.202309141235/tools/bin/../lib/gcc/arm-none-eabi/11.3.1/thumb/v7-m/nofp/crtn.o
 *(.fini)
 .fini          0x000000000800968c        0x4 C:/ST/STM32CubeIDE_1.14.0/STM32CubeIDE/plugins/com.st.stm32cube.ide.mcu.externaltools.gnu-tools-for-stm32.11.3.rel1.win32_1.1.100.202309141235/tools/bin/../lib/gcc/arm-none-eabi/11.3.1/thumb/v7-m/nofp/crti.o
                0x000000000800968c                _fini
 .fini          0x0000000008009690        0x8 C:/ST/STM32CubeIDE_1.14.0/STM32CubeIDE/plugins/com.st.stm32cube.ide.mcu.externaltools.gnu-tools-for-stm32.11.3.rel1.win32_1.1.100.202309141235/tools/bin/../lib/gcc/arm-none-eabi/11.3.1/thumb/v7-m/nofp/crtn.o
                0x0000000008009698                . = ALIGN (0x4)
                0x0000000008009698                _etext = .

.vfp11_veneer   0x0000000008009698        0x0
 .vfp11_veneer  0x0000000008009698        0x0 linker stubs

.v4_bx          0x0000000008009698        0x0
 .v4_bx         0x0000000008009698        0x0 linker stubs

.iplt           0x0000000008009698        0x0
 .iplt          0x0000000008009698        0x0 C:/ST/STM32CubeIDE_1.14.0/STM32CubeIDE/plugins/com.st.stm32cube.ide.mcu.externaltools.gnu-tools-for-stm32.11.3.rel1.win32_1.1.100.202309141235/tools/bin/../lib/gcc/arm-none-eabi/11.3.1/thumb/v7-m/nofp/crtbegin.o

.rodata         0x0000000008009698      0x274
                0x0000000008009698                . = ALIGN (0x4)
 *(.rodata)
 .rodata        0x0000000008009698       0x46 ./USB_DEVICE/App/usbd_desc.o
 *(.rodata*)
 *fill*         0x00000000080096de        0x2 
 .rodata.crcTable
                0x00000000080096e0      0x200 ./Core/Src/main.o
 .rodata.AHBPrescTable
                0x00000000080098e0       0x10 ./Core/Src/system_stm32f1xx.o
                0x00000000080098e0                AHBPrescTable
 .rodata.APBPrescTable
                0x00000000080098f0        0x8 ./Core/Src/system_stm32f1xx.o
                0x00000000080098f0                APBPrescTable
 .rodata.aPLLMULFactorTable.1
                0x00000000080098f8       0x10 ./Drivers/STM32F1xx_HAL_Driver/Src/stm32f1xx_hal_rcc.o
 .rodata.aPredivFactorTable.0
                0x0000000008009908        0x2 ./Drivers/STM32F1xx_HAL_Driver/Src/stm32f1xx_hal_rcc.o
                0x000000000800990c                . = ALIGN (0x4)
 *fill*         0x000000000800990a        0x2 

.rel.dyn        0x000000000800990c        0x0
 .rel.iplt      0x000000000800990c        0x0 C:/ST/STM32CubeIDE_1.14.0/STM32CubeIDE/plugins/com.st.stm32cube.ide.mcu.externaltools.gnu-tools-for-stm32.11.3.rel1.win32_1.1.100.202309141235/tools/bin/../lib/gcc/arm-none-eabi/11.3.1/thumb/v7-m/nofp/crtbegin.o

.ARM.extab      0x000000000800990c        0x0
                0x000000000800990c                . = ALIGN (0x4)
 *(.ARM.extab* .gnu.linkonce.armextab.*)
                0x000000000800990c                . = ALIGN (0x4)

.ARM            0x000000000800990c        0x0
                0x000000000800990c                . = ALIGN (0x4)
                0x000000000800990c                __exidx_start = .
 *(.ARM.exidx*)
                0x000000000800990c                __exidx_end = .
                0x000000000800990c                . = ALIGN (0x4)

.preinit_array  0x000000000800990c        0x0
                0x000000000800990c                . = ALIGN (0x4)
                0x000000000800990c                PROVIDE (__preinit_array_start = .)
 *(.preinit_array*)
                0x000000000800990c                PROVIDE (__preinit_array_end = .)
                0x000000000800990c                . = ALIGN (0x4)

.init_array     0x000000000800990c        0x4
                0x000000000800990c                . = ALIGN (0x4)
                0x000000000800990c                PROVIDE (__init_array_start = .)
 *(SORT_BY_NAME(.init_array.*))
 *(.init_array*)
 .init_array    0x000000000800990c        0x4 C:/ST/STM32CubeIDE_1.14.0/STM32CubeIDE/plugins/com.st.stm32cube.ide.mcu.externaltools.gnu-tools-for-stm32.11.3.rel1.win32_1.1.100.202309141235/tools/bin/../lib/gcc/arm-none-eabi/11.3.1/thumb/v7-m/nofp/crtbegin.o
                0x0000000008009910                PROVIDE (__init_array_end = .)
                0x0000000008009910                . = ALIGN (0x4)

.fini_array     0x0000000008009910        0x4
                0x0000000008009910                . = ALIGN (0x4)
                [!provide]                        PROVIDE (__fini_array_start = .)
 *(SORT_BY_NAME(.fini_array.*))
 *(.fini_array*)
 .fini_array    0x0000000008009910        0x4 C:/ST/STM32CubeIDE_1.14.0/STM32CubeIDE/plugins/com.st.stm32cube.ide.mcu.externaltools.gnu-tools-for-stm32.11.3.rel1.win32_1.1.100.202309141235/tools/bin/../lib/gcc/arm-none-eabi/11.3.1/thumb/v7-m/nofp/crtbegin.o
                [!provide]                        PROVIDE (__fini_array_end = .)
                0x0000000008009914                . = ALIGN (0x4)
                0x0000000008009914                _sidata = LOADADDR (.data)

.data           0x0000000020000000      0x188 load address 0x0000000008009914
                0x0000000020000000                . = ALIGN (0x4)
                0x0000000020000000                _sdata = .
 *(.data)
 *(.data*)
 .data.crc      0x0000000020000000        0x2 ./Core/Src/main.o
                0x0000000020000000                crc
 .data.limit    0x0000000020000002        0x2 ./Core/Src/main.o
                0x0000000020000002                limit
 .data.slave_address
                0x0000000020000004        0x1 ./Core/Src/main.o
                0x0000000020000004                slave_address
 *fill*         0x0000000020000005        0x1 
 .data.pwm_min  0x0000000020000006        0x2 ./Core/Src/main.o
                0x0000000020000006                pwm_min
 .data.pwm_min_angular
                0x0000000020000008        0x2 ./Core/Src/main.o
                0x0000000020000008                pwm_min_angular
 .data.no_response_wait_time
                0x000000002000000a        0x2 ./Core/Src/main.o
                0x000000002000000a                no_response_wait_time
 .data.SystemCoreClock
                0x000000002000000c        0x4 ./Core/Src/system_stm32f1xx.o
                0x000000002000000c                SystemCoreClock
 .data.uwTickPrio
                0x0000000020000010        0x4 ./Drivers/STM32F1xx_HAL_Driver/Src/stm32f1xx_hal.o
                0x0000000020000010                uwTickPrio
 .data.uwTickFreq
                0x0000000020000014        0x1 ./Drivers/STM32F1xx_HAL_Driver/Src/stm32f1xx_hal.o
                0x0000000020000014                uwTickFreq
 *fill*         0x0000000020000015        0x3 
 .data.USBD_CDC_DeviceQualifierDesc
                0x0000000020000018        0xa ./Middlewares/ST/STM32_USB_Device_Library/Class/CDC/Src/usbd_cdc.o
 *fill*         0x0000000020000022        0x2 
 .data.USBD_CDC
                0x0000000020000024       0x38 ./Middlewares/ST/STM32_USB_Device_Library/Class/CDC/Src/usbd_cdc.o
                0x0000000020000024                USBD_CDC
 .data.USBD_CDC_CfgHSDesc
                0x000000002000005c       0x43 ./Middlewares/ST/STM32_USB_Device_Library/Class/CDC/Src/usbd_cdc.o
                0x000000002000005c                USBD_CDC_CfgHSDesc
 *fill*         0x000000002000009f        0x1 
 .data.USBD_CDC_CfgFSDesc
                0x00000000200000a0       0x43 ./Middlewares/ST/STM32_USB_Device_Library/Class/CDC/Src/usbd_cdc.o
                0x00000000200000a0                USBD_CDC_CfgFSDesc
 *fill*         0x00000000200000e3        0x1 
 .data.USBD_CDC_OtherSpeedCfgDesc
                0x00000000200000e4       0x43 ./Middlewares/ST/STM32_USB_Device_Library/Class/CDC/Src/usbd_cdc.o
                0x00000000200000e4                USBD_CDC_OtherSpeedCfgDesc
 *fill*         0x0000000020000127        0x1 
 .data.USBD_Interface_fops_FS
                0x0000000020000128       0x10 ./USB_DEVICE/App/usbd_cdc_if.o
                0x0000000020000128                USBD_Interface_fops_FS
 .data.FS_Desc  0x0000000020000138       0x1c ./USB_DEVICE/App/usbd_desc.o
                0x0000000020000138                FS_Desc
 .data.USBD_FS_DeviceDesc
                0x0000000020000154       0x12 ./USB_DEVICE/App/usbd_desc.o
                0x0000000020000154                USBD_FS_DeviceDesc
 *fill*         0x0000000020000166        0x2 
 .data.USBD_LangIDDesc
                0x0000000020000168        0x4 ./USB_DEVICE/App/usbd_desc.o
                0x0000000020000168                USBD_LangIDDesc
 .data.USBD_StringSerial
                0x000000002000016c       0x1a ./USB_DEVICE/App/usbd_desc.o
                0x000000002000016c                USBD_StringSerial
 *(.RamFunc)
 *(.RamFunc*)
                0x0000000020000188                . = ALIGN (0x4)
 *fill*         0x0000000020000186        0x2 
                0x0000000020000188                _edata = .

.igot.plt       0x0000000020000188        0x0 load address 0x0000000008009a9c
 .igot.plt      0x0000000020000188        0x0 C:/ST/STM32CubeIDE_1.14.0/STM32CubeIDE/plugins/com.st.stm32cube.ide.mcu.externaltools.gnu-tools-for-stm32.11.3.rel1.win32_1.1.100.202309141235/tools/bin/../lib/gcc/arm-none-eabi/11.3.1/thumb/v7-m/nofp/crtbegin.o
                0x0000000020000188                . = ALIGN (0x4)

.bss            0x0000000020000188     0x21e4 load address 0x0000000008009a9c
                0x0000000020000188                _sbss = .
                0x0000000020000188                __bss_start__ = _sbss
 *(.bss)
 .bss           0x0000000020000188       0x1c C:/ST/STM32CubeIDE_1.14.0/STM32CubeIDE/plugins/com.st.stm32cube.ide.mcu.externaltools.gnu-tools-for-stm32.11.3.rel1.win32_1.1.100.202309141235/tools/bin/../lib/gcc/arm-none-eabi/11.3.1/thumb/v7-m/nofp/crtbegin.o
 *(.bss*)
 .bss.htim3     0x00000000200001a4       0x48 ./Core/Src/main.o
                0x00000000200001a4                htim3
 .bss.htim4     0x00000000200001ec       0x48 ./Core/Src/main.o
                0x00000000200001ec                htim4
 .bss.huart1    0x0000000020000234       0x48 ./Core/Src/main.o
                0x0000000020000234                huart1
 .bss.length    0x000000002000027c        0x2 ./Core/Src/main.o
                0x000000002000027c                length
 .bss.function_code
                0x000000002000027e        0x2 ./Core/Src/main.o
                0x000000002000027e                function_code
 .bss.new_data_received
                0x0000000020000280        0x1 ./Core/Src/main.o
                0x0000000020000280                new_data_received
 .bss.start     0x0000000020000281        0x1 ./Core/Src/main.o
                0x0000000020000281                start
 .bss.stopPinCounter
                0x0000000020000282        0x1 ./Core/Src/main.o
                0x0000000020000282                stopPinCounter
 *fill*         0x0000000020000283        0x1 
 .bss.min_pwm   0x0000000020000284        0x2 ./Core/Src/main.o
                0x0000000020000284                min_pwm
 *fill*         0x0000000020000286        0x2 
 .bss.value     0x0000000020000288        0x8 ./Core/Src/main.o
                0x0000000020000288                value
 .bss.number_of_bytes
                0x0000000020000290        0x1 ./Core/Src/main.o
                0x0000000020000290                number_of_bytes
 *fill*         0x0000000020000291        0x1 
 .bss.starting_address
                0x0000000020000292        0x2 ./Core/Src/main.o
                0x0000000020000292                starting_address
 .bss.pwm_value1
                0x0000000020000294        0x2 ./Core/Src/main.o
                0x0000000020000294                pwm_value1
 .bss.target_value1
                0x0000000020000296        0x2 ./Core/Src/main.o
                0x0000000020000296                target_value1
 .bss.pwm_value2
                0x0000000020000298        0x2 ./Core/Src/main.o
                0x0000000020000298                pwm_value2
 .bss.target_value2
                0x000000002000029a        0x2 ./Core/Src/main.o
                0x000000002000029a                target_value2
 .bss.counter_timer
                0x000000002000029c        0x4 ./Core/Src/main.o
                0x000000002000029c                counter_timer
 .bss.modbusDevices
                0x00000000200002a0      0xf00 ./Core/Src/main.o
                0x00000000200002a0                modbusDevices
 .bss.prev_pwm_value1.1
                0x00000000200011a0        0x4 ./Core/Src/main.o
 .bss.prev_pwm_value2.0
                0x00000000200011a4        0x4 ./Core/Src/main.o
 .bss.uwTick    0x00000000200011a8        0x4 ./Drivers/STM32F1xx_HAL_Driver/Src/stm32f1xx_hal.o
                0x00000000200011a8                uwTick
 .bss.cfgidx.0  0x00000000200011ac        0x1 ./Middlewares/ST/STM32_USB_Device_Library/Core/Src/usbd_ctlreq.o
 *fill*         0x00000000200011ad        0x3 
 .bss.hUsbDeviceFS
                0x00000000200011b0      0x2c4 ./USB_DEVICE/App/usb_device.o
                0x00000000200011b0                hUsbDeviceFS
 .bss.UserRxBufferFS
                0x0000000020001474      0x400 ./USB_DEVICE/App/usbd_cdc_if.o
                0x0000000020001474                UserRxBufferFS
 .bss.UserTxBufferFS
                0x0000000020001874      0x400 ./USB_DEVICE/App/usbd_cdc_if.o
                0x0000000020001874                UserTxBufferFS
 .bss.USBD_StrDesc
                0x0000000020001c74      0x200 ./USB_DEVICE/App/usbd_desc.o
                0x0000000020001c74                USBD_StrDesc
 .bss.hpcd_USB_FS
                0x0000000020001e74      0x2d8 ./USB_DEVICE/Target/usbd_conf.o
                0x0000000020001e74                hpcd_USB_FS
 .bss.mem.0     0x000000002000214c      0x220 ./USB_DEVICE/Target/usbd_conf.o
 *(COMMON)
                0x000000002000236c                . = ALIGN (0x4)
                0x000000002000236c                _ebss = .
                0x000000002000236c                __bss_end__ = _ebss

._user_heap_stack
                0x000000002000236c      0x604 load address 0x0000000008009a9c
                0x0000000020002370                . = ALIGN (0x8)
 *fill*         0x000000002000236c        0x4 
                [!provide]                        PROVIDE (end = .)
                0x0000000020002370                PROVIDE (_end = .)
                0x0000000020002570                . = (. + _Min_Heap_Size)
 *fill*         0x0000000020002370      0x200 
                0x0000000020002970                . = (. + _Min_Stack_Size)
 *fill*         0x0000000020002570      0x400 
                0x0000000020002970                . = ALIGN (0x8)

/DISCARD/
 libc.a(*)
 libm.a(*)
 libgcc.a(*)

.ARM.attributes
                0x0000000000000000       0x29
 *(.ARM.attributes)
 .ARM.attributes
                0x0000000000000000       0x1d C:/ST/STM32CubeIDE_1.14.0/STM32CubeIDE/plugins/com.st.stm32cube.ide.mcu.externaltools.gnu-tools-for-stm32.11.3.rel1.win32_1.1.100.202309141235/tools/bin/../lib/gcc/arm-none-eabi/11.3.1/thumb/v7-m/nofp/crti.o
 .ARM.attributes
                0x000000000000001d       0x2d C:/ST/STM32CubeIDE_1.14.0/STM32CubeIDE/plugins/com.st.stm32cube.ide.mcu.externaltools.gnu-tools-for-stm32.11.3.rel1.win32_1.1.100.202309141235/tools/bin/../lib/gcc/arm-none-eabi/11.3.1/thumb/v7-m/nofp/crtbegin.o
 .ARM.attributes
                0x000000000000004a       0x2d ./Core/Src/main.o
 .ARM.attributes
                0x0000000000000077       0x2d ./Core/Src/stm32f1xx_hal_msp.o
 .ARM.attributes
                0x00000000000000a4       0x2d ./Core/Src/stm32f1xx_it.o
 .ARM.attributes
                0x00000000000000d1       0x2d ./Core/Src/system_stm32f1xx.o
 .ARM.attributes
                0x00000000000000fe       0x21 ./Core/Startup/startup_stm32f103c8tx.o
 .ARM.attributes
                0x000000000000011f       0x2d ./Drivers/STM32F1xx_HAL_Driver/Src/stm32f1xx_hal.o
 .ARM.attributes
                0x000000000000014c       0x2d ./Drivers/STM32F1xx_HAL_Driver/Src/stm32f1xx_hal_cortex.o
 .ARM.attributes
                0x0000000000000179       0x2d ./Drivers/STM32F1xx_HAL_Driver/Src/stm32f1xx_hal_gpio.o
 .ARM.attributes
                0x00000000000001a6       0x2d ./Drivers/STM32F1xx_HAL_Driver/Src/stm32f1xx_hal_pcd.o
 .ARM.attributes
                0x00000000000001d3       0x2d ./Drivers/STM32F1xx_HAL_Driver/Src/stm32f1xx_hal_pcd_ex.o
 .ARM.attributes
                0x0000000000000200       0x2d ./Drivers/STM32F1xx_HAL_Driver/Src/stm32f1xx_hal_rcc.o
 .ARM.attributes
                0x000000000000022d       0x2d ./Drivers/STM32F1xx_HAL_Driver/Src/stm32f1xx_hal_rcc_ex.o
 .ARM.attributes
                0x000000000000025a       0x2d ./Drivers/STM32F1xx_HAL_Driver/Src/stm32f1xx_hal_tim.o
 .ARM.attributes
                0x0000000000000287       0x2d ./Drivers/STM32F1xx_HAL_Driver/Src/stm32f1xx_hal_tim_ex.o
 .ARM.attributes
                0x00000000000002b4       0x2d ./Drivers/STM32F1xx_HAL_Driver/Src/stm32f1xx_hal_uart.o
 .ARM.attributes
                0x00000000000002e1       0x2d ./Drivers/STM32F1xx_HAL_Driver/Src/stm32f1xx_ll_usb.o
 .ARM.attributes
                0x000000000000030e       0x2d ./Middlewares/ST/STM32_USB_Device_Library/Class/CDC/Src/usbd_cdc.o
 .ARM.attributes
                0x000000000000033b       0x2d ./Middlewares/ST/STM32_USB_Device_Library/Core/Src/usbd_core.o
 .ARM.attributes
                0x0000000000000368       0x2d ./Middlewares/ST/STM32_USB_Device_Library/Core/Src/usbd_ctlreq.o
 .ARM.attributes
                0x0000000000000395       0x2d ./Middlewares/ST/STM32_USB_Device_Library/Core/Src/usbd_ioreq.o
 .ARM.attributes
                0x00000000000003c2       0x2d ./USB_DEVICE/App/usb_device.o
 .ARM.attributes
                0x00000000000003ef       0x2d ./USB_DEVICE/App/usbd_cdc_if.o
 .ARM.attributes
                0x000000000000041c       0x2d ./USB_DEVICE/App/usbd_desc.o
 .ARM.attributes
                0x0000000000000449       0x2d ./USB_DEVICE/Target/usbd_conf.o
 .ARM.attributes
                0x0000000000000476       0x2d C:/ST/STM32CubeIDE_1.14.0/STM32CubeIDE/plugins/com.st.stm32cube.ide.mcu.externaltools.gnu-tools-for-stm32.11.3.rel1.win32_1.1.100.202309141235/tools/bin/../lib/gcc/arm-none-eabi/11.3.1/../../../../arm-none-eabi/lib/thumb/v7-m/nofp\libc_nano.a(libc_a-memset.o)
 .ARM.attributes
                0x00000000000004a3       0x2d C:/ST/STM32CubeIDE_1.14.0/STM32CubeIDE/plugins/com.st.stm32cube.ide.mcu.externaltools.gnu-tools-for-stm32.11.3.rel1.win32_1.1.100.202309141235/tools/bin/../lib/gcc/arm-none-eabi/11.3.1/../../../../arm-none-eabi/lib/thumb/v7-m/nofp\libc_nano.a(libc_a-init.o)
 .ARM.attributes
                0x00000000000004d0       0x1d C:/ST/STM32CubeIDE_1.14.0/STM32CubeIDE/plugins/com.st.stm32cube.ide.mcu.externaltools.gnu-tools-for-stm32.11.3.rel1.win32_1.1.100.202309141235/tools/bin/../lib/gcc/arm-none-eabi/11.3.1/thumb/v7-m/nofp/crtn.o
OUTPUT(MINI_STM_MAIN_ROBOCLOW.elf elf32-littlearm)
LOAD linker stubs
LOAD C:/ST/STM32CubeIDE_1.14.0/STM32CubeIDE/plugins/com.st.stm32cube.ide.mcu.externaltools.gnu-tools-for-stm32.11.3.rel1.win32_1.1.100.202309141235/tools/bin/../lib/gcc/arm-none-eabi/11.3.1/../../../../arm-none-eabi/lib/thumb/v7-m/nofp\libc.a
LOAD C:/ST/STM32CubeIDE_1.14.0/STM32CubeIDE/plugins/com.st.stm32cube.ide.mcu.externaltools.gnu-tools-for-stm32.11.3.rel1.win32_1.1.100.202309141235/tools/bin/../lib/gcc/arm-none-eabi/11.3.1/../../../../arm-none-eabi/lib/thumb/v7-m/nofp\libm.a
LOAD C:/ST/STM32CubeIDE_1.14.0/STM32CubeIDE/plugins/com.st.stm32cube.ide.mcu.externaltools.gnu-tools-for-stm32.11.3.rel1.win32_1.1.100.202309141235/tools/bin/../lib/gcc/arm-none-eabi/11.3.1/thumb/v7-m/nofp\libgcc.a

.comment        0x0000000000000000       0x43
 .comment       0x0000000000000000       0x43 C:/ST/STM32CubeIDE_1.14.0/STM32CubeIDE/plugins/com.st.stm32cube.ide.mcu.externaltools.gnu-tools-for-stm32.11.3.rel1.win32_1.1.100.202309141235/tools/bin/../lib/gcc/arm-none-eabi/11.3.1/thumb/v7-m/nofp/crtbegin.o
                                         0x44 (size before relaxing)
 .comment       0x0000000000000043       0x44 ./Core/Src/main.o
 .comment       0x0000000000000043       0x44 ./Core/Src/stm32f1xx_hal_msp.o
 .comment       0x0000000000000043       0x44 ./Core/Src/stm32f1xx_it.o
 .comment       0x0000000000000043       0x44 ./Core/Src/system_stm32f1xx.o
 .comment       0x0000000000000043       0x44 ./Drivers/STM32F1xx_HAL_Driver/Src/stm32f1xx_hal.o
 .comment       0x0000000000000043       0x44 ./Drivers/STM32F1xx_HAL_Driver/Src/stm32f1xx_hal_cortex.o
 .comment       0x0000000000000043       0x44 ./Drivers/STM32F1xx_HAL_Driver/Src/stm32f1xx_hal_gpio.o
 .comment       0x0000000000000043       0x44 ./Drivers/STM32F1xx_HAL_Driver/Src/stm32f1xx_hal_pcd.o
 .comment       0x0000000000000043       0x44 ./Drivers/STM32F1xx_HAL_Driver/Src/stm32f1xx_hal_pcd_ex.o
 .comment       0x0000000000000043       0x44 ./Drivers/STM32F1xx_HAL_Driver/Src/stm32f1xx_hal_rcc.o
 .comment       0x0000000000000043       0x44 ./Drivers/STM32F1xx_HAL_Driver/Src/stm32f1xx_hal_rcc_ex.o
 .comment       0x0000000000000043       0x44 ./Drivers/STM32F1xx_HAL_Driver/Src/stm32f1xx_hal_tim.o
 .comment       0x0000000000000043       0x44 ./Drivers/STM32F1xx_HAL_Driver/Src/stm32f1xx_hal_tim_ex.o
 .comment       0x0000000000000043       0x44 ./Drivers/STM32F1xx_HAL_Driver/Src/stm32f1xx_hal_uart.o
 .comment       0x0000000000000043       0x44 ./Drivers/STM32F1xx_HAL_Driver/Src/stm32f1xx_ll_usb.o
 .comment       0x0000000000000043       0x44 ./Middlewares/ST/STM32_USB_Device_Library/Class/CDC/Src/usbd_cdc.o
 .comment       0x0000000000000043       0x44 ./Middlewares/ST/STM32_USB_Device_Library/Core/Src/usbd_core.o
 .comment       0x0000000000000043       0x44 ./Middlewares/ST/STM32_USB_Device_Library/Core/Src/usbd_ctlreq.o
 .comment       0x0000000000000043       0x44 ./Middlewares/ST/STM32_USB_Device_Library/Core/Src/usbd_ioreq.o
 .comment       0x0000000000000043       0x44 ./USB_DEVICE/App/usb_device.o
 .comment       0x0000000000000043       0x44 ./USB_DEVICE/App/usbd_cdc_if.o
 .comment       0x0000000000000043       0x44 ./USB_DEVICE/App/usbd_desc.o
 .comment       0x0000000000000043       0x44 ./USB_DEVICE/Target/usbd_conf.o

.debug_info     0x0000000000000000    0x14e13
 .debug_info    0x0000000000000000     0x1816 ./Core/Src/main.o
 .debug_info    0x0000000000001816      0xdd4 ./Core/Src/stm32f1xx_hal_msp.o
 .debug_info    0x00000000000025ea      0xba1 ./Core/Src/stm32f1xx_it.o
 .debug_info    0x000000000000318b      0x222 ./Core/Src/system_stm32f1xx.o
 .debug_info    0x00000000000033ad       0x23 ./Core/Startup/startup_stm32f103c8tx.o
 .debug_info    0x00000000000033d0      0x704 ./Drivers/STM32F1xx_HAL_Driver/Src/stm32f1xx_hal.o
 .debug_info    0x0000000000003ad4      0xa87 ./Drivers/STM32F1xx_HAL_Driver/Src/stm32f1xx_hal_cortex.o
 .debug_info    0x000000000000455b      0x5ab ./Drivers/STM32F1xx_HAL_Driver/Src/stm32f1xx_hal_gpio.o
 .debug_info    0x0000000000004b06     0x16dc ./Drivers/STM32F1xx_HAL_Driver/Src/stm32f1xx_hal_pcd.o
 .debug_info    0x00000000000061e2      0x6c3 ./Drivers/STM32F1xx_HAL_Driver/Src/stm32f1xx_hal_pcd_ex.o
 .debug_info    0x00000000000068a5      0x7d5 ./Drivers/STM32F1xx_HAL_Driver/Src/stm32f1xx_hal_rcc.o
 .debug_info    0x000000000000707a      0x3c0 ./Drivers/STM32F1xx_HAL_Driver/Src/stm32f1xx_hal_rcc_ex.o
 .debug_info    0x000000000000743a     0x2959 ./Drivers/STM32F1xx_HAL_Driver/Src/stm32f1xx_hal_tim.o
 .debug_info    0x0000000000009d93     0x149b ./Drivers/STM32F1xx_HAL_Driver/Src/stm32f1xx_hal_tim_ex.o
 .debug_info    0x000000000000b22e     0x2eed ./Drivers/STM32F1xx_HAL_Driver/Src/stm32f1xx_hal_uart.o
 .debug_info    0x000000000000e11b     0x17ae ./Drivers/STM32F1xx_HAL_Driver/Src/stm32f1xx_ll_usb.o
 .debug_info    0x000000000000f8c9     0x1043 ./Middlewares/ST/STM32_USB_Device_Library/Class/CDC/Src/usbd_cdc.o
 .debug_info    0x000000000001090c      0xa52 ./Middlewares/ST/STM32_USB_Device_Library/Core/Src/usbd_core.o
 .debug_info    0x000000000001135e      0x91c ./Middlewares/ST/STM32_USB_Device_Library/Core/Src/usbd_ctlreq.o
 .debug_info    0x0000000000011c7a      0x6a0 ./Middlewares/ST/STM32_USB_Device_Library/Core/Src/usbd_ioreq.o
 .debug_info    0x000000000001231a      0x63d ./USB_DEVICE/App/usb_device.o
 .debug_info    0x0000000000012957      0x80e ./USB_DEVICE/App/usbd_cdc_if.o
 .debug_info    0x0000000000013165      0x44a ./USB_DEVICE/App/usbd_desc.o
 .debug_info    0x00000000000135af     0x1864 ./USB_DEVICE/Target/usbd_conf.o

.debug_abbrev   0x0000000000000000     0x34b4
 .debug_abbrev  0x0000000000000000      0x3e9 ./Core/Src/main.o
 .debug_abbrev  0x00000000000003e9      0x1fa ./Core/Src/stm32f1xx_hal_msp.o
 .debug_abbrev  0x00000000000005e3      0x20e ./Core/Src/stm32f1xx_it.o
 .debug_abbrev  0x00000000000007f1      0x13f ./Core/Src/system_stm32f1xx.o
 .debug_abbrev  0x0000000000000930       0x12 ./Core/Startup/startup_stm32f103c8tx.o
 .debug_abbrev  0x0000000000000942      0x201 ./Drivers/STM32F1xx_HAL_Driver/Src/stm32f1xx_hal.o
 .debug_abbrev  0x0000000000000b43      0x2f8 ./Drivers/STM32F1xx_HAL_Driver/Src/stm32f1xx_hal_cortex.o
 .debug_abbrev  0x0000000000000e3b      0x1ca ./Drivers/STM32F1xx_HAL_Driver/Src/stm32f1xx_hal_gpio.o
 .debug_abbrev  0x0000000000001005      0x2d6 ./Drivers/STM32F1xx_HAL_Driver/Src/stm32f1xx_hal_pcd.o
 .debug_abbrev  0x00000000000012db      0x189 ./Drivers/STM32F1xx_HAL_Driver/Src/stm32f1xx_hal_pcd_ex.o
 .debug_abbrev  0x0000000000001464      0x2b3 ./Drivers/STM32F1xx_HAL_Driver/Src/stm32f1xx_hal_rcc.o
 .debug_abbrev  0x0000000000001717      0x188 ./Drivers/STM32F1xx_HAL_Driver/Src/stm32f1xx_hal_rcc_ex.o
 .debug_abbrev  0x000000000000189f      0x277 ./Drivers/STM32F1xx_HAL_Driver/Src/stm32f1xx_hal_tim.o
 .debug_abbrev  0x0000000000001b16      0x282 ./Drivers/STM32F1xx_HAL_Driver/Src/stm32f1xx_hal_tim_ex.o
 .debug_abbrev  0x0000000000001d98      0x2f8 ./Drivers/STM32F1xx_HAL_Driver/Src/stm32f1xx_hal_uart.o
 .debug_abbrev  0x0000000000002090      0x1de ./Drivers/STM32F1xx_HAL_Driver/Src/stm32f1xx_ll_usb.o
 .debug_abbrev  0x000000000000226e      0x2d3 ./Middlewares/ST/STM32_USB_Device_Library/Class/CDC/Src/usbd_cdc.o
 .debug_abbrev  0x0000000000002541      0x24a ./Middlewares/ST/STM32_USB_Device_Library/Core/Src/usbd_core.o
 .debug_abbrev  0x000000000000278b      0x26b ./Middlewares/ST/STM32_USB_Device_Library/Core/Src/usbd_ctlreq.o
 .debug_abbrev  0x00000000000029f6      0x192 ./Middlewares/ST/STM32_USB_Device_Library/Core/Src/usbd_ioreq.o
 .debug_abbrev  0x0000000000002b88      0x18d ./USB_DEVICE/App/usb_device.o
 .debug_abbrev  0x0000000000002d15      0x28a ./USB_DEVICE/App/usbd_cdc_if.o
 .debug_abbrev  0x0000000000002f9f      0x1ff ./USB_DEVICE/App/usbd_desc.o
 .debug_abbrev  0x000000000000319e      0x316 ./USB_DEVICE/Target/usbd_conf.o

.debug_aranges  0x0000000000000000     0x12c0
 .debug_aranges
                0x0000000000000000      0x108 ./Core/Src/main.o
 .debug_aranges
                0x0000000000000108       0x58 ./Core/Src/stm32f1xx_hal_msp.o
 .debug_aranges
                0x0000000000000160       0x70 ./Core/Src/stm32f1xx_it.o
 .debug_aranges
                0x00000000000001d0       0x28 ./Core/Src/system_stm32f1xx.o
 .debug_aranges
                0x00000000000001f8       0x28 ./Core/Startup/startup_stm32f103c8tx.o
 .debug_aranges
                0x0000000000000220       0xe0 ./Drivers/STM32F1xx_HAL_Driver/Src/stm32f1xx_hal.o
 .debug_aranges
                0x0000000000000300      0x100 ./Drivers/STM32F1xx_HAL_Driver/Src/stm32f1xx_hal_cortex.o
 .debug_aranges
                0x0000000000000400       0x58 ./Drivers/STM32F1xx_HAL_Driver/Src/stm32f1xx_hal_gpio.o
 .debug_aranges
                0x0000000000000458      0x140 ./Drivers/STM32F1xx_HAL_Driver/Src/stm32f1xx_hal_pcd.o
 .debug_aranges
                0x0000000000000598       0x38 ./Drivers/STM32F1xx_HAL_Driver/Src/stm32f1xx_hal_pcd_ex.o
 .debug_aranges
                0x00000000000005d0       0x90 ./Drivers/STM32F1xx_HAL_Driver/Src/stm32f1xx_hal_rcc.o
 .debug_aranges
                0x0000000000000660       0x30 ./Drivers/STM32F1xx_HAL_Driver/Src/stm32f1xx_hal_rcc_ex.o
 .debug_aranges
                0x0000000000000690      0x3d0 ./Drivers/STM32F1xx_HAL_Driver/Src/stm32f1xx_hal_tim.o
 .debug_aranges
                0x0000000000000a60      0x168 ./Drivers/STM32F1xx_HAL_Driver/Src/stm32f1xx_hal_tim_ex.o
 .debug_aranges
                0x0000000000000bc8      0x208 ./Drivers/STM32F1xx_HAL_Driver/Src/stm32f1xx_hal_uart.o
 .debug_aranges
                0x0000000000000dd0       0xf8 ./Drivers/STM32F1xx_HAL_Driver/Src/stm32f1xx_ll_usb.o
 .debug_aranges
                0x0000000000000ec8       0x90 ./Middlewares/ST/STM32_USB_Device_Library/Class/CDC/Src/usbd_cdc.o
 .debug_aranges
                0x0000000000000f58       0xb8 ./Middlewares/ST/STM32_USB_Device_Library/Core/Src/usbd_core.o
 .debug_aranges
                0x0000000000001010       0x88 ./Middlewares/ST/STM32_USB_Device_Library/Core/Src/usbd_ctlreq.o
 .debug_aranges
                0x0000000000001098       0x50 ./Middlewares/ST/STM32_USB_Device_Library/Core/Src/usbd_ioreq.o
 .debug_aranges
                0x00000000000010e8       0x20 ./USB_DEVICE/App/usb_device.o
 .debug_aranges
                0x0000000000001108       0x40 ./USB_DEVICE/App/usbd_cdc_if.o
 .debug_aranges
                0x0000000000001148       0x60 ./USB_DEVICE/App/usbd_desc.o
 .debug_aranges
                0x00000000000011a8      0x118 ./USB_DEVICE/Target/usbd_conf.o

.debug_rnglists
                0x0000000000000000      0xe69
 .debug_rnglists
                0x0000000000000000       0xcb ./Core/Src/main.o
 .debug_rnglists
                0x00000000000000cb       0x3e ./Core/Src/stm32f1xx_hal_msp.o
 .debug_rnglists
                0x0000000000000109       0x4f ./Core/Src/stm32f1xx_it.o
 .debug_rnglists
                0x0000000000000158       0x1a ./Core/Src/system_stm32f1xx.o
 .debug_rnglists
                0x0000000000000172       0x19 ./Core/Startup/startup_stm32f103c8tx.o
 .debug_rnglists
                0x000000000000018b       0xa3 ./Drivers/STM32F1xx_HAL_Driver/Src/stm32f1xx_hal.o
 .debug_rnglists
                0x000000000000022e       0xbb ./Drivers/STM32F1xx_HAL_Driver/Src/stm32f1xx_hal_cortex.o
 .debug_rnglists
                0x00000000000002e9       0x3f ./Drivers/STM32F1xx_HAL_Driver/Src/stm32f1xx_hal_gpio.o
 .debug_rnglists
                0x0000000000000328       0xf4 ./Drivers/STM32F1xx_HAL_Driver/Src/stm32f1xx_hal_pcd.o
 .debug_rnglists
                0x000000000000041c       0x26 ./Drivers/STM32F1xx_HAL_Driver/Src/stm32f1xx_hal_pcd_ex.o
 .debug_rnglists
                0x0000000000000442       0x6c ./Drivers/STM32F1xx_HAL_Driver/Src/stm32f1xx_hal_rcc.o
 .debug_rnglists
                0x00000000000004ae       0x21 ./Drivers/STM32F1xx_HAL_Driver/Src/stm32f1xx_hal_rcc_ex.o
 .debug_rnglists
                0x00000000000004cf      0x31a ./Drivers/STM32F1xx_HAL_Driver/Src/stm32f1xx_hal_tim.o
 .debug_rnglists
                0x00000000000007e9      0x125 ./Drivers/STM32F1xx_HAL_Driver/Src/stm32f1xx_hal_tim_ex.o
 .debug_rnglists
                0x000000000000090e      0x1bc ./Drivers/STM32F1xx_HAL_Driver/Src/stm32f1xx_hal_uart.o
 .debug_rnglists
                0x0000000000000aca       0xbd ./Drivers/STM32F1xx_HAL_Driver/Src/stm32f1xx_ll_usb.o
 .debug_rnglists
                0x0000000000000b87       0x6a ./Middlewares/ST/STM32_USB_Device_Library/Class/CDC/Src/usbd_cdc.o
 .debug_rnglists
                0x0000000000000bf1       0x89 ./Middlewares/ST/STM32_USB_Device_Library/Core/Src/usbd_core.o
 .debug_rnglists
                0x0000000000000c7a       0x68 ./Middlewares/ST/STM32_USB_Device_Library/Core/Src/usbd_ctlreq.o
 .debug_rnglists
                0x0000000000000ce2       0x37 ./Middlewares/ST/STM32_USB_Device_Library/Core/Src/usbd_ioreq.o
 .debug_rnglists
                0x0000000000000d19       0x13 ./USB_DEVICE/App/usb_device.o
 .debug_rnglists
                0x0000000000000d2c       0x2c ./USB_DEVICE/App/usbd_cdc_if.o
 .debug_rnglists
                0x0000000000000d58       0x43 ./USB_DEVICE/App/usbd_desc.o
 .debug_rnglists
                0x0000000000000d9b       0xce ./USB_DEVICE/Target/usbd_conf.o

.debug_macro    0x0000000000000000    0x1a463
 .debug_macro   0x0000000000000000      0x3d3 ./Core/Src/main.o
 .debug_macro   0x00000000000003d3      0xa9c ./Core/Src/main.o
 .debug_macro   0x0000000000000e6f      0x221 ./Core/Src/main.o
 .debug_macro   0x0000000000001090       0x2e ./Core/Src/main.o
 .debug_macro   0x00000000000010be       0x22 ./Core/Src/main.o
 .debug_macro   0x00000000000010e0       0x22 ./Core/Src/main.o
 .debug_macro   0x0000000000001102       0x8e ./Core/Src/main.o
 .debug_macro   0x0000000000001190       0x51 ./Core/Src/main.o
 .debug_macro   0x00000000000011e1      0x103 ./Core/Src/main.o
 .debug_macro   0x00000000000012e4       0x6a ./Core/Src/main.o
 .debug_macro   0x000000000000134e      0x1df ./Core/Src/main.o
 .debug_macro   0x000000000000152d       0x1c ./Core/Src/main.o
 .debug_macro   0x0000000000001549       0x22 ./Core/Src/main.o
 .debug_macro   0x000000000000156b       0xbd ./Core/Src/main.o
 .debug_macro   0x0000000000001628      0xd23 ./Core/Src/main.o
 .debug_macro   0x000000000000234b     0xe09e ./Core/Src/main.o
 .debug_macro   0x00000000000103e9       0x6d ./Core/Src/main.o
 .debug_macro   0x0000000000010456     0x34a2 ./Core/Src/main.o
 .debug_macro   0x00000000000138f8      0x174 ./Core/Src/main.o
 .debug_macro   0x0000000000013a6c       0x5c ./Core/Src/main.o
 .debug_macro   0x0000000000013ac8      0x5bc ./Core/Src/main.o
 .debug_macro   0x0000000000014084      0x289 ./Core/Src/main.o
 .debug_macro   0x000000000001430d      0x1cb ./Core/Src/main.o
 .debug_macro   0x00000000000144d8      0x114 ./Core/Src/main.o
 .debug_macro   0x00000000000145ec      0x1b2 ./Core/Src/main.o
 .debug_macro   0x000000000001479e       0x27 ./Core/Src/main.o
 .debug_macro   0x00000000000147c5      0x136 ./Core/Src/main.o
 .debug_macro   0x00000000000148fb      0x1bc ./Core/Src/main.o
 .debug_macro   0x0000000000014ab7       0x34 ./Core/Src/main.o
 .debug_macro   0x0000000000014aeb       0x3c ./Core/Src/main.o
 .debug_macro   0x0000000000014b27       0x57 ./Core/Src/main.o
 .debug_macro   0x0000000000014b7e       0x87 ./Core/Src/main.o
 .debug_macro   0x0000000000014c05      0x240 ./Core/Src/main.o
 .debug_macro   0x0000000000014e45      0x140 ./Core/Src/main.o
 .debug_macro   0x0000000000014f85      0x8ed ./Core/Src/main.o
 .debug_macro   0x0000000000015872      0x28e ./Core/Src/main.o
 .debug_macro   0x0000000000015b00       0xb7 ./Core/Src/main.o
 .debug_macro   0x0000000000015bb7      0x242 ./Core/Src/main.o
 .debug_macro   0x0000000000015df9       0x83 ./Core/Src/main.o
 .debug_macro   0x0000000000015e7c       0x10 ./Core/Src/main.o
 .debug_macro   0x0000000000015e8c       0x61 ./Core/Src/main.o
 .debug_macro   0x0000000000015eed       0x24 ./Core/Src/main.o
 .debug_macro   0x0000000000015f11       0x43 ./Core/Src/main.o
 .debug_macro   0x0000000000015f54       0x34 ./Core/Src/main.o
 .debug_macro   0x0000000000015f88       0x16 ./Core/Src/main.o
 .debug_macro   0x0000000000015f9e       0x35 ./Core/Src/main.o
 .debug_macro   0x0000000000015fd3      0x369 ./Core/Src/main.o
 .debug_macro   0x000000000001633c       0x10 ./Core/Src/main.o
 .debug_macro   0x000000000001634c       0x16 ./Core/Src/main.o
 .debug_macro   0x0000000000016362       0x43 ./Core/Src/main.o
 .debug_macro   0x00000000000163a5       0x34 ./Core/Src/main.o
 .debug_macro   0x00000000000163d9       0x10 ./Core/Src/main.o
 .debug_macro   0x00000000000163e9       0x58 ./Core/Src/main.o
 .debug_macro   0x0000000000016441       0x8e ./Core/Src/main.o
 .debug_macro   0x00000000000164cf       0x1c ./Core/Src/main.o
 .debug_macro   0x00000000000164eb      0x177 ./Core/Src/main.o
 .debug_macro   0x0000000000016662       0x16 ./Core/Src/main.o
 .debug_macro   0x0000000000016678       0x16 ./Core/Src/main.o
 .debug_macro   0x000000000001668e      0x147 ./Core/Src/main.o
 .debug_macro   0x00000000000167d5       0x16 ./Core/Src/main.o
 .debug_macro   0x00000000000167eb       0x16 ./Core/Src/main.o
 .debug_macro   0x0000000000016801       0x29 ./Core/Src/main.o
 .debug_macro   0x000000000001682a       0x16 ./Core/Src/main.o
 .debug_macro   0x0000000000016840       0x20 ./Core/Src/main.o
 .debug_macro   0x0000000000016860       0x5f ./Core/Src/main.o
 .debug_macro   0x00000000000168bf      0x1c8 ./Core/Src/main.o
 .debug_macro   0x0000000000016a87       0x8f ./Core/Src/main.o
 .debug_macro   0x0000000000016b16       0x10 ./Core/Src/main.o
 .debug_macro   0x0000000000016b26       0x22 ./Core/Src/main.o
 .debug_macro   0x0000000000016b48      0x1d6 ./Core/Src/stm32f1xx_hal_msp.o
 .debug_macro   0x0000000000016d1e      0x1e0 ./Core/Src/stm32f1xx_it.o
 .debug_macro   0x0000000000016efe      0x1c7 ./Core/Src/system_stm32f1xx.o
 .debug_macro   0x00000000000170c5      0x1eb ./Drivers/STM32F1xx_HAL_Driver/Src/stm32f1xx_hal.o
 .debug_macro   0x00000000000172b0      0x1c7 ./Drivers/STM32F1xx_HAL_Driver/Src/stm32f1xx_hal_cortex.o
 .debug_macro   0x0000000000017477      0x232 ./Drivers/STM32F1xx_HAL_Driver/Src/stm32f1xx_hal_gpio.o
 .debug_macro   0x00000000000176a9      0x1d3 ./Drivers/STM32F1xx_HAL_Driver/Src/stm32f1xx_hal_pcd.o
 .debug_macro   0x000000000001787c      0x1c7 ./Drivers/STM32F1xx_HAL_Driver/Src/stm32f1xx_hal_pcd_ex.o
 .debug_macro   0x0000000000017a43      0x1d9 ./Drivers/STM32F1xx_HAL_Driver/Src/stm32f1xx_hal_rcc.o
 .debug_macro   0x0000000000017c1c      0x1c7 ./Drivers/STM32F1xx_HAL_Driver/Src/stm32f1xx_hal_rcc_ex.o
 .debug_macro   0x0000000000017de3      0x1c8 ./Drivers/STM32F1xx_HAL_Driver/Src/stm32f1xx_hal_tim.o
 .debug_macro   0x0000000000017fab      0x1c7 ./Drivers/STM32F1xx_HAL_Driver/Src/stm32f1xx_hal_tim_ex.o
 .debug_macro   0x0000000000018172      0x1c8 ./Drivers/STM32F1xx_HAL_Driver/Src/stm32f1xx_hal_uart.o
 .debug_macro   0x000000000001833a      0x1c7 ./Drivers/STM32F1xx_HAL_Driver/Src/stm32f1xx_ll_usb.o
 .debug_macro   0x0000000000018501      0x365 ./Middlewares/ST/STM32_USB_Device_Library/Class/CDC/Src/usbd_cdc.o
 .debug_macro   0x0000000000018866       0x97 ./Middlewares/ST/STM32_USB_Device_Library/Class/CDC/Src/usbd_cdc.o
 .debug_macro   0x00000000000188fd       0xfd ./Middlewares/ST/STM32_USB_Device_Library/Class/CDC/Src/usbd_cdc.o
 .debug_macro   0x00000000000189fa       0x56 ./Middlewares/ST/STM32_USB_Device_Library/Class/CDC/Src/usbd_cdc.o
 .debug_macro   0x0000000000018a50      0x34c ./Middlewares/ST/STM32_USB_Device_Library/Core/Src/usbd_core.o
 .debug_macro   0x0000000000018d9c      0x1ce ./Middlewares/ST/STM32_USB_Device_Library/Core/Src/usbd_core.o
 .debug_macro   0x0000000000018f6a      0x356 ./Middlewares/ST/STM32_USB_Device_Library/Core/Src/usbd_ctlreq.o
 .debug_macro   0x00000000000192c0      0x352 ./Middlewares/ST/STM32_USB_Device_Library/Core/Src/usbd_ioreq.o
 .debug_macro   0x0000000000019612      0x385 ./USB_DEVICE/App/usb_device.o
 .debug_macro   0x0000000000019997       0x16 ./USB_DEVICE/App/usb_device.o
 .debug_macro   0x00000000000199ad       0x22 ./USB_DEVICE/App/usb_device.o
 .debug_macro   0x00000000000199cf       0x16 ./USB_DEVICE/App/usb_device.o
 .debug_macro   0x00000000000199e5      0x370 ./USB_DEVICE/App/usbd_cdc_if.o
 .debug_macro   0x0000000000019d55      0x389 ./USB_DEVICE/App/usbd_desc.o
 .debug_macro   0x000000000001a0de       0x1c ./USB_DEVICE/App/usbd_desc.o
 .debug_macro   0x000000000001a0fa      0x369 ./USB_DEVICE/Target/usbd_conf.o

.debug_line     0x0000000000000000    0x1696d
 .debug_line    0x0000000000000000     0x1280 ./Core/Src/main.o
 .debug_line    0x0000000000001280      0x83e ./Core/Src/stm32f1xx_hal_msp.o
 .debug_line    0x0000000000001abe      0x83f ./Core/Src/stm32f1xx_it.o
 .debug_line    0x00000000000022fd      0x7ca ./Core/Src/system_stm32f1xx.o
 .debug_line    0x0000000000002ac7       0x78 ./Core/Startup/startup_stm32f103c8tx.o
 .debug_line    0x0000000000002b3f      0x9f7 ./Drivers/STM32F1xx_HAL_Driver/Src/stm32f1xx_hal.o
 .debug_line    0x0000000000003536      0xbdf ./Drivers/STM32F1xx_HAL_Driver/Src/stm32f1xx_hal_cortex.o
 .debug_line    0x0000000000004115      0xa90 ./Drivers/STM32F1xx_HAL_Driver/Src/stm32f1xx_hal_gpio.o
 .debug_line    0x0000000000004ba5     0x141f ./Drivers/STM32F1xx_HAL_Driver/Src/stm32f1xx_hal_pcd.o
 .debug_line    0x0000000000005fc4      0x7c5 ./Drivers/STM32F1xx_HAL_Driver/Src/stm32f1xx_hal_pcd_ex.o
 .debug_line    0x0000000000006789      0xe00 ./Drivers/STM32F1xx_HAL_Driver/Src/stm32f1xx_hal_rcc.o
 .debug_line    0x0000000000007589      0x93b ./Drivers/STM32F1xx_HAL_Driver/Src/stm32f1xx_hal_rcc_ex.o
 .debug_line    0x0000000000007ec4     0x34fe ./Drivers/STM32F1xx_HAL_Driver/Src/stm32f1xx_hal_tim.o
 .debug_line    0x000000000000b3c2     0x1946 ./Drivers/STM32F1xx_HAL_Driver/Src/stm32f1xx_hal_tim_ex.o
 .debug_line    0x000000000000cd08     0x28bb ./Drivers/STM32F1xx_HAL_Driver/Src/stm32f1xx_hal_uart.o
 .debug_line    0x000000000000f5c3     0x10ac ./Drivers/STM32F1xx_HAL_Driver/Src/stm32f1xx_ll_usb.o
 .debug_line    0x000000000001066f      0xd4f ./Middlewares/ST/STM32_USB_Device_Library/Class/CDC/Src/usbd_cdc.o
 .debug_line    0x00000000000113be      0xdcb ./Middlewares/ST/STM32_USB_Device_Library/Core/Src/usbd_core.o
 .debug_line    0x0000000000012189     0x1008 ./Middlewares/ST/STM32_USB_Device_Library/Core/Src/usbd_ctlreq.o
 .debug_line    0x0000000000013191      0xa61 ./Middlewares/ST/STM32_USB_Device_Library/Core/Src/usbd_ioreq.o
 .debug_line    0x0000000000013bf2      0xa21 ./USB_DEVICE/App/usb_device.o
 .debug_line    0x0000000000014613      0xa6a ./USB_DEVICE/App/usbd_cdc_if.o
 .debug_line    0x000000000001507d      0xaea ./USB_DEVICE/App/usbd_desc.o
 .debug_line    0x0000000000015b67      0xe06 ./USB_DEVICE/Target/usbd_conf.o

.debug_str      0x0000000000000000    0x8f479
 .debug_str     0x0000000000000000    0x8b1e0 ./Core/Src/main.o
                                      0x8b6c1 (size before relaxing)
 .debug_str     0x000000000008b1e0      0x3ac ./Core/Src/stm32f1xx_hal_msp.o
                                      0x86ba0 (size before relaxing)
 .debug_str     0x000000000008b58c      0x3fb ./Core/Src/stm32f1xx_it.o
                                      0x86922 (size before relaxing)
 .debug_str     0x000000000008b987       0x7e ./Core/Src/system_stm32f1xx.o
                                      0x860a2 (size before relaxing)
 .debug_str     0x000000000008ba05       0x79 ./Core/Startup/startup_stm32f103c8tx.o
 .debug_str     0x000000000008ba7e      0x378 ./Drivers/STM32F1xx_HAL_Driver/Src/stm32f1xx_hal.o
                                      0x867d5 (size before relaxing)
 .debug_str     0x000000000008bdf6      0x262 ./Drivers/STM32F1xx_HAL_Driver/Src/stm32f1xx_hal_cortex.o
                                      0x86721 (size before relaxing)
 .debug_str     0x000000000008c058      0x2e7 ./Drivers/STM32F1xx_HAL_Driver/Src/stm32f1xx_hal_gpio.o
                                      0x86428 (size before relaxing)
 .debug_str     0x000000000008c33f      0x5bd ./Drivers/STM32F1xx_HAL_Driver/Src/stm32f1xx_hal_pcd.o
                                      0x869bf (size before relaxing)
 .debug_str     0x000000000008c8fc      0x170 ./Drivers/STM32F1xx_HAL_Driver/Src/stm32f1xx_hal_pcd_ex.o
                                      0x86521 (size before relaxing)
 .debug_str     0x000000000008ca6c      0x229 ./Drivers/STM32F1xx_HAL_Driver/Src/stm32f1xx_hal_rcc.o
                                      0x864d1 (size before relaxing)
 .debug_str     0x000000000008cc95       0x9f ./Drivers/STM32F1xx_HAL_Driver/Src/stm32f1xx_hal_rcc_ex.o
                                      0x86221 (size before relaxing)
 .debug_str     0x000000000008cd34      0xd40 ./Drivers/STM32F1xx_HAL_Driver/Src/stm32f1xx_hal_tim.o
                                      0x874d3 (size before relaxing)
 .debug_str     0x000000000008da74      0x493 ./Drivers/STM32F1xx_HAL_Driver/Src/stm32f1xx_hal_tim_ex.o
                                      0x86cdf (size before relaxing)
 .debug_str     0x000000000008df07      0x61f ./Drivers/STM32F1xx_HAL_Driver/Src/stm32f1xx_hal_uart.o
                                      0x86b42 (size before relaxing)
 .debug_str     0x000000000008e526      0x129 ./Drivers/STM32F1xx_HAL_Driver/Src/stm32f1xx_ll_usb.o